../Drivers/STM32L5xx_HAL_Driver/Src/stm32l5xx_hal_dma.c:1270:13:DMA_SetConfig	16	static
../Drivers/STM32L5xx_HAL_Driver/Src/stm32l5xx_hal_dma.c:1313:13:DMA_CalcDMAMUXChannelBaseAndMask	0	static
../Drivers/STM32L5xx_HAL_Driver/Src/stm32l5xx_hal_dma.c:151:19:HAL_DMA_Init	16	static
../Drivers/STM32L5xx_HAL_Driver/Src/stm32l5xx_hal_dma.c:263:19:HAL_DMA_DeInit	16	static
../Drivers/STM32L5xx_HAL_Driver/Src/stm32l5xx_hal_dma.c:380:19:HAL_DMA_Start	16	static
../Drivers/STM32L5xx_HAL_Driver/Src/stm32l5xx_hal_dma.c:423:19:HAL_DMA_Start_IT	16	static
../Drivers/STM32L5xx_HAL_Driver/Src/stm32l5xx_hal_dma.c:492:19:HAL_DMA_Abort	0	static
../Drivers/STM32L5xx_HAL_Driver/Src/stm32l5xx_hal_dma.c:549:19:HAL_DMA_Abort_IT	8	static
../Drivers/STM32L5xx_HAL_Driver/Src/stm32l5xx_hal_dma.c:610:19:HAL_DMA_PollForTransfer	32	static
../Drivers/STM32L5xx_HAL_Driver/Src/stm32l5xx_hal_dma.c:738:6:HAL_DMA_IRQHandler	16	static
../Drivers/STM32L5xx_HAL_Driver/Src/stm32l5xx_hal_dma.c:886:19:HAL_DMA_RegisterCallback	8	static
../Drivers/STM32L5xx_HAL_Driver/Src/stm32l5xx_hal_dma.c:945:19:HAL_DMA_UnRegisterCallback	8	static
../Drivers/STM32L5xx_HAL_Driver/Src/stm32l5xx_hal_dma.c:1033:22:HAL_DMA_GetState	0	static
../Drivers/STM32L5xx_HAL_Driver/Src/stm32l5xx_hal_dma.c:1045:10:HAL_DMA_GetError	0	static
../Drivers/STM32L5xx_HAL_Driver/Src/stm32l5xx_hal_dma.c:1087:19:HAL_DMA_ConfigChannelAttributes	0	static
../Drivers/STM32L5xx_HAL_Driver/Src/stm32l5xx_hal_dma.c:1217:19:HAL_DMA_GetConfigChannelAttributes	0	static
