../Drivers/STM32L5xx_HAL_Driver/Src/stm32l5xx_hal_tim_ex.c:2797:13:TIM_CCxNChannelCmd	8	static
../Drivers/STM32L5xx_HAL_Driver/Src/stm32l5xx_hal_tim_ex.c:2752:13:TIM_DMAErrorCCxN	8	static
../Drivers/STM32L5xx_HAL_Driver/Src/stm32l5xx_hal_tim_ex.c:2702:13:TIM_DMADelayPulseNCplt	8	static
../Drivers/STM32L5xx_HAL_Driver/Src/stm32l5xx_hal_tim_ex.c:297:13:HAL_TIMEx_HallSensor_MspInit	0	static
../Drivers/STM32L5xx_HAL_Driver/Src/stm32l5xx_hal_tim_ex.c:150:19:HAL_TIMEx_HallSensor_Init	48	static
../Drivers/STM32L5xx_HAL_Driver/Src/stm32l5xx_hal_tim_ex.c:312:13:HAL_TIMEx_HallSensor_MspDeInit	0	static
../Drivers/STM32L5xx_HAL_Driver/Src/stm32l5xx_hal_tim_ex.c:252:19:HAL_TIMEx_HallSensor_DeInit	8	static
../Drivers/STM32L5xx_HAL_Driver/Src/stm32l5xx_hal_tim_ex.c:327:19:HAL_TIMEx_HallSensor_Start	16	static
../Drivers/STM32L5xx_HAL_Driver/Src/stm32l5xx_hal_tim_ex.c:381:19:HAL_TIMEx_HallSensor_Stop	8	static
../Drivers/STM32L5xx_HAL_Driver/Src/stm32l5xx_hal_tim_ex.c:409:19:HAL_TIMEx_HallSensor_Start_IT	16	static
../Drivers/STM32L5xx_HAL_Driver/Src/stm32l5xx_hal_tim_ex.c:466:19:HAL_TIMEx_HallSensor_Stop_IT	8	static
../Drivers/STM32L5xx_HAL_Driver/Src/stm32l5xx_hal_tim_ex.c:499:19:HAL_TIMEx_HallSensor_Start_DMA	24	static
../Drivers/STM32L5xx_HAL_Driver/Src/stm32l5xx_hal_tim_ex.c:575:19:HAL_TIMEx_HallSensor_Stop_DMA	8	static
../Drivers/STM32L5xx_HAL_Driver/Src/stm32l5xx_hal_tim_ex.c:637:19:HAL_TIMEx_OCN_Start	8	static
../Drivers/STM32L5xx_HAL_Driver/Src/stm32l5xx_hal_tim_ex.c:688:19:HAL_TIMEx_OCN_Stop	16	static
../Drivers/STM32L5xx_HAL_Driver/Src/stm32l5xx_hal_tim_ex.c:720:19:HAL_TIMEx_OCN_Start_IT	8	static
../Drivers/STM32L5xx_HAL_Driver/Src/stm32l5xx_hal_tim_ex.c:807:19:HAL_TIMEx_OCN_Stop_IT	16	static
../Drivers/STM32L5xx_HAL_Driver/Src/stm32l5xx_hal_tim_ex.c:882:19:HAL_TIMEx_OCN_Start_DMA	16	static
../Drivers/STM32L5xx_HAL_Driver/Src/stm32l5xx_hal_tim_ex.c:1020:19:HAL_TIMEx_OCN_Stop_DMA	16	static
../Drivers/STM32L5xx_HAL_Driver/Src/stm32l5xx_hal_tim_ex.c:1110:19:HAL_TIMEx_PWMN_Start	0	static
../Drivers/STM32L5xx_HAL_Driver/Src/stm32l5xx_hal_tim_ex.c:1160:19:HAL_TIMEx_PWMN_Stop	0	static
../Drivers/STM32L5xx_HAL_Driver/Src/stm32l5xx_hal_tim_ex.c:1192:19:HAL_TIMEx_PWMN_Start_IT	0	static
../Drivers/STM32L5xx_HAL_Driver/Src/stm32l5xx_hal_tim_ex.c:1278:19:HAL_TIMEx_PWMN_Stop_IT	0	static
../Drivers/STM32L5xx_HAL_Driver/Src/stm32l5xx_hal_tim_ex.c:1353:19:HAL_TIMEx_PWMN_Start_DMA	0	static
../Drivers/STM32L5xx_HAL_Driver/Src/stm32l5xx_hal_tim_ex.c:1491:19:HAL_TIMEx_PWMN_Stop_DMA	0	static
../Drivers/STM32L5xx_HAL_Driver/Src/stm32l5xx_hal_tim_ex.c:1582:19:HAL_TIMEx_OnePulseN_Start	24	static
../Drivers/STM32L5xx_HAL_Driver/Src/stm32l5xx_hal_tim_ex.c:1631:19:HAL_TIMEx_OnePulseN_Stop	16	static
../Drivers/STM32L5xx_HAL_Driver/Src/stm32l5xx_hal_tim_ex.c:1670:19:HAL_TIMEx_OnePulseN_Start_IT	24	static
../Drivers/STM32L5xx_HAL_Driver/Src/stm32l5xx_hal_tim_ex.c:1725:19:HAL_TIMEx_OnePulseN_Stop_IT	16	static
../Drivers/STM32L5xx_HAL_Driver/Src/stm32l5xx_hal_tim_ex.c:1805:19:HAL_TIMEx_ConfigCommutEvent	8	static
../Drivers/STM32L5xx_HAL_Driver/Src/stm32l5xx_hal_tim_ex.c:1861:19:HAL_TIMEx_ConfigCommutEvent_IT	8	static
../Drivers/STM32L5xx_HAL_Driver/Src/stm32l5xx_hal_tim_ex.c:1918:19:HAL_TIMEx_ConfigCommutEvent_DMA	8	static
../Drivers/STM32L5xx_HAL_Driver/Src/stm32l5xx_hal_tim_ex.c:1967:19:HAL_TIMEx_MasterConfigSynchronization	16	static
../Drivers/STM32L5xx_HAL_Driver/Src/stm32l5xx_hal_tim_ex.c:2040:19:HAL_TIMEx_ConfigBreakDeadTime	8	static
../Drivers/STM32L5xx_HAL_Driver/Src/stm32l5xx_hal_tim_ex.c:2108:19:HAL_TIMEx_ConfigBreakInput	20	static
../Drivers/STM32L5xx_HAL_Driver/Src/stm32l5xx_hal_tim_ex.c:2317:19:HAL_TIMEx_RemapConfig	8	static
../Drivers/STM32L5xx_HAL_Driver/Src/stm32l5xx_hal_tim_ex.c:2361:19:HAL_TIMEx_GroupChannel5	0	static
../Drivers/STM32L5xx_HAL_Driver/Src/stm32l5xx_hal_tim_ex.c:2399:19:HAL_TIMEx_DisarmBreakInput	0	static
../Drivers/STM32L5xx_HAL_Driver/Src/stm32l5xx_hal_tim_ex.c:2453:19:HAL_TIMEx_ReArmBreakInput	16	static
../Drivers/STM32L5xx_HAL_Driver/Src/stm32l5xx_hal_tim_ex.c:2542:13:HAL_TIMEx_CommutCallback	0	static
../Drivers/STM32L5xx_HAL_Driver/Src/stm32l5xx_hal_tim_ex.c:2663:6:TIMEx_DMACommutationCplt	8	static
../Drivers/STM32L5xx_HAL_Driver/Src/stm32l5xx_hal_tim_ex.c:2556:13:HAL_TIMEx_CommutHalfCpltCallback	0	static
../Drivers/STM32L5xx_HAL_Driver/Src/stm32l5xx_hal_tim_ex.c:2682:6:TIMEx_DMACommutationHalfCplt	8	static
../Drivers/STM32L5xx_HAL_Driver/Src/stm32l5xx_hal_tim_ex.c:2571:13:HAL_TIMEx_BreakCallback	0	static
../Drivers/STM32L5xx_HAL_Driver/Src/stm32l5xx_hal_tim_ex.c:2586:13:HAL_TIMEx_Break2Callback	0	static
../Drivers/STM32L5xx_HAL_Driver/Src/stm32l5xx_hal_tim_ex.c:2619:22:HAL_TIMEx_HallSensor_GetState	0	static
../Drivers/STM32L5xx_HAL_Driver/Src/stm32l5xx_hal_tim_ex.c:2634:29:HAL_TIMEx_GetChannelNState	0	static
