../Drivers/STM32L5xx_HAL_Driver/Src/stm32l5xx_hal_rcc.c:1936:26:RCC_SetFlashLatencyFromMSIRange	24	static
../Drivers/STM32L5xx_HAL_Driver/Src/stm32l5xx_hal_rcc.c:240:19:HAL_RCC_DeInit	32	static
../Drivers/STM32L5xx_HAL_Driver/Src/stm32l5xx_hal_rcc.c:1377:6:HAL_RCC_MCOConfig	40	static
../Drivers/STM32L5xx_HAL_Driver/Src/stm32l5xx_hal_rcc.c:1435:10:HAL_RCC_GetSysClockFreq	0	static
../Drivers/STM32L5xx_HAL_Driver/Src/stm32l5xx_hal_rcc.c:1522:10:HAL_RCC_GetHCLKFreq	8	static
../Drivers/STM32L5xx_HAL_Driver/Src/stm32l5xx_hal_rcc.c:429:19:HAL_RCC_OscConfig	32	static
../Drivers/STM32L5xx_HAL_Driver/Src/stm32l5xx_hal_rcc.c:1138:19:HAL_RCC_ClockConfig	32	static
../Drivers/STM32L5xx_HAL_Driver/Src/stm32l5xx_hal_rcc.c:1533:10:HAL_RCC_GetPCLK1Freq	8	static
../Drivers/STM32L5xx_HAL_Driver/Src/stm32l5xx_hal_rcc.c:1545:10:HAL_RCC_GetPCLK2Freq	8	static
../Drivers/STM32L5xx_HAL_Driver/Src/stm32l5xx_hal_rcc.c:1558:6:HAL_RCC_GetOscConfig	0	static
../Drivers/STM32L5xx_HAL_Driver/Src/stm32l5xx_hal_rcc.c:1694:6:HAL_RCC_GetClockConfig	0	static
../Drivers/STM32L5xx_HAL_Driver/Src/stm32l5xx_hal_rcc.c:1729:6:HAL_RCC_EnableCSS	0	static
../Drivers/STM32L5xx_HAL_Driver/Src/stm32l5xx_hal_rcc.c:1756:13:HAL_RCC_CSSCallback	0	static
../Drivers/STM32L5xx_HAL_Driver/Src/stm32l5xx_hal_rcc.c:1739:6:HAL_RCC_NMI_IRQHandler	8	static
../Drivers/STM32L5xx_HAL_Driver/Src/stm32l5xx_hal_rcc.c:1769:10:HAL_RCC_GetResetSource	0	static
../Drivers/STM32L5xx_HAL_Driver/Src/stm32l5xx_hal_rcc.c:1814:6:HAL_RCC_ConfigAttributes	0	static
../Drivers/STM32L5xx_HAL_Driver/Src/stm32l5xx_hal_rcc.c:1868:19:HAL_RCC_GetConfigAttributes	0	static
