../Drivers/STM32L5xx_HAL_Driver/Src/stm32l5xx_hal_pwr.c:85:6:HAL_PWR_DeInit	0	static
../Drivers/STM32L5xx_HAL_Driver/Src/stm32l5xx_hal_pwr.c:103:6:HAL_PWR_EnableBkUpAccess	0	static
../Drivers/STM32L5xx_HAL_Driver/Src/stm32l5xx_hal_pwr.c:113:6:HAL_PWR_DisableBkUpAccess	0	static
../Drivers/STM32L5xx_HAL_Driver/Src/stm32l5xx_hal_pwr.c:310:19:HAL_PWR_ConfigPVD	0	static
../Drivers/STM32L5xx_HAL_Driver/Src/stm32l5xx_hal_pwr.c:356:6:HAL_PWR_EnablePVD	0	static
../Drivers/STM32L5xx_HAL_Driver/Src/stm32l5xx_hal_pwr.c:365:6:HAL_PWR_DisablePVD	0	static
../Drivers/STM32L5xx_HAL_Driver/Src/stm32l5xx_hal_pwr.c:390:6:HAL_PWR_EnableWakeUpPin	0	static
../Drivers/STM32L5xx_HAL_Driver/Src/stm32l5xx_hal_pwr.c:411:6:HAL_PWR_DisableWakeUpPin	0	static
../Drivers/STM32L5xx_HAL_Driver/Src/stm32l5xx_hal_pwr.c:443:6:HAL_PWR_EnterSLEEPMode	8	static,ignoring_inline_asm
../Drivers/STM32L5xx_HAL_Driver/Src/stm32l5xx_hal_pwr.c:522:6:HAL_PWR_EnterSTOPMode	0	static
../Drivers/STM32L5xx_HAL_Driver/Src/stm32l5xx_hal_pwr.c:555:6:HAL_PWR_EnterSTANDBYMode	0	static,ignoring_inline_asm
../Drivers/STM32L5xx_HAL_Driver/Src/stm32l5xx_hal_pwr.c:577:6:HAL_PWR_EnableSleepOnExit	0	static
../Drivers/STM32L5xx_HAL_Driver/Src/stm32l5xx_hal_pwr.c:590:6:HAL_PWR_DisableSleepOnExit	0	static
../Drivers/STM32L5xx_HAL_Driver/Src/stm32l5xx_hal_pwr.c:604:6:HAL_PWR_EnableSEVOnPend	0	static
../Drivers/STM32L5xx_HAL_Driver/Src/stm32l5xx_hal_pwr.c:617:6:HAL_PWR_DisableSEVOnPend	0	static
../Drivers/STM32L5xx_HAL_Driver/Src/stm32l5xx_hal_pwr.c:631:13:HAL_PWR_PVDCallback	0	static
../Drivers/STM32L5xx_HAL_Driver/Src/stm32l5xx_hal_pwr.c:670:6:HAL_PWR_ConfigAttributes	0	static
../Drivers/STM32L5xx_HAL_Driver/Src/stm32l5xx_hal_pwr.c:725:19:HAL_PWR_GetConfigAttributes	0	static
