../Drivers/STM32L5xx_HAL_Driver/Src/stm32l5xx_hal_gpio.c:159:6:HAL_GPIO_Init	36	static
../Drivers/STM32L5xx_HAL_Driver/Src/stm32l5xx_hal_gpio.c:286:6:HAL_GPIO_DeInit	36	static
../Drivers/STM32L5xx_HAL_Driver/Src/stm32l5xx_hal_gpio.c:367:15:HAL_GPIO_ReadPin	0	static
../Drivers/STM32L5xx_HAL_Driver/Src/stm32l5xx_hal_gpio.c:401:6:HAL_GPIO_WritePin	0	static
../Drivers/STM32L5xx_HAL_Driver/Src/stm32l5xx_hal_gpio.c:424:6:HAL_GPIO_TogglePin	0	static
../Drivers/STM32L5xx_HAL_Driver/Src/stm32l5xx_hal_gpio.c:449:19:HAL_GPIO_LockPin	8	static
../Drivers/STM32L5xx_HAL_Driver/Src/stm32l5xx_hal_gpio.c:505:13:HAL_GPIO_EXTI_Rising_Callback	0	static
../Drivers/STM32L5xx_HAL_Driver/Src/stm32l5xx_hal_gpio.c:520:13:HAL_GPIO_EXTI_Falling_Callback	0	static
../Drivers/STM32L5xx_HAL_Driver/Src/stm32l5xx_hal_gpio.c:484:6:HAL_GPIO_EXTI_IRQHandler	16	static
