../Drivers/STM32L5xx_HAL_Driver/Inc/stm32l5xx_ll_rcc.h:2186:22:LL_RCC_SetAHBPrescaler	0	static
../Drivers/STM32L5xx_HAL_Driver/Src/stm32l5xx_ll_utils.c:671:17:UTILS_GetPLLOutputFrequency	0	static
../Drivers/STM32L5xx_HAL_Driver/Src/stm32l5xx_ll_utils.c:702:20:UTILS_PLL_IsBusy	0	static
../Drivers/STM32L5xx_HAL_Driver/Src/stm32l5xx_ll_utils.c:148:6:LL_Init1msTick	0	static
../Drivers/STM32L5xx_HAL_Driver/Src/stm32l5xx_ll_utils.c:164:6:LL_mDelay	8	static
../Drivers/STM32L5xx_HAL_Driver/Src/stm32l5xx_ll_utils.c:238:6:LL_SetSystemCoreClock	0	static
../Drivers/STM32L5xx_HAL_Driver/Src/stm32l5xx_ll_utils.c:252:13:LL_SetFlashLatency	88	static
../Drivers/STM32L5xx_HAL_Driver/Src/stm32l5xx_ll_utils.c:739:20:UTILS_EnablePLLAndSwitchSystem	24	static
../Drivers/STM32L5xx_HAL_Driver/Src/stm32l5xx_ll_utils.c:369:13:LL_PLL_ConfigSystemClock_MSI	24	static
../Drivers/STM32L5xx_HAL_Driver/Src/stm32l5xx_ll_utils.c:495:13:LL_PLL_ConfigSystemClock_HSI	24	static
../Drivers/STM32L5xx_HAL_Driver/Src/stm32l5xx_ll_utils.c:576:13:LL_PLL_ConfigSystemClock_HSE	24	static
