../Drivers/STM32L5xx_HAL_Driver/Src/stm32l5xx_hal_exti.c:139:19:HAL_EXTI_SetConfigLine	20	static
../Drivers/STM32L5xx_HAL_Driver/Src/stm32l5xx_hal_exti.c:261:19:HAL_EXTI_GetConfigLine	20	static
../Drivers/STM32L5xx_HAL_Driver/Src/stm32l5xx_hal_exti.c:355:19:HAL_EXTI_ClearConfigLine	20	static
../Drivers/STM32L5xx_HAL_Driver/Src/stm32l5xx_hal_exti.c:421:19:HAL_EXTI_RegisterCallback	0	static
../Drivers/STM32L5xx_HAL_Driver/Src/stm32l5xx_hal_exti.c:456:19:HAL_EXTI_GetHandle	0	static
../Drivers/STM32L5xx_HAL_Driver/Src/stm32l5xx_hal_exti.c:495:6:HAL_EXTI_IRQHandler	16	static
../Drivers/STM32L5xx_HAL_Driver/Src/stm32l5xx_hal_exti.c:549:10:HAL_EXTI_GetPending	8	static
../Drivers/STM32L5xx_HAL_Driver/Src/stm32l5xx_hal_exti.c:593:6:HAL_EXTI_ClearPending	0	static
../Drivers/STM32L5xx_HAL_Driver/Src/stm32l5xx_hal_exti.c:629:6:HAL_EXTI_GenerateSWI	0	static
../Drivers/STM32L5xx_HAL_Driver/Src/stm32l5xx_hal_exti.c:680:6:HAL_EXTI_ConfigLineAttributes	12	static
../Drivers/STM32L5xx_HAL_Driver/Src/stm32l5xx_hal_exti.c:753:19:HAL_EXTI_GetConfigLineAttributes	0	static
