../Drivers/STM32L5xx_HAL_Driver/Src/stm32l5xx_hal_rtc_ex.c:173:19:HAL_RTCEx_SetTimeStamp	0	static
../Drivers/STM32L5xx_HAL_Driver/Src/stm32l5xx_hal_rtc_ex.c:224:19:HAL_RTCEx_SetTimeStamp_IT	0	static
../Drivers/STM32L5xx_HAL_Driver/Src/stm32l5xx_hal_rtc_ex.c:267:19:HAL_RTCEx_DeactivateTimeStamp	0	static
../Drivers/STM32L5xx_HAL_Driver/Src/stm32l5xx_hal_rtc_ex.c:297:19:HAL_RTCEx_SetInternalTimeStamp	0	static
../Drivers/STM32L5xx_HAL_Driver/Src/stm32l5xx_hal_rtc_ex.c:327:19:HAL_RTCEx_DeactivateInternalTimeStamp	0	static
../Drivers/STM32L5xx_HAL_Driver/Src/stm32l5xx_hal_rtc_ex.c:362:19:HAL_RTCEx_GetTimeStamp	24	static
../Drivers/STM32L5xx_HAL_Driver/Src/stm32l5xx_hal_rtc_ex.c:462:13:HAL_RTCEx_TimeStampEventCallback	0	static
../Drivers/STM32L5xx_HAL_Driver/Src/stm32l5xx_hal_rtc_ex.c:438:6:HAL_RTCEx_TimeStampIRQHandler	16	static
../Drivers/STM32L5xx_HAL_Driver/Src/stm32l5xx_hal_rtc_ex.c:478:19:HAL_RTCEx_PollForTimeStampEvent	24	static
../Drivers/STM32L5xx_HAL_Driver/Src/stm32l5xx_hal_rtc_ex.c:536:19:HAL_RTCEx_SetWakeUpTimer	32	static
../Drivers/STM32L5xx_HAL_Driver/Src/stm32l5xx_hal_rtc_ex.c:609:19:HAL_RTCEx_SetWakeUpTimer_IT	32	static
../Drivers/STM32L5xx_HAL_Driver/Src/stm32l5xx_hal_rtc_ex.c:693:19:HAL_RTCEx_DeactivateWakeUpTimer	24	static
../Drivers/STM32L5xx_HAL_Driver/Src/stm32l5xx_hal_rtc_ex.c:743:10:HAL_RTCEx_GetWakeUpTimer	0	static
../Drivers/STM32L5xx_HAL_Driver/Src/stm32l5xx_hal_rtc_ex.c:808:13:HAL_RTCEx_WakeUpTimerEventCallback	0	static
../Drivers/STM32L5xx_HAL_Driver/Src/stm32l5xx_hal_rtc_ex.c:781:6:HAL_RTCEx_WakeUpTimerIRQHandler	8	static
../Drivers/STM32L5xx_HAL_Driver/Src/stm32l5xx_hal_rtc_ex.c:824:19:HAL_RTCEx_PollForWakeUpTimerEvent	24	static
../Drivers/STM32L5xx_HAL_Driver/Src/stm32l5xx_hal_rtc_ex.c:899:19:HAL_RTCEx_SetSmoothCalib	32	static
../Drivers/STM32L5xx_HAL_Driver/Src/stm32l5xx_hal_rtc_ex.c:964:19:HAL_RTCEx_SetLowPowerCalib	0	static
../Drivers/STM32L5xx_HAL_Driver/Src/stm32l5xx_hal_rtc_ex.c:1004:19:HAL_RTCEx_SetSynchroShift	24	static
../Drivers/STM32L5xx_HAL_Driver/Src/stm32l5xx_hal_rtc_ex.c:1097:19:HAL_RTCEx_SetCalibrationOutPut	0	static
../Drivers/STM32L5xx_HAL_Driver/Src/stm32l5xx_hal_rtc_ex.c:1133:19:HAL_RTCEx_DeactivateCalibrationOutPut	0	static
../Drivers/STM32L5xx_HAL_Driver/Src/stm32l5xx_hal_rtc_ex.c:1163:19:HAL_RTCEx_SetRefClock	16	static
../Drivers/STM32L5xx_HAL_Driver/Src/stm32l5xx_hal_rtc_ex.c:1205:19:HAL_RTCEx_DeactivateRefClock	16	static
../Drivers/STM32L5xx_HAL_Driver/Src/stm32l5xx_hal_rtc_ex.c:1249:19:HAL_RTCEx_EnableBypassShadow	0	static
../Drivers/STM32L5xx_HAL_Driver/Src/stm32l5xx_hal_rtc_ex.c:1281:19:HAL_RTCEx_DisableBypassShadow	0	static
../Drivers/STM32L5xx_HAL_Driver/Src/stm32l5xx_hal_rtc_ex.c:1314:19:HAL_RTCEx_MonotonicCounterIncrement	0	static
../Drivers/STM32L5xx_HAL_Driver/Src/stm32l5xx_hal_rtc_ex.c:1334:19:HAL_RTCEx_MonotonicCounterGet	0	static
../Drivers/STM32L5xx_HAL_Driver/Src/stm32l5xx_hal_rtc_ex.c:1370:13:HAL_RTCEx_AlarmBEventCallback	0	static
../Drivers/STM32L5xx_HAL_Driver/Src/stm32l5xx_hal_rtc_ex.c:1386:19:HAL_RTCEx_PollForAlarmBEvent	24	static
../Drivers/STM32L5xx_HAL_Driver/Src/stm32l5xx_hal_rtc_ex.c:1449:19:HAL_RTCEx_SetTamper	16	static
../Drivers/STM32L5xx_HAL_Driver/Src/stm32l5xx_hal_rtc_ex.c:1516:19:HAL_RTCEx_SetTamper_IT	12	static
../Drivers/STM32L5xx_HAL_Driver/Src/stm32l5xx_hal_rtc_ex.c:1591:19:HAL_RTCEx_DeactivateTamper	0	static
../Drivers/STM32L5xx_HAL_Driver/Src/stm32l5xx_hal_rtc_ex.c:1727:19:HAL_RTCEx_SetActiveSeed	16	static
../Drivers/STM32L5xx_HAL_Driver/Src/stm32l5xx_hal_rtc_ex.c:1761:19:HAL_RTCEx_DeactivateActiveTampers	0	static
../Drivers/STM32L5xx_HAL_Driver/Src/stm32l5xx_hal_rtc_ex.c:1617:19:HAL_RTCEx_SetActiveTampers	40	static
../Drivers/STM32L5xx_HAL_Driver/Src/stm32l5xx_hal_rtc_ex.c:1805:19:HAL_RTCEx_PollForTamperEvent	24	static
../Drivers/STM32L5xx_HAL_Driver/Src/stm32l5xx_hal_rtc_ex.c:1837:19:HAL_RTCEx_SetInternalTamper	0	static
../Drivers/STM32L5xx_HAL_Driver/Src/stm32l5xx_hal_rtc_ex.c:1874:19:HAL_RTCEx_SetInternalTamper_IT	0	static
../Drivers/STM32L5xx_HAL_Driver/Src/stm32l5xx_hal_rtc_ex.c:1917:19:HAL_RTCEx_DeactivateInternalTamper	0	static
../Drivers/STM32L5xx_HAL_Driver/Src/stm32l5xx_hal_rtc_ex.c:1943:19:HAL_RTCEx_PollForInternalTamperEvent	0	static
../Drivers/STM32L5xx_HAL_Driver/Src/stm32l5xx_hal_rtc_ex.c:2320:13:HAL_RTCEx_Tamper1EventCallback	0	static
../Drivers/STM32L5xx_HAL_Driver/Src/stm32l5xx_hal_rtc_ex.c:2335:13:HAL_RTCEx_Tamper2EventCallback	0	static
../Drivers/STM32L5xx_HAL_Driver/Src/stm32l5xx_hal_rtc_ex.c:2350:13:HAL_RTCEx_Tamper3EventCallback	0	static
../Drivers/STM32L5xx_HAL_Driver/Src/stm32l5xx_hal_rtc_ex.c:2365:13:HAL_RTCEx_Tamper4EventCallback	0	static
../Drivers/STM32L5xx_HAL_Driver/Src/stm32l5xx_hal_rtc_ex.c:2380:13:HAL_RTCEx_Tamper5EventCallback	0	static
../Drivers/STM32L5xx_HAL_Driver/Src/stm32l5xx_hal_rtc_ex.c:2395:13:HAL_RTCEx_Tamper6EventCallback	0	static
../Drivers/STM32L5xx_HAL_Driver/Src/stm32l5xx_hal_rtc_ex.c:2410:13:HAL_RTCEx_Tamper7EventCallback	0	static
../Drivers/STM32L5xx_HAL_Driver/Src/stm32l5xx_hal_rtc_ex.c:2425:13:HAL_RTCEx_Tamper8EventCallback	0	static
../Drivers/STM32L5xx_HAL_Driver/Src/stm32l5xx_hal_rtc_ex.c:2440:13:HAL_RTCEx_InternalTamper1EventCallback	0	static
../Drivers/STM32L5xx_HAL_Driver/Src/stm32l5xx_hal_rtc_ex.c:2455:13:HAL_RTCEx_InternalTamper2EventCallback	0	static
../Drivers/STM32L5xx_HAL_Driver/Src/stm32l5xx_hal_rtc_ex.c:2470:13:HAL_RTCEx_InternalTamper3EventCallback	0	static
../Drivers/STM32L5xx_HAL_Driver/Src/stm32l5xx_hal_rtc_ex.c:2486:13:HAL_RTCEx_InternalTamper5EventCallback	0	static
../Drivers/STM32L5xx_HAL_Driver/Src/stm32l5xx_hal_rtc_ex.c:2502:13:HAL_RTCEx_InternalTamper8EventCallback	0	static
../Drivers/STM32L5xx_HAL_Driver/Src/stm32l5xx_hal_rtc_ex.c:2149:6:HAL_RTCEx_TamperIRQHandler	16	static
../Drivers/STM32L5xx_HAL_Driver/Src/stm32l5xx_hal_rtc_ex.c:2517:6:HAL_RTCEx_EnableTemperatureMonitoring	0	static
../Drivers/STM32L5xx_HAL_Driver/Src/stm32l5xx_hal_rtc_ex.c:2529:6:HAL_RTCEx_DisableTemperatureMonitoring	0	static
../Drivers/STM32L5xx_HAL_Driver/Src/stm32l5xx_hal_rtc_ex.c:2541:6:HAL_RTCEx_EnableVoltageMonitoring	0	static
../Drivers/STM32L5xx_HAL_Driver/Src/stm32l5xx_hal_rtc_ex.c:2553:6:HAL_RTCEx_DisableVoltageMonitoring	0	static
../Drivers/STM32L5xx_HAL_Driver/Src/stm32l5xx_hal_rtc_ex.c:2566:6:HAL_RTCEx_EnableWUTMonitoring	0	static
../Drivers/STM32L5xx_HAL_Driver/Src/stm32l5xx_hal_rtc_ex.c:2579:6:HAL_RTCEx_DisableWUTMonitoring	0	static
../Drivers/STM32L5xx_HAL_Driver/Src/stm32l5xx_hal_rtc_ex.c:2620:6:HAL_RTCEx_BKUPWrite	0	static
../Drivers/STM32L5xx_HAL_Driver/Src/stm32l5xx_hal_rtc_ex.c:2643:10:HAL_RTCEx_BKUPRead	0	static
../Drivers/STM32L5xx_HAL_Driver/Src/stm32l5xx_hal_rtc_ex.c:2684:19:HAL_RTCEx_SecureModeGet	0	static
../Drivers/STM32L5xx_HAL_Driver/Src/stm32l5xx_hal_rtc_ex.c:2766:19:HAL_RTCEx_PrivilegeModeSet	0	static
../Drivers/STM32L5xx_HAL_Driver/Src/stm32l5xx_hal_rtc_ex.c:2802:19:HAL_RTCEx_PrivilegeModeGet	8	static
