../Drivers/STM32L5xx_HAL_Driver/Inc/stm32l5xx_ll_adc.h:5166:22:LL_ADC_SetChannelSamplingTime	12	static
../Drivers/STM32L5xx_HAL_Driver/Inc/stm32l5xx_ll_adc.h:5506:22:LL_ADC_SetAnalogWDMonitChannels	12	static
../Drivers/STM32L5xx_HAL_Driver/Inc/stm32l5xx_ll_adc.h:6485:26:LL_ADC_IsEnabled	0	static
../Drivers/STM32L5xx_HAL_Driver/Inc/stm32l5xx_ll_adc.h:6607:26:LL_ADC_REG_IsConversionOngoing	0	static
../Drivers/STM32L5xx_HAL_Driver/Src/stm32l5xx_hal_adc.c:896:13:HAL_ADC_MspInit	0	static
../Drivers/STM32L5xx_HAL_Driver/Src/stm32l5xx_hal_adc.c:394:19:HAL_ADC_Init	24	static
../Drivers/STM32L5xx_HAL_Driver/Src/stm32l5xx_hal_adc.c:913:13:HAL_ADC_MspDeInit	0	static
../Drivers/STM32L5xx_HAL_Driver/Src/stm32l5xx_hal_adc.c:1392:19:HAL_ADC_PollForConversion	24	static
../Drivers/STM32L5xx_HAL_Driver/Src/stm32l5xx_hal_adc.c:1578:19:HAL_ADC_PollForEvent	24	static
../Drivers/STM32L5xx_HAL_Driver/Src/stm32l5xx_hal_adc.c:2213:10:HAL_ADC_GetValue	0	static
../Drivers/STM32L5xx_HAL_Driver/Src/stm32l5xx_hal_adc.c:2602:13:HAL_ADC_ConvCpltCallback	0	static
../Drivers/STM32L5xx_HAL_Driver/Src/stm32l5xx_hal_adc.c:2617:13:HAL_ADC_ConvHalfCpltCallback	0	static
../Drivers/STM32L5xx_HAL_Driver/Src/stm32l5xx_hal_adc.c:3612:6:ADC_DMAHalfConvCplt	8	static
../Drivers/STM32L5xx_HAL_Driver/Src/stm32l5xx_hal_adc.c:2632:13:HAL_ADC_LevelOutOfWindowCallback	0	static
../Drivers/STM32L5xx_HAL_Driver/Src/stm32l5xx_hal_adc.c:2654:13:HAL_ADC_ErrorCallback	0	static
../Drivers/STM32L5xx_HAL_Driver/Src/stm32l5xx_hal_adc.c:2230:6:HAL_ADC_IRQHandler	24	static
../Drivers/STM32L5xx_HAL_Driver/Src/stm32l5xx_hal_adc.c:3534:6:ADC_DMAConvCplt	8	static
../Drivers/STM32L5xx_HAL_Driver/Src/stm32l5xx_hal_adc.c:3630:6:ADC_DMAError	8	static
../Drivers/STM32L5xx_HAL_Driver/Src/stm32l5xx_hal_adc.c:2700:19:HAL_ADC_ConfigChannel	32	static,ignoring_inline_asm
../Drivers/STM32L5xx_HAL_Driver/Src/stm32l5xx_hal_adc.c:2943:19:HAL_ADC_AnalogWDGConfig	24	static,ignoring_inline_asm
../Drivers/STM32L5xx_HAL_Driver/Src/stm32l5xx_hal_adc.c:3203:10:HAL_ADC_GetState	0	static
../Drivers/STM32L5xx_HAL_Driver/Src/stm32l5xx_hal_adc.c:3217:10:HAL_ADC_GetError	0	static
../Drivers/STM32L5xx_HAL_Driver/Src/stm32l5xx_hal_adc.c:3247:19:ADC_ConversionStop	16	static
../Drivers/STM32L5xx_HAL_Driver/Src/stm32l5xx_hal_adc.c:3379:19:ADC_Enable	24	static
../Drivers/STM32L5xx_HAL_Driver/Src/stm32l5xx_hal_adc.c:1203:19:HAL_ADC_Start	16	static
../Drivers/STM32L5xx_HAL_Driver/Src/stm32l5xx_hal_adc.c:1727:19:HAL_ADC_Start_IT	16	static
../Drivers/STM32L5xx_HAL_Driver/Src/stm32l5xx_hal_adc.c:1987:19:HAL_ADC_Start_DMA	24	static
../Drivers/STM32L5xx_HAL_Driver/Src/stm32l5xx_hal_adc.c:3472:19:ADC_Disable	16	static
../Drivers/STM32L5xx_HAL_Driver/Src/stm32l5xx_hal_adc.c:697:19:HAL_ADC_DeInit	16	static
../Drivers/STM32L5xx_HAL_Driver/Src/stm32l5xx_hal_adc.c:1338:19:HAL_ADC_Stop	8	static
../Drivers/STM32L5xx_HAL_Driver/Src/stm32l5xx_hal_adc.c:1934:19:HAL_ADC_Stop_IT	8	static
../Drivers/STM32L5xx_HAL_Driver/Src/stm32l5xx_hal_adc.c:2128:19:HAL_ADC_Stop_DMA	16	static
