../Drivers/STM32L5xx_HAL_Driver/Src/stm32l5xx_hal.c:198:13:HAL_MspInit	0	static
../Drivers/STM32L5xx_HAL_Driver/Src/stm32l5xx_hal.c:209:13:HAL_MspDeInit	0	static
../Drivers/STM32L5xx_HAL_Driver/Src/stm32l5xx_hal.c:169:19:HAL_DeInit	8	static
../Drivers/STM32L5xx_HAL_Driver/Src/stm32l5xx_hal.c:232:26:HAL_InitTick	16	static
../Drivers/STM32L5xx_HAL_Driver/Src/stm32l5xx_hal.c:139:19:HAL_Init	8	static
../Drivers/STM32L5xx_HAL_Driver/Src/stm32l5xx_hal.c:300:13:HAL_IncTick	0	static
../Drivers/STM32L5xx_HAL_Driver/Src/stm32l5xx_hal.c:311:17:HAL_GetTick	0	static
../Drivers/STM32L5xx_HAL_Driver/Src/stm32l5xx_hal.c:320:10:HAL_GetTickPrio	0	static
../Drivers/STM32L5xx_HAL_Driver/Src/stm32l5xx_hal.c:330:19:HAL_SetTickFreq	16	static
../Drivers/STM32L5xx_HAL_Driver/Src/stm32l5xx_hal.c:360:21:HAL_GetTickFreq	0	static
../Drivers/STM32L5xx_HAL_Driver/Src/stm32l5xx_hal.c:376:13:HAL_Delay	16	static
../Drivers/STM32L5xx_HAL_Driver/Src/stm32l5xx_hal.c:402:13:HAL_SuspendTick	0	static
../Drivers/STM32L5xx_HAL_Driver/Src/stm32l5xx_hal.c:418:13:HAL_ResumeTick	0	static
../Drivers/STM32L5xx_HAL_Driver/Src/stm32l5xx_hal.c:428:10:HAL_GetHalVersion	0	static
../Drivers/STM32L5xx_HAL_Driver/Src/stm32l5xx_hal.c:437:10:HAL_GetREVID	0	static
../Drivers/STM32L5xx_HAL_Driver/Src/stm32l5xx_hal.c:446:10:HAL_GetDEVID	0	static
../Drivers/STM32L5xx_HAL_Driver/Src/stm32l5xx_hal.c:455:10:HAL_GetUIDw0	0	static
../Drivers/STM32L5xx_HAL_Driver/Src/stm32l5xx_hal.c:464:10:HAL_GetUIDw1	0	static
../Drivers/STM32L5xx_HAL_Driver/Src/stm32l5xx_hal.c:473:10:HAL_GetUIDw2	0	static
../Drivers/STM32L5xx_HAL_Driver/Src/stm32l5xx_hal.c:501:6:HAL_DBGMCU_EnableDBGStopMode	0	static
../Drivers/STM32L5xx_HAL_Driver/Src/stm32l5xx_hal.c:510:6:HAL_DBGMCU_DisableDBGStopMode	0	static
../Drivers/STM32L5xx_HAL_Driver/Src/stm32l5xx_hal.c:519:6:HAL_DBGMCU_EnableDBGStandbyMode	0	static
../Drivers/STM32L5xx_HAL_Driver/Src/stm32l5xx_hal.c:528:6:HAL_DBGMCU_DisableDBGStandbyMode	0	static
../Drivers/STM32L5xx_HAL_Driver/Src/stm32l5xx_hal.c:561:6:HAL_SYSCFG_SRAM2Erase	0	static
../Drivers/STM32L5xx_HAL_Driver/Src/stm32l5xx_hal.c:614:6:HAL_SYSCFG_VREFBUF_HighImpedanceConfig	0	static
../Drivers/STM32L5xx_HAL_Driver/Src/stm32l5xx_hal.c:626:6:HAL_SYSCFG_VREFBUF_TrimmingConfig	0	static
../Drivers/STM32L5xx_HAL_Driver/Src/stm32l5xx_hal.c:583:6:HAL_SYSCFG_VREFBUF_VoltageScalingConfig	0	static
../Drivers/STM32L5xx_HAL_Driver/Src/stm32l5xx_hal.c:638:19:HAL_SYSCFG_EnableVREFBUF	16	static
../Drivers/STM32L5xx_HAL_Driver/Src/stm32l5xx_hal.c:664:6:HAL_SYSCFG_DisableVREFBUF	0	static
../Drivers/STM32L5xx_HAL_Driver/Src/stm32l5xx_hal.c:674:6:HAL_SYSCFG_EnableIOAnalogBooster	0	static
../Drivers/STM32L5xx_HAL_Driver/Src/stm32l5xx_hal.c:684:6:HAL_SYSCFG_DisableIOAnalogBooster	0	static
../Drivers/STM32L5xx_HAL_Driver/Src/stm32l5xx_hal.c:694:6:HAL_SYSCFG_EnableIOAnalogSwitchVdd	0	static
../Drivers/STM32L5xx_HAL_Driver/Src/stm32l5xx_hal.c:704:6:HAL_SYSCFG_DisableIOAnalogSwitchVdd	0	static
../Drivers/STM32L5xx_HAL_Driver/Src/stm32l5xx_hal.c:733:6:HAL_SYSCFG_Lock	0	static
../Drivers/STM32L5xx_HAL_Driver/Src/stm32l5xx_hal.c:754:19:HAL_SYSCFG_GetLock	0	static
