Archive member included to satisfy reference by file (symbol)

C:/ST/STM32CubeIDE_1.15.1/STM32CubeIDE/plugins/com.st.stm32cube.ide.mcu.externaltools.gnu-tools-for-stm32.12.3.rel1.win32_1.0.100.202403111256/tools/bin/../lib/gcc/arm-none-eabi/12.3.1/../../../../arm-none-eabi/lib/thumb/v8-m.main+fp/hard\libc_nano.a(libc_a-exit.o)
                              C:/ST/STM32CubeIDE_1.15.1/STM32CubeIDE/plugins/com.st.stm32cube.ide.mcu.externaltools.gnu-tools-for-stm32.12.3.rel1.win32_1.0.100.202403111256/tools/bin/../lib/gcc/arm-none-eabi/12.3.1/../../../../arm-none-eabi/lib/thumb/v8-m.main+fp/hard/crt0.o (exit)
C:/ST/STM32CubeIDE_1.15.1/STM32CubeIDE/plugins/com.st.stm32cube.ide.mcu.externaltools.gnu-tools-for-stm32.12.3.rel1.win32_1.0.100.202403111256/tools/bin/../lib/gcc/arm-none-eabi/12.3.1/../../../../arm-none-eabi/lib/thumb/v8-m.main+fp/hard\libc_nano.a(libc_a-findfp.o)
                              C:/ST/STM32CubeIDE_1.15.1/STM32CubeIDE/plugins/com.st.stm32cube.ide.mcu.externaltools.gnu-tools-for-stm32.12.3.rel1.win32_1.0.100.202403111256/tools/bin/../lib/gcc/arm-none-eabi/12.3.1/../../../../arm-none-eabi/lib/thumb/v8-m.main+fp/hard\libc_nano.a(libc_a-exit.o) (__stdio_exit_handler)
C:/ST/STM32CubeIDE_1.15.1/STM32CubeIDE/plugins/com.st.stm32cube.ide.mcu.externaltools.gnu-tools-for-stm32.12.3.rel1.win32_1.0.100.202403111256/tools/bin/../lib/gcc/arm-none-eabi/12.3.1/../../../../arm-none-eabi/lib/thumb/v8-m.main+fp/hard\libc_nano.a(libc_a-fwalk.o)
                              C:/ST/STM32CubeIDE_1.15.1/STM32CubeIDE/plugins/com.st.stm32cube.ide.mcu.externaltools.gnu-tools-for-stm32.12.3.rel1.win32_1.0.100.202403111256/tools/bin/../lib/gcc/arm-none-eabi/12.3.1/../../../../arm-none-eabi/lib/thumb/v8-m.main+fp/hard\libc_nano.a(libc_a-findfp.o) (_fwalk_sglue)
C:/ST/STM32CubeIDE_1.15.1/STM32CubeIDE/plugins/com.st.stm32cube.ide.mcu.externaltools.gnu-tools-for-stm32.12.3.rel1.win32_1.0.100.202403111256/tools/bin/../lib/gcc/arm-none-eabi/12.3.1/../../../../arm-none-eabi/lib/thumb/v8-m.main+fp/hard\libc_nano.a(libc_a-stdio.o)
                              C:/ST/STM32CubeIDE_1.15.1/STM32CubeIDE/plugins/com.st.stm32cube.ide.mcu.externaltools.gnu-tools-for-stm32.12.3.rel1.win32_1.0.100.202403111256/tools/bin/../lib/gcc/arm-none-eabi/12.3.1/../../../../arm-none-eabi/lib/thumb/v8-m.main+fp/hard\libc_nano.a(libc_a-findfp.o) (__sread)
C:/ST/STM32CubeIDE_1.15.1/STM32CubeIDE/plugins/com.st.stm32cube.ide.mcu.externaltools.gnu-tools-for-stm32.12.3.rel1.win32_1.0.100.202403111256/tools/bin/../lib/gcc/arm-none-eabi/12.3.1/../../../../arm-none-eabi/lib/thumb/v8-m.main+fp/hard\libc_nano.a(libc_a-memset.o)
                              C:/ST/STM32CubeIDE_1.15.1/STM32CubeIDE/plugins/com.st.stm32cube.ide.mcu.externaltools.gnu-tools-for-stm32.12.3.rel1.win32_1.0.100.202403111256/tools/bin/../lib/gcc/arm-none-eabi/12.3.1/../../../../arm-none-eabi/lib/thumb/v8-m.main+fp/hard/crt0.o (memset)
C:/ST/STM32CubeIDE_1.15.1/STM32CubeIDE/plugins/com.st.stm32cube.ide.mcu.externaltools.gnu-tools-for-stm32.12.3.rel1.win32_1.0.100.202403111256/tools/bin/../lib/gcc/arm-none-eabi/12.3.1/../../../../arm-none-eabi/lib/thumb/v8-m.main+fp/hard\libc_nano.a(libc_a-closer.o)
                              C:/ST/STM32CubeIDE_1.15.1/STM32CubeIDE/plugins/com.st.stm32cube.ide.mcu.externaltools.gnu-tools-for-stm32.12.3.rel1.win32_1.0.100.202403111256/tools/bin/../lib/gcc/arm-none-eabi/12.3.1/../../../../arm-none-eabi/lib/thumb/v8-m.main+fp/hard\libc_nano.a(libc_a-stdio.o) (_close_r)
C:/ST/STM32CubeIDE_1.15.1/STM32CubeIDE/plugins/com.st.stm32cube.ide.mcu.externaltools.gnu-tools-for-stm32.12.3.rel1.win32_1.0.100.202403111256/tools/bin/../lib/gcc/arm-none-eabi/12.3.1/../../../../arm-none-eabi/lib/thumb/v8-m.main+fp/hard\libc_nano.a(libc_a-reent.o)
                              C:/ST/STM32CubeIDE_1.15.1/STM32CubeIDE/plugins/com.st.stm32cube.ide.mcu.externaltools.gnu-tools-for-stm32.12.3.rel1.win32_1.0.100.202403111256/tools/bin/../lib/gcc/arm-none-eabi/12.3.1/../../../../arm-none-eabi/lib/thumb/v8-m.main+fp/hard\libc_nano.a(libc_a-closer.o) (errno)
C:/ST/STM32CubeIDE_1.15.1/STM32CubeIDE/plugins/com.st.stm32cube.ide.mcu.externaltools.gnu-tools-for-stm32.12.3.rel1.win32_1.0.100.202403111256/tools/bin/../lib/gcc/arm-none-eabi/12.3.1/../../../../arm-none-eabi/lib/thumb/v8-m.main+fp/hard\libc_nano.a(libc_a-impure.o)
                              C:/ST/STM32CubeIDE_1.15.1/STM32CubeIDE/plugins/com.st.stm32cube.ide.mcu.externaltools.gnu-tools-for-stm32.12.3.rel1.win32_1.0.100.202403111256/tools/bin/../lib/gcc/arm-none-eabi/12.3.1/../../../../arm-none-eabi/lib/thumb/v8-m.main+fp/hard\libc_nano.a(libc_a-reent.o) (_impure_ptr)
C:/ST/STM32CubeIDE_1.15.1/STM32CubeIDE/plugins/com.st.stm32cube.ide.mcu.externaltools.gnu-tools-for-stm32.12.3.rel1.win32_1.0.100.202403111256/tools/bin/../lib/gcc/arm-none-eabi/12.3.1/../../../../arm-none-eabi/lib/thumb/v8-m.main+fp/hard\libc_nano.a(libc_a-lseekr.o)
[...]
Memory Configuration

Name             Origin             Length             Attributes
RAM              0x20000000         0x00030000         xrw
RAM2             0x20030000         0x00010000         xrw
FLASH            0x08000000         0x00080000         xr
*default*        0x00000000         0xffffffff

Linker script and memory map

LOAD C:/ST/STM32CubeIDE_1.15.1/STM32CubeIDE/plugins/com.st.stm32cube.ide.mcu.externaltools.gnu-tools-for-stm32.12.3.rel1.win32_1.0.100.202403111256/tools/bin/../lib/gcc/arm-none-eabi/12.3.1/thumb/v8-m.main+fp/hard/crti.o
LOAD C:/ST/STM32CubeIDE_1.15.1/STM32CubeIDE/plugins/com.st.stm32cube.ide.mcu.externaltools.gnu-tools-for-stm32.12.3.rel1.win32_1.0.100.202403111256/tools/bin/../lib/gcc/arm-none-eabi/12.3.1/thumb/v8-m.main+fp/hard/crtbegin.o
LOAD C:/ST/STM32CubeIDE_1.15.1/STM32CubeIDE/plugins/com.st.stm32cube.ide.mcu.externaltools.gnu-tools-for-stm32.12.3.rel1.win32_1.0.100.202403111256/tools/bin/../lib/gcc/arm-none-eabi/12.3.1/../../../../arm-none-eabi/lib/thumb/v8-m.main+fp/hard/crt0.o
LOAD ./Core/Src/adc.o
LOAD ./Core/Src/arcade_controller.o
LOAD ./Core/Src/dma.o
LOAD ./Core/Src/gpio.o
LOAD ./Core/Src/icache.o
LOAD ./Core/Src/iwdg.o
LOAD ./Core/Src/main.o
LOAD ./Core/Src/motor_pwm_interface.o
LOAD ./Core/Src/rtc.o
LOAD ./Core/Src/stm32l5xx_hal_msp.o
LOAD ./Core/Src/stm32l5xx_it.o
LOAD ./Core/Src/syscalls.o
LOAD ./Core/Src/sysmem.o
LOAD ./Core/Src/system_stm32l5xx.o
LOAD ./Core/Src/tim.o
LOAD ./Core/Src/uart_joy_input.o
LOAD ./Core/Src/ucpd.o
LOAD ./Core/Src/usart.o
LOAD ./Core/Src/usb.o
LOAD ./Core/Startup/startup_stm32l552zetxq.o
LOAD ./Drivers/STM32L5xx_HAL_Driver/Src/stm32l5xx_hal.o
LOAD ./Drivers/STM32L5xx_HAL_Driver/Src/stm32l5xx_hal_adc.o
LOAD ./Drivers/STM32L5xx_HAL_Driver/Src/stm32l5xx_hal_adc_ex.o
LOAD ./Drivers/STM32L5xx_HAL_Driver/Src/stm32l5xx_hal_cortex.o
LOAD ./Drivers/STM32L5xx_HAL_Driver/Src/stm32l5xx_hal_dma.o
LOAD ./Drivers/STM32L5xx_HAL_Driver/Src/stm32l5xx_hal_dma_ex.o
LOAD ./Drivers/STM32L5xx_HAL_Driver/Src/stm32l5xx_hal_exti.o
LOAD ./Drivers/STM32L5xx_HAL_Driver/Src/stm32l5xx_hal_flash.o
LOAD ./Drivers/STM32L5xx_HAL_Driver/Src/stm32l5xx_hal_flash_ex.o
LOAD ./Drivers/STM32L5xx_HAL_Driver/Src/stm32l5xx_hal_flash_ramfunc.o
LOAD ./Drivers/STM32L5xx_HAL_Driver/Src/stm32l5xx_hal_gpio.o
LOAD ./Drivers/STM32L5xx_HAL_Driver/Src/stm32l5xx_hal_i2c.o
LOAD ./Drivers/STM32L5xx_HAL_Driver/Src/stm32l5xx_hal_i2c_ex.o
LOAD ./Drivers/STM32L5xx_HAL_Driver/Src/stm32l5xx_hal_icache.o
LOAD ./Drivers/STM32L5xx_HAL_Driver/Src/stm32l5xx_hal_iwdg.o
LOAD ./Drivers/STM32L5xx_HAL_Driver/Src/stm32l5xx_hal_pcd.o
LOAD ./Drivers/STM32L5xx_HAL_Driver/Src/stm32l5xx_hal_pcd_ex.o
LOAD ./Drivers/STM32L5xx_HAL_Driver/Src/stm32l5xx_hal_pwr.o
LOAD ./Drivers/STM32L5xx_HAL_Driver/Src/stm32l5xx_hal_pwr_ex.o
LOAD ./Drivers/STM32L5xx_HAL_Driver/Src/stm32l5xx_hal_rcc.o
LOAD ./Drivers/STM32L5xx_HAL_Driver/Src/stm32l5xx_hal_rcc_ex.o
LOAD ./Drivers/STM32L5xx_HAL_Driver/Src/stm32l5xx_hal_rtc.o
LOAD ./Drivers/STM32L5xx_HAL_Driver/Src/stm32l5xx_hal_rtc_ex.o
LOAD ./Drivers/STM32L5xx_HAL_Driver/Src/stm32l5xx_hal_tim.o
LOAD ./Drivers/STM32L5xx_HAL_Driver/Src/stm32l5xx_hal_tim_ex.o
LOAD ./Drivers/STM32L5xx_HAL_Driver/Src/stm32l5xx_hal_uart.o
LOAD ./Drivers/STM32L5xx_HAL_Driver/Src/stm32l5xx_hal_uart_ex.o
LOAD ./Drivers/STM32L5xx_HAL_Driver/Src/stm32l5xx_ll_dma.o
LOAD ./Drivers/STM32L5xx_HAL_Driver/Src/stm32l5xx_ll_exti.o
LOAD ./Drivers/STM32L5xx_HAL_Driver/Src/stm32l5xx_ll_gpio.o
LOAD ./Drivers/STM32L5xx_HAL_Driver/Src/stm32l5xx_ll_ucpd.o
LOAD ./Drivers/STM32L5xx_HAL_Driver/Src/stm32l5xx_ll_usb.o
LOAD ./Drivers/STM32L5xx_HAL_Driver/Src/stm32l5xx_ll_utils.o
START GROUP
LOAD C:/ST/STM32CubeIDE_1.15.1/STM32CubeIDE/plugins/com.st.stm32cube.ide.mcu.externaltools.gnu-tools-for-stm32.12.3.rel1.win32_1.0.100.202403111256/tools/bin/../lib/gcc/arm-none-eabi/12.3.1/../../../../arm-none-eabi/lib/thumb/v8-m.main+fp/hard\libc_nano.a
LOAD C:/ST/STM32CubeIDE_1.15.1/STM32CubeIDE/plugins/com.st.stm32cube.ide.mcu.externaltools.gnu-tools-for-stm32.12.3.rel1.win32_1.0.100.202403111256/tools/bin/../lib/gcc/arm-none-eabi/12.3.1/../../../../arm-none-eabi/lib/thumb/v8-m.main+fp/hard\libm.a
END GROUP
START GROUP
LOAD C:/ST/STM32CubeIDE_1.15.1/STM32CubeIDE/plugins/com.st.stm32cube.ide.mcu.externaltools.gnu-tools-for-stm32.12.3.rel1.win32_1.0.100.202403111256/tools/bin/../lib/gcc/arm-none-eabi/12.3.1/thumb/v8-m.main+fp/hard\libgcc.a
LOAD C:/ST/STM32CubeIDE_1.15.1/STM32CubeIDE/plugins/com.st.stm32cube.ide.mcu.externaltools.gnu-tools-for-stm32.12.3.rel1.win32_1.0.100.202403111256/tools/bin/../lib/gcc/arm-none-eabi/12.3.1/../../../../arm-none-eabi/lib/thumb/v8-m.main+fp/hard\libc_nano.a
END GROUP
START GROUP
LOAD C:/ST/STM32CubeIDE_1.15.1/STM32CubeIDE/plugins/com.st.stm32cube.ide.mcu.externaltools.gnu-tools-for-stm32.12.3.rel1.win32_1.0.100.202403111256/tools/bin/../lib/gcc/arm-none-eabi/12.3.1/thumb/v8-m.main+fp/hard\libgcc.a
LOAD C:/ST/STM32CubeIDE_1.15.1/STM32CubeIDE/plugins/com.st.stm32cube.ide.mcu.externaltools.gnu-tools-for-stm32.12.3.rel1.win32_1.0.100.202403111256/tools/bin/../lib/gcc/arm-none-eabi/12.3.1/../../../../arm-none-eabi/lib/thumb/v8-m.main+fp/hard\libc_nano.a
LOAD C:/ST/STM32CubeIDE_1.15.1/STM32CubeIDE/plugins/com.st.stm32cube.ide.mcu.externaltools.gnu-tools-for-stm32.12.3.rel1.win32_1.0.100.202403111256/tools/bin/../lib/gcc/arm-none-eabi/12.3.1/../../../../arm-none-eabi/lib/thumb/v8-m.main+fp/hard\libnosys.a
END GROUP
START GROUP
LOAD C:/ST/STM32CubeIDE_1.15.1/STM32CubeIDE/plugins/com.st.stm32cube.ide.mcu.externaltools.gnu-tools-for-stm32.12.3.rel1.win32_1.0.100.202403111256/tools/bin/../lib/gcc/arm-none-eabi/12.3.1/thumb/v8-m.main+fp/hard\libgcc.a
LOAD C:/ST/STM32CubeIDE_1.15.1/STM32CubeIDE/plugins/com.st.stm32cube.ide.mcu.externaltools.gnu-tools-for-stm32.12.3.rel1.win32_1.0.100.202403111256/tools/bin/../lib/gcc/arm-none-eabi/12.3.1/../../../../arm-none-eabi/lib/thumb/v8-m.main+fp/hard\libc_nano.a
LOAD C:/ST/STM32CubeIDE_1.15.1/STM32CubeIDE/plugins/com.st.stm32cube.ide.mcu.externaltools.gnu-tools-for-stm32.12.3.rel1.win32_1.0.100.202403111256/tools/bin/../lib/gcc/arm-none-eabi/12.3.1/../../../../arm-none-eabi/lib/thumb/v8-m.main+fp/hard\libnosys.a
END GROUP
LOAD C:/ST/STM32CubeIDE_1.15.1/STM32CubeIDE/plugins/com.st.stm32cube.ide.mcu.externaltools.gnu-tools-for-stm32.12.3.rel1.win32_1.0.100.202403111256/tools/bin/../lib/gcc/arm-none-eabi/12.3.1/thumb/v8-m.main+fp/hard/crtend.o
LOAD C:/ST/STM32CubeIDE_1.15.1/STM32CubeIDE/plugins/com.st.stm32cube.ide.mcu.externaltools.gnu-tools-for-stm32.12.3.rel1.win32_1.0.100.202403111256/tools/bin/../lib/gcc/arm-none-eabi/12.3.1/thumb/v8-m.main+fp/hard/crtn.o
                0x20030000                        _estack = (ORIGIN (RAM) + LENGTH (RAM))
                0x00000200                        _Min_Heap_Size = 0x200
                0x00000400                        _Min_Stack_Size = 0x400

.isr_vector     0x08000000      0x1f4
                0x08000000                        . = ALIGN (0x4)
 *(.isr_vector)
 .isr_vector    0x08000000      0x1f4 ./Core/Startup/startup_stm32l552zetxq.o
                0x08000000                g_pfnVectors
                0x080001f4                        . = ALIGN (0x4)

.text           0x080001f4     0x4a24
                0x080001f4                        . = ALIGN (0x4)
 *(.text)
 .text          0x080001f4       0x40 C:/ST/STM32CubeIDE_1.15.1/STM32CubeIDE/plugins/com.st.stm32cube.ide.mcu.externaltools.gnu-tools-for-stm32.12.3.rel1.win32_1.0.100.202403111256/tools/bin/../lib/gcc/arm-none-eabi/12.3.1/thumb/v8-m.main+fp/hard/crtbegin.o
 .text          0x08000234       0x30 C:/ST/STM32CubeIDE_1.15.1/STM32CubeIDE/plugins/com.st.stm32cube.ide.mcu.externaltools.gnu-tools-for-stm32.12.3.rel1.win32_1.0.100.202403111256/tools/bin/../lib/gcc/arm-none-eabi/12.3.1/thumb/v8-m.main+fp/hard\libgcc.a(_aeabi_uldivmod.o)
                0x08000234                __aeabi_uldivmod
 .text          0x08000264      0x2e4 C:/ST/STM32CubeIDE_1.15.1/STM32CubeIDE/plugins/com.st.stm32cube.ide.mcu.externaltools.gnu-tools-for-stm32.12.3.rel1.win32_1.0.100.202403111256/tools/bin/../lib/gcc/arm-none-eabi/12.3.1/thumb/v8-m.main+fp/hard\libgcc.a(_udivmoddi4.o)
                0x08000264                __udivmoddi4
 .text          0x08000548        0x4 C:/ST/STM32CubeIDE_1.15.1/STM32CubeIDE/plugins/com.st.stm32cube.ide.mcu.externaltools.gnu-tools-for-stm32.12.3.rel1.win32_1.0.100.202403111256/tools/bin/../lib/gcc/arm-none-eabi/12.3.1/thumb/v8-m.main+fp/hard\libgcc.a(_dvmd_tls.o)
                0x08000548                __aeabi_idiv0
                0x08000548                __aeabi_ldiv0
 *(.text*)
 .text.MX_ADC1_Init
                0x0800054c       0x90 ./Core/Src/adc.o
                0x0800054c                MX_ADC1_Init
 .text.HAL_ADC_MspInit
                0x080005dc       0x84 ./Core/Src/adc.o
                0x080005dc                HAL_ADC_MspInit
 .text.arcade_drive
                0x08000660       0x38 ./Core/Src/arcade_controller.o
                0x08000660                arcade_drive
 .text.MX_DMA_Init
                0x08000698       0x44 ./Core/Src/dma.o
                0x08000698                MX_DMA_Init
 .text.MX_GPIO_Init
                0x080006dc      0x114 ./Core/Src/gpio.o
                0x080006dc                MX_GPIO_Init
 .text.MX_ICACHE_Init
                0x080007f0       0x1e ./Core/Src/icache.o
                0x080007f0                MX_ICACHE_Init
 *fill*         0x0800080e        0x2 
 .text.MX_IWDG_Init
                0x08000810       0x2c ./Core/Src/iwdg.o
                0x08000810                MX_IWDG_Init
 .text.SystemClock_Config
                0x0800083c       0xa4 ./Core/Src/main.o
                0x0800083c                SystemClock_Config
 .text.startup.main
                0x080008e0       0x44 ./Core/Src/main.o
                0x080008e0                main
 .text.Error_Handler
                0x08000924        0x4 ./Core/Src/main.o
                0x08000924                Error_Handler
 .text.HAL_TIM_PWM_PulseFinishedCallback
                0x08000928       0x64 ./Core/Src/motor_pwm_interface.o
                0x08000928                HAL_TIM_PWM_PulseFinishedCallback
 .text.MotorPwmInterfaceInit
                0x0800098c       0x6c ./Core/Src/motor_pwm_interface.o
                0x0800098c                MotorPwmInterfaceInit
 .text.SetLeftSideMotorSpeed
                0x080009f8       0x24 ./Core/Src/motor_pwm_interface.o
                0x080009f8                SetLeftSideMotorSpeed
 .text.SetRightSideMotorSpeed
                0x08000a1c       0x24 ./Core/Src/motor_pwm_interface.o
                0x08000a1c                SetRightSideMotorSpeed
 .text.MX_RTC_Init
                0x08000a40       0x5c ./Core/Src/rtc.o
                0x08000a40                MX_RTC_Init
 .text.HAL_RTC_MspInit
                0x08000a9c       0x5c ./Core/Src/rtc.o
                0x08000a9c                HAL_RTC_MspInit
 .text.HAL_MspInit
                0x08000af8       0x30 ./Core/Src/stm32l5xx_hal_msp.o
                0x08000af8                HAL_MspInit
 .text.NMI_Handler
                0x08000b28        0x2 ./Core/Src/stm32l5xx_it.o
                0x08000b28                NMI_Handler
 .text.HardFault_Handler
                0x08000b2a        0x2 ./Core/Src/stm32l5xx_it.o
                0x08000b2a                HardFault_Handler
 .text.MemManage_Handler
                0x08000b2c        0x2 ./Core/Src/stm32l5xx_it.o
                0x08000b2c                MemManage_Handler
 .text.BusFault_Handler
                0x08000b2e        0x2 ./Core/Src/stm32l5xx_it.o
                0x08000b2e                BusFault_Handler
 .text.UsageFault_Handler
                0x08000b30        0x2 ./Core/Src/stm32l5xx_it.o
                0x08000b30                UsageFault_Handler
 .text.SVC_Handler
                0x08000b32        0x2 ./Core/Src/stm32l5xx_it.o
                0x08000b32                SVC_Handler
 .text.DebugMon_Handler
                0x08000b34        0x2 ./Core/Src/stm32l5xx_it.o
                0x08000b34                DebugMon_Handler
 .text.PendSV_Handler
                0x08000b36        0x2 ./Core/Src/stm32l5xx_it.o
                0x08000b36                PendSV_Handler
 .text.SysTick_Handler
                0x08000b38        0x4 ./Core/Src/stm32l5xx_it.o
                0x08000b38                SysTick_Handler
 .text.DMA1_Channel1_IRQHandler
                0x08000b3c        0xc ./Core/Src/stm32l5xx_it.o
                0x08000b3c                DMA1_Channel1_IRQHandler
 .text.TIM3_IRQHandler
                0x08000b48        0xc ./Core/Src/stm32l5xx_it.o
                0x08000b48                TIM3_IRQHandler
 .text.TIM4_IRQHandler
                0x08000b54        0xc ./Core/Src/stm32l5xx_it.o
                0x08000b54                TIM4_IRQHandler
 .text.UART4_IRQHandler
                0x08000b60        0xc ./Core/Src/stm32l5xx_it.o
                0x08000b60                UART4_IRQHandler
 .text.SystemInit
                0x08000b6c       0x14 ./Core/Src/system_stm32l5xx.o
                0x08000b6c                SystemInit
 .text.SystemCoreClockUpdate
                0x08000b80       0x9c ./Core/Src/system_stm32l5xx.o
                0x08000b80                SystemCoreClockUpdate
 .text.HAL_TIM_Base_MspInit
                0x08000c1c       0x70 ./Core/Src/tim.o
                0x08000c1c                HAL_TIM_Base_MspInit
 .text.HAL_TIM_MspPostInit
                0x08000c8c       0x84 ./Core/Src/tim.o
                0x08000c8c                HAL_TIM_MspPostInit
 .text.MX_TIM3_Init
                0x08000d10       0xcc ./Core/Src/tim.o
                0x08000d10                MX_TIM3_Init
 .text.MX_TIM4_Init
                0x08000ddc       0xc4 ./Core/Src/tim.o
                0x08000ddc                MX_TIM4_Init
 .text.UartHandshake
                0x08000ea0       0x3c ./Core/Src/uart_joy_input.o
                0x08000ea0                UartHandshake
 .text.HAL_UART_RxCpltCallback
                0x08000edc       0x60 ./Core/Src/uart_joy_input.o
                0x08000edc                HAL_UART_RxCpltCallback
 .text.MX_UCPD1_Init
                0x08000f3c       0x78 ./Core/Src/ucpd.o
                0x08000f3c                MX_UCPD1_Init
 .text.MX_LPUART1_UART_Init
                0x08000fb4       0x68 ./Core/Src/usart.o
                0x08000fb4                MX_LPUART1_UART_Init
 .text.MX_UART4_Init
                0x0800101c       0x64 ./Core/Src/usart.o
                0x0800101c                MX_UART4_Init
 .text.HAL_UART_MspInit
                0x08001080      0x140 ./Core/Src/usart.o
                0x08001080                HAL_UART_MspInit
 .text.MX_USB_PCD_Init
                0x080011c0       0x30 ./Core/Src/usb.o
                0x080011c0                MX_USB_PCD_Init
 .text.HAL_PCD_MspInit
                0x080011f0       0x88 ./Core/Src/usb.o
                0x080011f0                HAL_PCD_MspInit
 .text.Reset_Handler
                0x08001278       0x50 ./Core/Startup/startup_stm32l552zetxq.o
                0x08001278                Reset_Handler
 .text.Default_Handler
                0x080012c8        0x2 ./Core/Startup/startup_stm32l552zetxq.o
                0x080012c8                EXTI2_IRQHandler
                0x080012c8                TIM8_TRG_COM_IRQHandler
                0x080012c8                TIM8_CC_IRQHandler
                0x080012c8                EXTI5_IRQHandler
                0x080012c8                FLASH_S_IRQHandler
                0x080012c8                EXTI13_IRQHandler
                0x080012c8                TIM1_CC_IRQHandler
                0x080012c8                TSC_IRQHandler
                0x080012c8                TAMP_IRQHandler
                0x080012c8                TIM6_IRQHandler
                0x080012c8                EXTI12_IRQHandler
                0x080012c8                DMA2_Channel8_IRQHandler
                0x080012c8                EXTI3_IRQHandler
                0x080012c8                EXTI8_IRQHandler
                0x080012c8                LPTIM2_IRQHandler
                0x080012c8                DFSDM1_FLT1_IRQHandler
                0x080012c8                USB_FS_IRQHandler
                0x080012c8                I2C3_ER_IRQHandler
                0x080012c8                DFSDM1_FLT2_IRQHandler
                0x080012c8                DMAMUX1_IRQHandler
                0x080012c8                LPTIM3_IRQHandler
                0x080012c8                EXTI0_IRQHandler
                0x080012c8                I2C2_EV_IRQHandler
                0x080012c8                FPU_IRQHandler
                0x080012c8                FDCAN1_IT1_IRQHandler
                0x080012c8                ADC1_2_IRQHandler
                0x080012c8                SPI1_IRQHandler
                0x080012c8                OCTOSPI1_IRQHandler
                0x080012c8                TIM8_UP_IRQHandler
                0x080012c8                RCC_S_IRQHandler
                0x080012c8                DMA2_Channel2_IRQHandler
                0x080012c8                DMA1_Channel4_IRQHandler
                0x080012c8                SAI2_IRQHandler
                0x080012c8                DFSDM1_FLT3_IRQHandler
                0x080012c8                EXTI15_IRQHandler
                0x080012c8                TIM17_IRQHandler
                0x080012c8                USART3_IRQHandler
                0x080012c8                RTC_IRQHandler
                0x080012c8                EXTI9_IRQHandler
                0x080012c8                DMA1_Channel7_IRQHandler
                0x080012c8                UART5_IRQHandler
                0x080012c8                DMA2_Channel1_IRQHandler
                0x080012c8                I2C1_EV_IRQHandler
                0x080012c8                DMA1_Channel6_IRQHandler
                0x080012c8                TIM16_IRQHandler
                0x080012c8                DMA2_Channel4_IRQHandler
                0x080012c8                SecureFault_Handler
                0x080012c8                RCC_IRQHandler
                0x080012c8                TIM1_TRG_COM_IRQHandler
                0x080012c8                Default_Handler
                0x080012c8                DMA2_Channel7_IRQHandler
                0x080012c8                DMA1_Channel8_IRQHandler
                0x080012c8                TIM7_IRQHandler
                0x080012c8                SDMMC1_IRQHandler
                0x080012c8                TIM5_IRQHandler
                0x080012c8                UCPD1_IRQHandler
                0x080012c8                TIM15_IRQHandler
                0x080012c8                I2C3_EV_IRQHandler
                0x080012c8                PVD_PVM_IRQHandler
                0x080012c8                SPI2_IRQHandler
                0x080012c8                EXTI14_IRQHandler
                0x080012c8                EXTI11_IRQHandler
                0x080012c8                DMA2_Channel5_IRQHandler
                0x080012c8                CRS_IRQHandler
                0x080012c8                DMA1_Channel5_IRQHandler
                0x080012c8                EXTI4_IRQHandler
                0x080012c8                RTC_S_IRQHandler
                0x080012c8                RNG_IRQHandler
                0x080012c8                DMAMUX1_S_IRQHandler
                0x080012c8                DMA1_Channel3_IRQHandler
                0x080012c8                COMP_IRQHandler
                0x080012c8                TIM1_UP_IRQHandler
                0x080012c8                WWDG_IRQHandler
                0x080012c8                I2C4_EV_IRQHandler
                0x080012c8                LPUART1_IRQHandler
                0x080012c8                DMA2_Channel6_IRQHandler
                0x080012c8                FDCAN1_IT0_IRQHandler
                0x080012c8                TIM2_IRQHandler
                0x080012c8                TAMP_S_IRQHandler
                0x080012c8                EXTI7_IRQHandler
                0x080012c8                TIM1_BRK_IRQHandler
                0x080012c8                DAC_IRQHandler
                0x080012c8                EXTI1_IRQHandler
                0x080012c8                GTZC_IRQHandler
                0x080012c8                USART2_IRQHandler
                0x080012c8                DFSDM1_FLT0_IRQHandler
                0x080012c8                I2C2_ER_IRQHandler
                0x080012c8                DMA1_Channel2_IRQHandler
                0x080012c8                TIM8_BRK_IRQHandler
                0x080012c8                FLASH_IRQHandler
                0x080012c8                USART1_IRQHandler
                0x080012c8                EXTI10_IRQHandler
                0x080012c8                SPI3_IRQHandler
                0x080012c8                I2C1_ER_IRQHandler
                0x080012c8                FMC_IRQHandler
                0x080012c8                EXTI6_IRQHandler
                0x080012c8                LPTIM1_IRQHandler
                0x080012c8                I2C4_ER_IRQHandler
                0x080012c8                ICACHE_IRQHandler
                0x080012c8                SAI1_IRQHandler
                0x080012c8                HASH_IRQHandler
                0x080012c8                DMA2_Channel3_IRQHandler
 *fill*         0x080012ca        0x2 
 .text.HAL_InitTick
                0x080012cc       0x4c ./Drivers/STM32L5xx_HAL_Driver/Src/stm32l5xx_hal.o
                0x080012cc                HAL_InitTick
 .text.HAL_Init
                0x08001318       0x22 ./Drivers/STM32L5xx_HAL_Driver/Src/stm32l5xx_hal.o
                0x08001318                HAL_Init
 *fill*         0x0800133a        0x2 
 .text.HAL_IncTick
                0x0800133c       0x18 ./Drivers/STM32L5xx_HAL_Driver/Src/stm32l5xx_hal.o
                0x0800133c                HAL_IncTick
 .text.HAL_GetTick
                0x08001354        0xc ./Drivers/STM32L5xx_HAL_Driver/Src/stm32l5xx_hal.o
                0x08001354                HAL_GetTick
 .text.LL_ADC_SetChannelSamplingTime
                0x08001360       0x20 ./Drivers/STM32L5xx_HAL_Driver/Src/stm32l5xx_hal_adc.o
 .text.LL_ADC_IsEnabled
                0x08001380        0x8 ./Drivers/STM32L5xx_HAL_Driver/Src/stm32l5xx_hal_adc.o
 .text.LL_ADC_REG_IsConversionOngoing
                0x08001388        0x8 ./Drivers/STM32L5xx_HAL_Driver/Src/stm32l5xx_hal_adc.o
 .text.HAL_ADC_Init
                0x08001390      0x1b4 ./Drivers/STM32L5xx_HAL_Driver/Src/stm32l5xx_hal_adc.o
                0x08001390                HAL_ADC_Init
 .text.HAL_ADC_ConfigChannel
                0x08001544      0x37c ./Drivers/STM32L5xx_HAL_Driver/Src/stm32l5xx_hal_adc.o
                0x08001544                HAL_ADC_ConfigChannel
 .text.LL_ADC_IsEnabled
                0x080018c0        0x8 ./Drivers/STM32L5xx_HAL_Driver/Src/stm32l5xx_hal_adc_ex.o
 .text.LL_ADC_REG_IsConversionOngoing
                0x080018c8        0x8 ./Drivers/STM32L5xx_HAL_Driver/Src/stm32l5xx_hal_adc_ex.o
 .text.HAL_ADCEx_MultiModeConfigChannel
                0x080018d0       0xd4 ./Drivers/STM32L5xx_HAL_Driver/Src/stm32l5xx_hal_adc_ex.o
                0x080018d0                HAL_ADCEx_MultiModeConfigChannel
 .text.HAL_NVIC_SetPriorityGrouping
                0x080019a4       0x24 ./Drivers/STM32L5xx_HAL_Driver/Src/stm32l5xx_hal_cortex.o
                0x080019a4                HAL_NVIC_SetPriorityGrouping
 .text.HAL_NVIC_SetPriority
                0x080019c8       0x60 ./Drivers/STM32L5xx_HAL_Driver/Src/stm32l5xx_hal_cortex.o
                0x080019c8                HAL_NVIC_SetPriority
 .text.HAL_NVIC_EnableIRQ
                0x08001a28       0x1c ./Drivers/STM32L5xx_HAL_Driver/Src/stm32l5xx_hal_cortex.o
                0x08001a28                HAL_NVIC_EnableIRQ
 .text.HAL_SYSTICK_Config
                0x08001a44       0x28 ./Drivers/STM32L5xx_HAL_Driver/Src/stm32l5xx_hal_cortex.o
                0x08001a44                HAL_SYSTICK_Config
 .text.DMA_SetConfig
                0x08001a6c       0x34 ./Drivers/STM32L5xx_HAL_Driver/Src/stm32l5xx_hal_dma.o
 .text.DMA_CalcDMAMUXChannelBaseAndMask
                0x08001aa0       0x48 ./Drivers/STM32L5xx_HAL_Driver/Src/stm32l5xx_hal_dma.o
 .text.HAL_DMA_Init
                0x08001ae8       0xdc ./Drivers/STM32L5xx_HAL_Driver/Src/stm32l5xx_hal_dma.o
                0x08001ae8                HAL_DMA_Init
 .text.HAL_DMA_Start_IT
                0x08001bc4       0x80 ./Drivers/STM32L5xx_HAL_Driver/Src/stm32l5xx_hal_dma.o
                0x08001bc4                HAL_DMA_Start_IT
 .text.HAL_DMA_Abort
                0x08001c44       0x64 ./Drivers/STM32L5xx_HAL_Driver/Src/stm32l5xx_hal_dma.o
                0x08001c44                HAL_DMA_Abort
 .text.HAL_DMA_Abort_IT
                0x08001ca8       0x6a ./Drivers/STM32L5xx_HAL_Driver/Src/stm32l5xx_hal_dma.o
                0x08001ca8                HAL_DMA_Abort_IT
 .text.HAL_DMA_IRQHandler
                0x08001d12       0xc2 ./Drivers/STM32L5xx_HAL_Driver/Src/stm32l5xx_hal_dma.o
                0x08001d12                HAL_DMA_IRQHandler
 .text.HAL_DMA_ConfigChannelAttributes
                0x08001dd4       0x20 ./Drivers/STM32L5xx_HAL_Driver/Src/stm32l5xx_hal_dma.o
                0x08001dd4                HAL_DMA_ConfigChannelAttributes
 .text.HAL_GPIO_Init
                0x08001df4      0x184 ./Drivers/STM32L5xx_HAL_Driver/Src/stm32l5xx_hal_gpio.o
                0x08001df4                HAL_GPIO_Init
 .text.HAL_GPIO_WritePin
                0x08001f78        0xa ./Drivers/STM32L5xx_HAL_Driver/Src/stm32l5xx_hal_gpio.o
                0x08001f78                HAL_GPIO_WritePin
 *fill*         0x08001f82        0x2 
 .text.HAL_ICACHE_ConfigAssociativityMode
                0x08001f84       0x20 ./Drivers/STM32L5xx_HAL_Driver/Src/stm32l5xx_hal_icache.o
                0x08001f84                HAL_ICACHE_ConfigAssociativityMode
 .text.HAL_ICACHE_Enable
                0x08001fa4       0x14 ./Drivers/STM32L5xx_HAL_Driver/Src/stm32l5xx_hal_icache.o
                0x08001fa4                HAL_ICACHE_Enable
 .text.HAL_IWDG_Init
                0x08001fb8       0x5a ./Drivers/STM32L5xx_HAL_Driver/Src/stm32l5xx_hal_iwdg.o
                0x08001fb8                HAL_IWDG_Init
 .text.HAL_IWDG_Refresh
                0x08002012        0xc ./Drivers/STM32L5xx_HAL_Driver/Src/stm32l5xx_hal_iwdg.o
                0x08002012                HAL_IWDG_Refresh
 .text.HAL_PCD_Init
                0x0800201e       0xa8 ./Drivers/STM32L5xx_HAL_Driver/Src/stm32l5xx_hal_pcd.o
                0x0800201e                HAL_PCD_Init
 .text.HAL_PCDEx_ActivateLPM
                0x080020c6       0x2c ./Drivers/STM32L5xx_HAL_Driver/Src/stm32l5xx_hal_pcd_ex.o
                0x080020c6                HAL_PCDEx_ActivateLPM
 *fill*         0x080020f2        0x2 
 .text.HAL_PWR_EnableBkUpAccess
                0x080020f4       0x10 ./Drivers/STM32L5xx_HAL_Driver/Src/stm32l5xx_hal_pwr.o
                0x080020f4                HAL_PWR_EnableBkUpAccess
 .text.HAL_PWREx_GetVoltageRange
                0x08002104       0x10 ./Drivers/STM32L5xx_HAL_Driver/Src/stm32l5xx_hal_pwr_ex.o
                0x08002104                HAL_PWREx_GetVoltageRange
 .text.HAL_PWREx_EnableVddIO2
                0x08002114       0x10 ./Drivers/STM32L5xx_HAL_Driver/Src/stm32l5xx_hal_pwr_ex.o
                0x08002114                HAL_PWREx_EnableVddIO2
 .text.HAL_PWREx_SMPS_GetEffectiveMode
                0x08002124       0x1c ./Drivers/STM32L5xx_HAL_Driver/Src/stm32l5xx_hal_pwr_ex.o
                0x08002124                HAL_PWREx_SMPS_GetEffectiveMode
 .text.HAL_PWREx_ControlVoltageScaling
                0x08002140       0x6c ./Drivers/STM32L5xx_HAL_Driver/Src/stm32l5xx_hal_pwr_ex.o
                0x08002140                HAL_PWREx_ControlVoltageScaling
 .text.RCC_SetFlashLatencyFromMSIRange
                0x080021ac       0x80 ./Drivers/STM32L5xx_HAL_Driver/Src/stm32l5xx_hal_rcc.o
 .text.HAL_RCC_GetSysClockFreq
                0x0800222c       0xb0 ./Drivers/STM32L5xx_HAL_Driver/Src/stm32l5xx_hal_rcc.o
                0x0800222c                HAL_RCC_GetSysClockFreq
 .text.HAL_RCC_GetHCLKFreq
                0x080022dc       0x20 ./Drivers/STM32L5xx_HAL_Driver/Src/stm32l5xx_hal_rcc.o
                0x080022dc                HAL_RCC_GetHCLKFreq
 .text.HAL_RCC_OscConfig
                0x080022fc      0x638 ./Drivers/STM32L5xx_HAL_Driver/Src/stm32l5xx_hal_rcc.o
                0x080022fc                HAL_RCC_OscConfig
 .text.HAL_RCC_ClockConfig
                0x08002934      0x1fc ./Drivers/STM32L5xx_HAL_Driver/Src/stm32l5xx_hal_rcc.o
                0x08002934                HAL_RCC_ClockConfig
 .text.HAL_RCC_GetPCLK1Freq
                0x08002b30       0x20 ./Drivers/STM32L5xx_HAL_Driver/Src/stm32l5xx_hal_rcc.o
                0x08002b30                HAL_RCC_GetPCLK1Freq
 .text.HAL_RCC_GetPCLK2Freq
                0x08002b50       0x20 ./Drivers/STM32L5xx_HAL_Driver/Src/stm32l5xx_hal_rcc.o
                0x08002b50                HAL_RCC_GetPCLK2Freq
 .text.RCCEx_PLLSAI1_Config
                0x08002b70       0xf4 ./Drivers/STM32L5xx_HAL_Driver/Src/stm32l5xx_hal_rcc_ex.o
 .text.RCCEx_PLLSAI2_Config.constprop.0
                0x08002c64       0xb4 ./Drivers/STM32L5xx_HAL_Driver/Src/stm32l5xx_hal_rcc_ex.o
 .text.HAL_RCCEx_PeriphCLKConfig
                0x08002d18      0x4bc ./Drivers/STM32L5xx_HAL_Driver/Src/stm32l5xx_hal_rcc_ex.o
                0x08002d18                HAL_RCCEx_PeriphCLKConfig
 .text.HAL_RTC_WaitForSynchro
                0x080031d4       0x30 ./Drivers/STM32L5xx_HAL_Driver/Src/stm32l5xx_hal_rtc.o
                0x080031d4                HAL_RTC_WaitForSynchro
 .text.RTC_EnterInitMode
                0x08003204       0x4c ./Drivers/STM32L5xx_HAL_Driver/Src/stm32l5xx_hal_rtc.o
                0x08003204                RTC_EnterInitMode
 .text.RTC_ExitInitMode
                0x08003250       0x44 ./Drivers/STM32L5xx_HAL_Driver/Src/stm32l5xx_hal_rtc.o
                0x08003250                RTC_ExitInitMode
 .text.HAL_RTC_Init
                0x08003294       0x9c ./Drivers/STM32L5xx_HAL_Driver/Src/stm32l5xx_hal_rtc.o
                0x08003294                HAL_RTC_Init
 .text.HAL_RTCEx_PrivilegeModeSet
                0x08003330       0x34 ./Drivers/STM32L5xx_HAL_Driver/Src/stm32l5xx_hal_rtc_ex.o
                0x08003330                HAL_RTCEx_PrivilegeModeSet
 .text.TIM_OC1_SetConfig
                0x08003364       0x98 ./Drivers/STM32L5xx_HAL_Driver/Src/stm32l5xx_hal_tim.o
 .text.TIM_OC3_SetConfig
                0x080033fc       0x88 ./Drivers/STM32L5xx_HAL_Driver/Src/stm32l5xx_hal_tim.o
 .text.TIM_OC4_SetConfig
                0x08003484       0x68 ./Drivers/STM32L5xx_HAL_Driver/Src/stm32l5xx_hal_tim.o
 .text.TIM_OC5_SetConfig
                0x080034ec       0x68 ./Drivers/STM32L5xx_HAL_Driver/Src/stm32l5xx_hal_tim.o
 .text.TIM_OC6_SetConfig
                0x08003554       0x68 ./Drivers/STM32L5xx_HAL_Driver/Src/stm32l5xx_hal_tim.o
 .text.HAL_TIM_PWM_MspInit
                0x080035bc        0x2 ./Drivers/STM32L5xx_HAL_Driver/Src/stm32l5xx_hal_tim.o
                0x080035bc                HAL_TIM_PWM_MspInit
 .text.HAL_TIM_PeriodElapsedCallback
                0x080035be        0x2 ./Drivers/STM32L5xx_HAL_Driver/Src/stm32l5xx_hal_tim.o
                0x080035be                HAL_TIM_PeriodElapsedCallback
 .text.HAL_TIM_OC_DelayElapsedCallback
                0x080035c0        0x2 ./Drivers/STM32L5xx_HAL_Driver/Src/stm32l5xx_hal_tim.o
                0x080035c0                HAL_TIM_OC_DelayElapsedCallback
 .text.HAL_TIM_IC_CaptureCallback
                0x080035c2        0x2 ./Drivers/STM32L5xx_HAL_Driver/Src/stm32l5xx_hal_tim.o
                0x080035c2                HAL_TIM_IC_CaptureCallback
 .text.HAL_TIM_TriggerCallback
                0x080035c4        0x2 ./Drivers/STM32L5xx_HAL_Driver/Src/stm32l5xx_hal_tim.o
                0x080035c4                HAL_TIM_TriggerCallback
 .text.HAL_TIM_IRQHandler
                0x080035c6      0x140 ./Drivers/STM32L5xx_HAL_Driver/Src/stm32l5xx_hal_tim.o
                0x080035c6                HAL_TIM_IRQHandler
 *fill*         0x08003706        0x2 
 .text.TIM_Base_SetConfig
                0x08003708       0xd8 ./Drivers/STM32L5xx_HAL_Driver/Src/stm32l5xx_hal_tim.o
                0x08003708                TIM_Base_SetConfig
 .text.HAL_TIM_Base_Init
                0x080037e0       0x60 ./Drivers/STM32L5xx_HAL_Driver/Src/stm32l5xx_hal_tim.o
                0x080037e0                HAL_TIM_Base_Init
 .text.HAL_TIM_PWM_Init
                0x08003840       0x60 ./Drivers/STM32L5xx_HAL_Driver/Src/stm32l5xx_hal_tim.o
                0x08003840                HAL_TIM_PWM_Init
 .text.TIM_OC2_SetConfig
                0x080038a0       0x8c ./Drivers/STM32L5xx_HAL_Driver/Src/stm32l5xx_hal_tim.o
                0x080038a0                TIM_OC2_SetConfig
 .text.HAL_TIM_PWM_ConfigChannel
                0x0800392c       0xf8 ./Drivers/STM32L5xx_HAL_Driver/Src/stm32l5xx_hal_tim.o
                0x0800392c                HAL_TIM_PWM_ConfigChannel
 .text.TIM_ETR_SetConfig
                0x08003a24       0x14 ./Drivers/STM32L5xx_HAL_Driver/Src/stm32l5xx_hal_tim.o
                0x08003a24                TIM_ETR_SetConfig
 .text.HAL_TIM_ConfigClockSource
                0x08003a38      0x144 ./Drivers/STM32L5xx_HAL_Driver/Src/stm32l5xx_hal_tim.o
                0x08003a38                HAL_TIM_ConfigClockSource
 .text.TIM_CCxChannelCmd
                0x08003b7c       0x1c ./Drivers/STM32L5xx_HAL_Driver/Src/stm32l5xx_hal_tim.o
                0x08003b7c                TIM_CCxChannelCmd
 .text.HAL_TIM_OC_Start_IT
                0x08003b98      0x13c ./Drivers/STM32L5xx_HAL_Driver/Src/stm32l5xx_hal_tim.o
                0x08003b98                HAL_TIM_OC_Start_IT
 .text.HAL_TIM_PWM_Start_IT
                0x08003cd4        0x4 ./Drivers/STM32L5xx_HAL_Driver/Src/stm32l5xx_hal_tim.o
                0x08003cd4                HAL_TIM_PWM_Start_IT
 .text.HAL_TIMEx_MasterConfigSynchronization
                0x08003cd8       0x8c ./Drivers/STM32L5xx_HAL_Driver/Src/stm32l5xx_hal_tim_ex.o
                0x08003cd8                HAL_TIMEx_MasterConfigSynchronization
 .text.HAL_TIMEx_CommutCallback
                0x08003d64        0x2 ./Drivers/STM32L5xx_HAL_Driver/Src/stm32l5xx_hal_tim_ex.o
                0x08003d64                HAL_TIMEx_CommutCallback
 .text.HAL_TIMEx_BreakCallback
                0x08003d66        0x2 ./Drivers/STM32L5xx_HAL_Driver/Src/stm32l5xx_hal_tim_ex.o
                0x08003d66                HAL_TIMEx_BreakCallback
 .text.HAL_TIMEx_Break2Callback
                0x08003d68        0x2 ./Drivers/STM32L5xx_HAL_Driver/Src/stm32l5xx_hal_tim_ex.o
                0x08003d68                HAL_TIMEx_Break2Callback
 .text.UART_EndTxTransfer
                0x08003d6a       0x34 ./Drivers/STM32L5xx_HAL_Driver/Src/stm32l5xx_hal_uart.o
 *fill*         0x08003d9e        0x2 
 .text.UART_EndRxTransfer
                0x08003da0       0x58 ./Drivers/STM32L5xx_HAL_Driver/Src/stm32l5xx_hal_uart.o
 .text.HAL_UART_TxCpltCallback
                0x08003df8        0x2 ./Drivers/STM32L5xx_HAL_Driver/Src/stm32l5xx_hal_uart.o
                0x08003df8                HAL_UART_TxCpltCallback
 .text.HAL_UART_RxHalfCpltCallback
                0x08003dfa        0x2 ./Drivers/STM32L5xx_HAL_Driver/Src/stm32l5xx_hal_uart.o
                0x08003dfa                HAL_UART_RxHalfCpltCallback
 .text.HAL_UART_ErrorCallback
                0x08003dfc        0x2 ./Drivers/STM32L5xx_HAL_Driver/Src/stm32l5xx_hal_uart.o
                0x08003dfc                HAL_UART_ErrorCallback
 .text.UART_DMAError
                0x08003dfe       0x48 ./Drivers/STM32L5xx_HAL_Driver/Src/stm32l5xx_hal_uart.o
 .text.UART_DMAAbortOnError
                0x08003e46       0x14 ./Drivers/STM32L5xx_HAL_Driver/Src/stm32l5xx_hal_uart.o
 .text.HAL_UARTEx_RxEventCallback
                0x08003e5a        0x2 ./Drivers/STM32L5xx_HAL_Driver/Src/stm32l5xx_hal_uart.o
                0x08003e5a                HAL_UARTEx_RxEventCallback
 .text.HAL_UART_IRQHandler
                0x08003e5c      0x2f8 ./Drivers/STM32L5xx_HAL_Driver/Src/stm32l5xx_hal_uart.o
                0x08003e5c                HAL_UART_IRQHandler
 .text.UART_DMARxHalfCplt
                0x08004154       0x20 ./Drivers/STM32L5xx_HAL_Driver/Src/stm32l5xx_hal_uart.o
 .text.UART_DMAReceiveCplt
                0x08004174       0x8e ./Drivers/STM32L5xx_HAL_Driver/Src/stm32l5xx_hal_uart.o
 *fill*         0x08004202        0x2 
 .text.UART_SetConfig
                0x08004204      0x280 ./Drivers/STM32L5xx_HAL_Driver/Src/stm32l5xx_hal_uart.o
                0x08004204                UART_SetConfig
 .text.UART_AdvFeatureConfig
                0x08004484       0xaa ./Drivers/STM32L5xx_HAL_Driver/Src/stm32l5xx_hal_uart.o
                0x08004484                UART_AdvFeatureConfig
 .text.UART_WaitOnFlagUntilTimeout
                0x0800452e       0x90 ./Drivers/STM32L5xx_HAL_Driver/Src/stm32l5xx_hal_uart.o
                0x0800452e                UART_WaitOnFlagUntilTimeout
 .text.HAL_UART_Transmit
                0x080045be       0xaa ./Drivers/STM32L5xx_HAL_Driver/Src/stm32l5xx_hal_uart.o
                0x080045be                HAL_UART_Transmit
 .text.HAL_UART_Receive
                0x08004668       0xd8 ./Drivers/STM32L5xx_HAL_Driver/Src/stm32l5xx_hal_uart.o
                0x08004668                HAL_UART_Receive
 .text.UART_CheckIdleState
                0x08004740       0xb6 ./Drivers/STM32L5xx_HAL_Driver/Src/stm32l5xx_hal_uart.o
                0x08004740                UART_CheckIdleState
 .text.HAL_UART_Init
                0x080047f6       0x60 ./Drivers/STM32L5xx_HAL_Driver/Src/stm32l5xx_hal_uart.o
                0x080047f6                HAL_UART_Init
 *fill*         0x08004856        0x2 
 .text.UART_Start_Receive_DMA
                0x08004858       0xa0 ./Drivers/STM32L5xx_HAL_Driver/Src/stm32l5xx_hal_uart.o
                0x08004858                UART_Start_Receive_DMA
 .text.HAL_UART_Receive_DMA
                0x080048f8       0x44 ./Drivers/STM32L5xx_HAL_Driver/Src/stm32l5xx_hal_uart.o
                0x080048f8                HAL_UART_Receive_DMA
 .text.UARTEx_SetNbDataToProcess
                0x0800493c       0x44 ./Drivers/STM32L5xx_HAL_Driver/Src/stm32l5xx_hal_uart_ex.o
 .text.HAL_UARTEx_WakeupCallback
                0x08004980        0x2 ./Drivers/STM32L5xx_HAL_Driver/Src/stm32l5xx_hal_uart_ex.o
                0x08004980                HAL_UARTEx_WakeupCallback
 .text.HAL_UARTEx_RxFifoFullCallback
                0x08004982        0x2 ./Drivers/STM32L5xx_HAL_Driver/Src/stm32l5xx_hal_uart_ex.o
                0x08004982                HAL_UARTEx_RxFifoFullCallback
 .text.HAL_UARTEx_TxFifoEmptyCallback
                0x08004984        0x2 ./Drivers/STM32L5xx_HAL_Driver/Src/stm32l5xx_hal_uart_ex.o
                0x08004984                HAL_UARTEx_TxFifoEmptyCallback
 .text.HAL_UARTEx_DisableFifoMode
                0x08004986       0x36 ./Drivers/STM32L5xx_HAL_Driver/Src/stm32l5xx_hal_uart_ex.o
                0x08004986                HAL_UARTEx_DisableFifoMode
 .text.HAL_UARTEx_SetTxFifoThreshold
                0x080049bc       0x40 ./Drivers/STM32L5xx_HAL_Driver/Src/stm32l5xx_hal_uart_ex.o
                0x080049bc                HAL_UARTEx_SetTxFifoThreshold
 .text.HAL_UARTEx_SetRxFifoThreshold
                0x080049fc       0x40 ./Drivers/STM32L5xx_HAL_Driver/Src/stm32l5xx_hal_uart_ex.o
                0x080049fc                HAL_UARTEx_SetRxFifoThreshold
 .text.LL_GPIO_Init
                0x08004a3c      0x134 ./Drivers/STM32L5xx_HAL_Driver/Src/stm32l5xx_ll_gpio.o
                0x08004a3c                LL_GPIO_Init
 .text.USB_DisableGlobalInt
                0x08004b70       0x14 ./Drivers/STM32L5xx_HAL_Driver/Src/stm32l5xx_ll_usb.o
                0x08004b70                USB_DisableGlobalInt
 .text.USB_DevInit
                0x08004b84       0x22 ./Drivers/STM32L5xx_HAL_Driver/Src/stm32l5xx_ll_usb.o
                0x08004b84                USB_DevInit
 .text.memset   0x08004ba6       0x10 C:/ST/STM32CubeIDE_1.15.1/STM32CubeIDE/plugins/com.st.stm32cube.ide.mcu.externaltools.gnu-tools-for-stm32.12.3.rel1.win32_1.0.100.202403111256/tools/bin/../lib/gcc/arm-none-eabi/12.3.1/../../../../arm-none-eabi/lib/thumb/v8-m.main+fp/hard\libc_nano.a(libc_a-memset.o)
                0x08004ba6                memset
 *fill*         0x08004bb6        0x2 
 .text.__libc_init_array
                0x08004bb8       0x48 C:/ST/STM32CubeIDE_1.15.1/STM32CubeIDE/plugins/com.st.stm32cube.ide.mcu.externaltools.gnu-tools-for-stm32.12.3.rel1.win32_1.0.100.202403111256/tools/bin/../lib/gcc/arm-none-eabi/12.3.1/../../../../arm-none-eabi/lib/thumb/v8-m.main+fp/hard\libc_nano.a(libc_a-init.o)
                0x08004bb8                __libc_init_array
 *(.glue_7)
 .glue_7        0x08004c00        0x0 linker stubs
 *(.glue_7t)
 .glue_7t       0x08004c00        0x0 linker stubs
 *(.eh_frame)
 .eh_frame      0x08004c00        0x0 C:/ST/STM32CubeIDE_1.15.1/STM32CubeIDE/plugins/com.st.stm32cube.ide.mcu.externaltools.gnu-tools-for-stm32.12.3.rel1.win32_1.0.100.202403111256/tools/bin/../lib/gcc/arm-none-eabi/12.3.1/thumb/v8-m.main+fp/hard/crtbegin.o
 *(.init)
 .init          0x08004c00        0x4 C:/ST/STM32CubeIDE_1.15.1/STM32CubeIDE/plugins/com.st.stm32cube.ide.mcu.externaltools.gnu-tools-for-stm32.12.3.rel1.win32_1.0.100.202403111256/tools/bin/../lib/gcc/arm-none-eabi/12.3.1/thumb/v8-m.main+fp/hard/crti.o
                0x08004c00                _init
 .init          0x08004c04        0x8 C:/ST/STM32CubeIDE_1.15.1/STM32CubeIDE/plugins/com.st.stm32cube.ide.mcu.externaltools.gnu-tools-for-stm32.12.3.rel1.win32_1.0.100.202403111256/tools/bin/../lib/gcc/arm-none-eabi/12.3.1/thumb/v8-m.main+fp/hard/crtn.o
 *(.fini)
 .fini          0x08004c0c        0x4 C:/ST/STM32CubeIDE_1.15.1/STM32CubeIDE/plugins/com.st.stm32cube.ide.mcu.externaltools.gnu-tools-for-stm32.12.3.rel1.win32_1.0.100.202403111256/tools/bin/../lib/gcc/arm-none-eabi/12.3.1/thumb/v8-m.main+fp/hard/crti.o
                0x08004c0c                _fini
 .fini          0x08004c10        0x8 C:/ST/STM32CubeIDE_1.15.1/STM32CubeIDE/plugins/com.st.stm32cube.ide.mcu.externaltools.gnu-tools-for-stm32.12.3.rel1.win32_1.0.100.202403111256/tools/bin/../lib/gcc/arm-none-eabi/12.3.1/thumb/v8-m.main+fp/hard/crtn.o
                0x08004c18                        . = ALIGN (0x4)
                0x08004c18                        _etext = .

.vfp11_veneer   0x08004c18        0x0
 .vfp11_veneer  0x08004c18        0x0 linker stubs

.v4_bx          0x08004c18        0x0
 .v4_bx         0x08004c18        0x0 linker stubs

.iplt           0x08004c18        0x0
 .iplt          0x08004c18        0x0 C:/ST/STM32CubeIDE_1.15.1/STM32CubeIDE/plugins/com.st.stm32cube.ide.mcu.externaltools.gnu-tools-for-stm32.12.3.rel1.win32_1.0.100.202403111256/tools/bin/../lib/gcc/arm-none-eabi/12.3.1/thumb/v8-m.main+fp/hard/crtbegin.o

.rodata         0x08004c18       0x84
                0x08004c18                        . = ALIGN (0x4)
 *(.rodata)
 *(.rodata*)
 .rodata.MSIRangeTable
                0x08004c18       0x40 ./Core/Src/system_stm32l5xx.o
                0x08004c18                MSIRangeTable
 .rodata.APBPrescTable
                0x08004c58        0x8 ./Core/Src/system_stm32l5xx.o
                0x08004c58                APBPrescTable
 .rodata.AHBPrescTable
                0x08004c60       0x10 ./Core/Src/system_stm32l5xx.o
                0x08004c60                AHBPrescTable
 .rodata.handshake_message
                0x08004c70        0x1 ./Core/Src/uart_joy_input.o
                0x08004c70                handshake_message
 *fill*         0x08004c71        0x1 
 .rodata.UARTPrescTable
                0x08004c72       0x18 ./Drivers/STM32L5xx_HAL_Driver/Src/stm32l5xx_hal_uart.o
                0x08004c72                UARTPrescTable
 .rodata.denominator.0
                0x08004c8a        0x8 ./Drivers/STM32L5xx_HAL_Driver/Src/stm32l5xx_hal_uart_ex.o
 .rodata.numerator.1
                0x08004c92        0x8 ./Drivers/STM32L5xx_HAL_Driver/Src/stm32l5xx_hal_uart_ex.o
                0x08004c9c                        . = ALIGN (0x4)
 *fill*         0x08004c9a        0x2 

.ARM.extab      0x08004c9c        0x0
                0x08004c9c                        . = ALIGN (0x4)
 *(.ARM.extab* .gnu.linkonce.armextab.*)
                0x08004c9c                        . = ALIGN (0x4)

.ARM            0x08004c9c        0x8
                0x08004c9c                        . = ALIGN (0x4)
                0x08004c9c                        __exidx_start = .
 *(.ARM.exidx*)
 .ARM.exidx     0x08004c9c        0x8 C:/ST/STM32CubeIDE_1.15.1/STM32CubeIDE/plugins/com.st.stm32cube.ide.mcu.externaltools.gnu-tools-for-stm32.12.3.rel1.win32_1.0.100.202403111256/tools/bin/../lib/gcc/arm-none-eabi/12.3.1/thumb/v8-m.main+fp/hard\libgcc.a(_udivmoddi4.o)
                0x08004ca4                        __exidx_end = .
                0x08004ca4                        . = ALIGN (0x4)

.rel.dyn        0x08004ca4        0x0
 .rel.iplt      0x08004ca4        0x0 C:/ST/STM32CubeIDE_1.15.1/STM32CubeIDE/plugins/com.st.stm32cube.ide.mcu.externaltools.gnu-tools-for-stm32.12.3.rel1.win32_1.0.100.202403111256/tools/bin/../lib/gcc/arm-none-eabi/12.3.1/thumb/v8-m.main+fp/hard/crtbegin.o

.preinit_array  0x08004ca4        0x0
                0x08004ca4                        . = ALIGN (0x4)
                0x08004ca4                        PROVIDE (__preinit_array_start = .)
 *(.preinit_array*)
                0x08004ca4                        PROVIDE (__preinit_array_end = .)
                0x08004ca4                        . = ALIGN (0x4)

.init_array     0x08004ca4        0x4
                0x08004ca4                        . = ALIGN (0x4)
                0x08004ca4                        PROVIDE (__init_array_start = .)
 *(SORT_BY_NAME(.init_array.*))
 *(.init_array*)
 .init_array    0x08004ca4        0x4 C:/ST/STM32CubeIDE_1.15.1/STM32CubeIDE/plugins/com.st.stm32cube.ide.mcu.externaltools.gnu-tools-for-stm32.12.3.rel1.win32_1.0.100.202403111256/tools/bin/../lib/gcc/arm-none-eabi/12.3.1/thumb/v8-m.main+fp/hard/crtbegin.o
                0x08004ca8                        PROVIDE (__init_array_end = .)
                0x08004ca8                        . = ALIGN (0x4)

.fini_array     0x08004ca8        0x4
                0x08004ca8                        . = ALIGN (0x4)
                [!provide]                        PROVIDE (__fini_array_start = .)
 *(SORT_BY_NAME(.fini_array.*))
 *(.fini_array*)
 .fini_array    0x08004ca8        0x4 C:/ST/STM32CubeIDE_1.15.1/STM32CubeIDE/plugins/com.st.stm32cube.ide.mcu.externaltools.gnu-tools-for-stm32.12.3.rel1.win32_1.0.100.202403111256/tools/bin/../lib/gcc/arm-none-eabi/12.3.1/thumb/v8-m.main+fp/hard/crtbegin.o
                [!provide]                        PROVIDE (__fini_array_end = .)
                0x08004cac                        . = ALIGN (0x4)
                0x08004cac                        _sidata = LOADADDR (.data)

.data           0x20000000        0xc load address 0x08004cac
                0x20000000                        . = ALIGN (0x4)
                0x20000000                        _sdata = .
 *(.data)
 *(.data*)
 .data.SystemCoreClock
                0x20000000        0x4 ./Core/Src/system_stm32l5xx.o
                0x20000000                SystemCoreClock
 .data.uwTickFreq
                0x20000004        0x1 ./Drivers/STM32L5xx_HAL_Driver/Src/stm32l5xx_hal.o
                0x20000004                uwTickFreq
 *fill*         0x20000005        0x3 
 .data.uwTickPrio
                0x20000008        0x4 ./Drivers/STM32L5xx_HAL_Driver/Src/stm32l5xx_hal.o
                0x20000008                uwTickPrio
 *(.RamFunc)
 *(.RamFunc*)
                0x2000000c                        . = ALIGN (0x4)
                0x2000000c                        _edata = .

.igot.plt       0x2000000c        0x0 load address 0x08004cb8
 .igot.plt      0x2000000c        0x0 C:/ST/STM32CubeIDE_1.15.1/STM32CubeIDE/plugins/com.st.stm32cube.ide.mcu.externaltools.gnu-tools-for-stm32.12.3.rel1.win32_1.0.100.202403111256/tools/bin/../lib/gcc/arm-none-eabi/12.3.1/thumb/v8-m.main+fp/hard/crtbegin.o
                0x2000000c                        . = ALIGN (0x4)

.bss            0x2000000c      0x5d0 load address 0x08004cb8
                0x2000000c                        _sbss = .
                0x2000000c                        __bss_start__ = _sbss
 *(.bss)
 .bss           0x2000000c       0x1c C:/ST/STM32CubeIDE_1.15.1/STM32CubeIDE/plugins/com.st.stm32cube.ide.mcu.externaltools.gnu-tools-for-stm32.12.3.rel1.win32_1.0.100.202403111256/tools/bin/../lib/gcc/arm-none-eabi/12.3.1/thumb/v8-m.main+fp/hard/crtbegin.o
 *(.bss*)
 .bss.hadc1     0x20000028       0x68 ./Core/Src/adc.o
                0x20000028                hadc1
 .bss.hiwdg     0x20000090       0x10 ./Core/Src/iwdg.o
                0x20000090                hiwdg
 .bss.motor_output
                0x200000a0        0x8 ./Core/Src/motor_pwm_interface.o
 .bss.hrtc      0x200000a8       0x28 ./Core/Src/rtc.o
                0x200000a8                hrtc
 .bss.htim4     0x200000d0       0x4c ./Core/Src/tim.o
                0x200000d0                htim4
 .bss.htim3     0x2000011c       0x4c ./Core/Src/tim.o
                0x2000011c                htim3
 .bss.UART_rxBuffer
                0x20000168        0x4 ./Core/Src/uart_joy_input.o
                0x20000168                UART_rxBuffer
 .bss.hdma_uart4_rx
                0x2000016c       0x68 ./Core/Src/usart.o
                0x2000016c                hdma_uart4_rx
 .bss.huart4    0x200001d4       0x94 ./Core/Src/usart.o
                0x200001d4                huart4
 .bss.hlpuart1  0x20000268       0x94 ./Core/Src/usart.o
                0x20000268                hlpuart1
 .bss.hpcd_USB_FS
                0x200002fc      0x2dc ./Core/Src/usb.o
                0x200002fc                hpcd_USB_FS
 .bss.uwTick    0x200005d8        0x4 ./Drivers/STM32L5xx_HAL_Driver/Src/stm32l5xx_hal.o
                0x200005d8                uwTick
 *(COMMON)
                0x200005dc                        . = ALIGN (0x4)
                0x200005dc                        _ebss = .
                0x200005dc                        __bss_end__ = _ebss

._user_heap_stack
                0x200005dc      0x604 load address 0x08004cb8
                0x200005e0                        . = ALIGN (0x8)
 *fill*         0x200005dc        0x4 
                [!provide]                        PROVIDE (end = .)
                0x200005e0                        PROVIDE (_end = .)
                0x200007e0                        . = (. + _Min_Heap_Size)
 *fill*         0x200005e0      0x200 
                0x20000be0                        . = (. + _Min_Stack_Size)
 *fill*         0x200007e0      0x400 
                0x20000be0                        . = ALIGN (0x8)

/DISCARD/
 libc.a(*)
 libm.a(*)
 libgcc.a(*)

.ARM.attributes
                0x00000000       0x36
 *(.ARM.attributes)
 .ARM.attributes
                0x00000000       0x26 C:/ST/STM32CubeIDE_1.15.1/STM32CubeIDE/plugins/com.st.stm32cube.ide.mcu.externaltools.gnu-tools-for-stm32.12.3.rel1.win32_1.0.100.202403111256/tools/bin/../lib/gcc/arm-none-eabi/12.3.1/thumb/v8-m.main+fp/hard/crti.o
 .ARM.attributes
                0x00000026       0x38 C:/ST/STM32CubeIDE_1.15.1/STM32CubeIDE/plugins/com.st.stm32cube.ide.mcu.externaltools.gnu-tools-for-stm32.12.3.rel1.win32_1.0.100.202403111256/tools/bin/../lib/gcc/arm-none-eabi/12.3.1/thumb/v8-m.main+fp/hard/crtbegin.o
 .ARM.attributes
                0x0000005e       0x3a ./Core/Src/adc.o
 .ARM.attributes
                0x00000098       0x3a ./Core/Src/arcade_controller.o
 .ARM.attributes
                0x000000d2       0x3a ./Core/Src/dma.o
 .ARM.attributes
                0x0000010c       0x3a ./Core/Src/gpio.o
 .ARM.attributes
                0x00000146       0x3a ./Core/Src/icache.o
 .ARM.attributes
                0x00000180       0x3a ./Core/Src/iwdg.o
 .ARM.attributes
                0x000001ba       0x3a ./Core/Src/main.o
 .ARM.attributes
                0x000001f4       0x3a ./Core/Src/motor_pwm_interface.o
 .ARM.attributes
                0x0000022e       0x3a ./Core/Src/rtc.o
 .ARM.attributes
                0x00000268       0x3a ./Core/Src/stm32l5xx_hal_msp.o
 .ARM.attributes
                0x000002a2       0x3a ./Core/Src/stm32l5xx_it.o
 .ARM.attributes
                0x000002dc       0x3a ./Core/Src/system_stm32l5xx.o
 .ARM.attributes
                0x00000316       0x3a ./Core/Src/tim.o
 .ARM.attributes
                0x00000350       0x3a ./Core/Src/uart_joy_input.o
 .ARM.attributes
                0x0000038a       0x3a ./Core/Src/ucpd.o
 .ARM.attributes
                0x000003c4       0x3a ./Core/Src/usart.o
 .ARM.attributes
                0x000003fe       0x3a ./Core/Src/usb.o
 .ARM.attributes
                0x00000438       0x24 ./Core/Startup/startup_stm32l552zetxq.o
 .ARM.attributes
                0x0000045c       0x3a ./Drivers/STM32L5xx_HAL_Driver/Src/stm32l5xx_hal.o
 .ARM.attributes
                0x00000496       0x3a ./Drivers/STM32L5xx_HAL_Driver/Src/stm32l5xx_hal_adc.o
 .ARM.attributes
                0x000004d0       0x3a ./Drivers/STM32L5xx_HAL_Driver/Src/stm32l5xx_hal_adc_ex.o
 .ARM.attributes
                0x0000050a       0x3a ./Drivers/STM32L5xx_HAL_Driver/Src/stm32l5xx_hal_cortex.o
 .ARM.attributes
                0x00000544       0x3a ./Drivers/STM32L5xx_HAL_Driver/Src/stm32l5xx_hal_dma.o
 .ARM.attributes
                0x0000057e       0x3a ./Drivers/STM32L5xx_HAL_Driver/Src/stm32l5xx_hal_gpio.o
 .ARM.attributes
                0x000005b8       0x3a ./Drivers/STM32L5xx_HAL_Driver/Src/stm32l5xx_hal_icache.o
 .ARM.attributes
                0x000005f2       0x3a ./Drivers/STM32L5xx_HAL_Driver/Src/stm32l5xx_hal_iwdg.o
 .ARM.attributes
                0x0000062c       0x3a ./Drivers/STM32L5xx_HAL_Driver/Src/stm32l5xx_hal_pcd.o
 .ARM.attributes
                0x00000666       0x3a ./Drivers/STM32L5xx_HAL_Driver/Src/stm32l5xx_hal_pcd_ex.o
 .ARM.attributes
                0x000006a0       0x3a ./Drivers/STM32L5xx_HAL_Driver/Src/stm32l5xx_hal_pwr.o
 .ARM.attributes
                0x000006da       0x3a ./Drivers/STM32L5xx_HAL_Driver/Src/stm32l5xx_hal_pwr_ex.o
 .ARM.attributes
                0x00000714       0x3a ./Drivers/STM32L5xx_HAL_Driver/Src/stm32l5xx_hal_rcc.o
 .ARM.attributes
                0x0000074e       0x3a ./Drivers/STM32L5xx_HAL_Driver/Src/stm32l5xx_hal_rcc_ex.o
 .ARM.attributes
                0x00000788       0x3a ./Drivers/STM32L5xx_HAL_Driver/Src/stm32l5xx_hal_rtc.o
 .ARM.attributes
                0x000007c2       0x3a ./Drivers/STM32L5xx_HAL_Driver/Src/stm32l5xx_hal_rtc_ex.o
 .ARM.attributes
                0x000007fc       0x3a ./Drivers/STM32L5xx_HAL_Driver/Src/stm32l5xx_hal_tim.o
 .ARM.attributes
                0x00000836       0x3a ./Drivers/STM32L5xx_HAL_Driver/Src/stm32l5xx_hal_tim_ex.o
 .ARM.attributes
                0x00000870       0x3a ./Drivers/STM32L5xx_HAL_Driver/Src/stm32l5xx_hal_uart.o
 .ARM.attributes
                0x000008aa       0x3a ./Drivers/STM32L5xx_HAL_Driver/Src/stm32l5xx_hal_uart_ex.o
 .ARM.attributes
                0x000008e4       0x3a ./Drivers/STM32L5xx_HAL_Driver/Src/stm32l5xx_ll_gpio.o
 .ARM.attributes
                0x0000091e       0x3a ./Drivers/STM32L5xx_HAL_Driver/Src/stm32l5xx_ll_usb.o
 .ARM.attributes
                0x00000958       0x38 C:/ST/STM32CubeIDE_1.15.1/STM32CubeIDE/plugins/com.st.stm32cube.ide.mcu.externaltools.gnu-tools-for-stm32.12.3.rel1.win32_1.0.100.202403111256/tools/bin/../lib/gcc/arm-none-eabi/12.3.1/../../../../arm-none-eabi/lib/thumb/v8-m.main+fp/hard\libc_nano.a(libc_a-memset.o)
 .ARM.attributes
                0x00000990       0x38 C:/ST/STM32CubeIDE_1.15.1/STM32CubeIDE/plugins/com.st.stm32cube.ide.mcu.externaltools.gnu-tools-for-stm32.12.3.rel1.win32_1.0.100.202403111256/tools/bin/../lib/gcc/arm-none-eabi/12.3.1/../../../../arm-none-eabi/lib/thumb/v8-m.main+fp/hard\libc_nano.a(libc_a-init.o)
 .ARM.attributes
                0x000009c8       0x26 C:/ST/STM32CubeIDE_1.15.1/STM32CubeIDE/plugins/com.st.stm32cube.ide.mcu.externaltools.gnu-tools-for-stm32.12.3.rel1.win32_1.0.100.202403111256/tools/bin/../lib/gcc/arm-none-eabi/12.3.1/thumb/v8-m.main+fp/hard\libgcc.a(_aeabi_uldivmod.o)
 .ARM.attributes
                0x000009ee       0x38 C:/ST/STM32CubeIDE_1.15.1/STM32CubeIDE/plugins/com.st.stm32cube.ide.mcu.externaltools.gnu-tools-for-stm32.12.3.rel1.win32_1.0.100.202403111256/tools/bin/../lib/gcc/arm-none-eabi/12.3.1/thumb/v8-m.main+fp/hard\libgcc.a(_udivmoddi4.o)
 .ARM.attributes
                0x00000a26       0x26 C:/ST/STM32CubeIDE_1.15.1/STM32CubeIDE/plugins/com.st.stm32cube.ide.mcu.externaltools.gnu-tools-for-stm32.12.3.rel1.win32_1.0.100.202403111256/tools/bin/../lib/gcc/arm-none-eabi/12.3.1/thumb/v8-m.main+fp/hard\libgcc.a(_dvmd_tls.o)
 .ARM.attributes
                0x00000a4c       0x26 C:/ST/STM32CubeIDE_1.15.1/STM32CubeIDE/plugins/com.st.stm32cube.ide.mcu.externaltools.gnu-tools-for-stm32.12.3.rel1.win32_1.0.100.202403111256/tools/bin/../lib/gcc/arm-none-eabi/12.3.1/thumb/v8-m.main+fp/hard/crtn.o
OUTPUT(DrivetrainController.elf elf32-littlearm)
LOAD linker stubs
LOAD C:/ST/STM32CubeIDE_1.15.1/STM32CubeIDE/plugins/com.st.stm32cube.ide.mcu.externaltools.gnu-tools-for-stm32.12.3.rel1.win32_1.0.100.202403111256/tools/bin/../lib/gcc/arm-none-eabi/12.3.1/../../../../arm-none-eabi/lib/thumb/v8-m.main+fp/hard\libc.a
LOAD C:/ST/STM32CubeIDE_1.15.1/STM32CubeIDE/plugins/com.st.stm32cube.ide.mcu.externaltools.gnu-tools-for-stm32.12.3.rel1.win32_1.0.100.202403111256/tools/bin/../lib/gcc/arm-none-eabi/12.3.1/../../../../arm-none-eabi/lib/thumb/v8-m.main+fp/hard\libm.a
LOAD C:/ST/STM32CubeIDE_1.15.1/STM32CubeIDE/plugins/com.st.stm32cube.ide.mcu.externaltools.gnu-tools-for-stm32.12.3.rel1.win32_1.0.100.202403111256/tools/bin/../lib/gcc/arm-none-eabi/12.3.1/thumb/v8-m.main+fp/hard\libgcc.a

.comment        0x00000000       0x43
 .comment       0x00000000       0x43 ./Core/Src/adc.o
                                 0x44 (size before relaxing)
 .comment       0x00000043       0x44 ./Core/Src/arcade_controller.o
 .comment       0x00000043       0x44 ./Core/Src/dma.o
 .comment       0x00000043       0x44 ./Core/Src/gpio.o
 .comment       0x00000043       0x44 ./Core/Src/icache.o
 .comment       0x00000043       0x44 ./Core/Src/iwdg.o
 .comment       0x00000043       0x44 ./Core/Src/main.o
 .comment       0x00000043       0x44 ./Core/Src/motor_pwm_interface.o
 .comment       0x00000043       0x44 ./Core/Src/rtc.o
 .comment       0x00000043       0x44 ./Core/Src/stm32l5xx_hal_msp.o
 .comment       0x00000043       0x44 ./Core/Src/stm32l5xx_it.o
 .comment       0x00000043       0x44 ./Core/Src/system_stm32l5xx.o
 .comment       0x00000043       0x44 ./Core/Src/tim.o
 .comment       0x00000043       0x44 ./Core/Src/uart_joy_input.o
 .comment       0x00000043       0x44 ./Core/Src/ucpd.o
 .comment       0x00000043       0x44 ./Core/Src/usart.o
 .comment       0x00000043       0x44 ./Core/Src/usb.o
 .comment       0x00000043       0x44 ./Drivers/STM32L5xx_HAL_Driver/Src/stm32l5xx_hal.o
 .comment       0x00000043       0x44 ./Drivers/STM32L5xx_HAL_Driver/Src/stm32l5xx_hal_adc.o
 .comment       0x00000043       0x44 ./Drivers/STM32L5xx_HAL_Driver/Src/stm32l5xx_hal_adc_ex.o
 .comment       0x00000043       0x44 ./Drivers/STM32L5xx_HAL_Driver/Src/stm32l5xx_hal_cortex.o
 .comment       0x00000043       0x44 ./Drivers/STM32L5xx_HAL_Driver/Src/stm32l5xx_hal_dma.o
 .comment       0x00000043       0x44 ./Drivers/STM32L5xx_HAL_Driver/Src/stm32l5xx_hal_gpio.o
 .comment       0x00000043       0x44 ./Drivers/STM32L5xx_HAL_Driver/Src/stm32l5xx_hal_icache.o
 .comment       0x00000043       0x44 ./Drivers/STM32L5xx_HAL_Driver/Src/stm32l5xx_hal_iwdg.o
 .comment       0x00000043       0x44 ./Drivers/STM32L5xx_HAL_Driver/Src/stm32l5xx_hal_pcd.o
 .comment       0x00000043       0x44 ./Drivers/STM32L5xx_HAL_Driver/Src/stm32l5xx_hal_pcd_ex.o
 .comment       0x00000043       0x44 ./Drivers/STM32L5xx_HAL_Driver/Src/stm32l5xx_hal_pwr.o
 .comment       0x00000043       0x44 ./Drivers/STM32L5xx_HAL_Driver/Src/stm32l5xx_hal_pwr_ex.o
 .comment       0x00000043       0x44 ./Drivers/STM32L5xx_HAL_Driver/Src/stm32l5xx_hal_rcc.o
 .comment       0x00000043       0x44 ./Drivers/STM32L5xx_HAL_Driver/Src/stm32l5xx_hal_rcc_ex.o
 .comment       0x00000043       0x44 ./Drivers/STM32L5xx_HAL_Driver/Src/stm32l5xx_hal_rtc.o
 .comment       0x00000043       0x44 ./Drivers/STM32L5xx_HAL_Driver/Src/stm32l5xx_hal_rtc_ex.o
 .comment       0x00000043       0x44 ./Drivers/STM32L5xx_HAL_Driver/Src/stm32l5xx_hal_tim.o
 .comment       0x00000043       0x44 ./Drivers/STM32L5xx_HAL_Driver/Src/stm32l5xx_hal_tim_ex.o
 .comment       0x00000043       0x44 ./Drivers/STM32L5xx_HAL_Driver/Src/stm32l5xx_hal_uart.o
 .comment       0x00000043       0x44 ./Drivers/STM32L5xx_HAL_Driver/Src/stm32l5xx_hal_uart_ex.o
 .comment       0x00000043       0x44 ./Drivers/STM32L5xx_HAL_Driver/Src/stm32l5xx_ll_gpio.o
 .comment       0x00000043       0x44 ./Drivers/STM32L5xx_HAL_Driver/Src/stm32l5xx_ll_usb.o

.debug_frame    0x00000000       0xb0
 .debug_frame   0x00000000       0x20 C:/ST/STM32CubeIDE_1.15.1/STM32CubeIDE/plugins/com.st.stm32cube.ide.mcu.externaltools.gnu-tools-for-stm32.12.3.rel1.win32_1.0.100.202403111256/tools/bin/../lib/gcc/arm-none-eabi/12.3.1/../../../../arm-none-eabi/lib/thumb/v8-m.main+fp/hard\libc_nano.a(libc_a-memset.o)
 .debug_frame   0x00000020       0x2c C:/ST/STM32CubeIDE_1.15.1/STM32CubeIDE/plugins/com.st.stm32cube.ide.mcu.externaltools.gnu-tools-for-stm32.12.3.rel1.win32_1.0.100.202403111256/tools/bin/../lib/gcc/arm-none-eabi/12.3.1/../../../../arm-none-eabi/lib/thumb/v8-m.main+fp/hard\libc_nano.a(libc_a-init.o)
 .debug_frame   0x0000004c       0x2c C:/ST/STM32CubeIDE_1.15.1/STM32CubeIDE/plugins/com.st.stm32cube.ide.mcu.externaltools.gnu-tools-for-stm32.12.3.rel1.win32_1.0.100.202403111256/tools/bin/../lib/gcc/arm-none-eabi/12.3.1/thumb/v8-m.main+fp/hard\libgcc.a(_aeabi_uldivmod.o)
 .debug_frame   0x00000078       0x38 C:/ST/STM32CubeIDE_1.15.1/STM32CubeIDE/plugins/com.st.stm32cube.ide.mcu.externaltools.gnu-tools-for-stm32.12.3.rel1.win32_1.0.100.202403111256/tools/bin/../lib/gcc/arm-none-eabi/12.3.1/thumb/v8-m.main+fp/hard\libgcc.a(_udivmoddi4.o)
