../Drivers/STM32L5xx_HAL_Driver/Inc/stm32l5xx_ll_bus.h:433:22:LL_AHB2_GRP1_EnableClock	24	static
../Drivers/STM32L5xx_HAL_Driver/Inc/stm32l5xx_ll_bus.h:914:22:LL_APB1_GRP2_EnableClock	24	static
..\Core\Src\main.c:88:5:main	8	static
..\Core\Src\main.c:141:6:SystemClock_Config	104	static
..\Core\Src\main.c:200:13:MX_ADC1_Init	48	static
..\Core\Src\main.c:267:13:MX_ICACHE_Init	8	static
..\Core\Src\main.c:299:13:MX_LPUART1_UART_Init	8	static
..\Core\Src\main.c:347:13:MX_USART1_UART_Init	8	static
..\Core\Src\main.c:395:13:MX_RTC_Init	32	static
..\Core\Src\main.c:442:13:MX_TIM3_Init	64	static
..\Core\Src\main.c:509:13:MX_TIM4_Init	64	static
..\Core\Src\main.c:576:13:MX_UCPD1_Init	32	static
..\Core\Src\main.c:618:13:MX_USB_PCD_Init	8	static
..\Core\Src\main.c:649:13:MX_DMA_Init	16	static
..\Core\Src\main.c:668:13:MX_GPIO_Init	56	static
..\Core\Src\main.c:731:6:Error_Handler	4	static,ignoring_inline_asm
