Archive member included to satisfy reference by file (symbol)

C:/ST/STM32CubeIDE_1.13.2/STM32CubeIDE/plugins/com.st.stm32cube.ide.mcu.externaltools.gnu-tools-for-stm32.11.3.rel1.win32_1.1.1.202309131626/tools/bin/../lib/gcc/arm-none-eabi/11.3.1/../../../../arm-none-eabi/lib/thumb/v8-m.main+fp/hard\libc_nano.a(libc_a-exit.o)
                              C:/ST/STM32CubeIDE_1.13.2/STM32CubeIDE/plugins/com.st.stm32cube.ide.mcu.externaltools.gnu-tools-for-stm32.11.3.rel1.win32_1.1.1.202309131626/tools/bin/../lib/gcc/arm-none-eabi/11.3.1/../../../../arm-none-eabi/lib/thumb/v8-m.main+fp/hard/crt0.o (exit)
C:/ST/STM32CubeIDE_1.13.2/STM32CubeIDE/plugins/com.st.stm32cube.ide.mcu.externaltools.gnu-tools-for-stm32.11.3.rel1.win32_1.1.1.202309131626/tools/bin/../lib/gcc/arm-none-eabi/11.3.1/../../../../arm-none-eabi/lib/thumb/v8-m.main+fp/hard\libc_nano.a(libc_a-findfp.o)
                              C:/ST/STM32CubeIDE_1.13.2/STM32CubeIDE/plugins/com.st.stm32cube.ide.mcu.externaltools.gnu-tools-for-stm32.11.3.rel1.win32_1.1.1.202309131626/tools/bin/../lib/gcc/arm-none-eabi/11.3.1/../../../../arm-none-eabi/lib/thumb/v8-m.main+fp/hard\libc_nano.a(libc_a-exit.o) (__stdio_exit_handler)
C:/ST/STM32CubeIDE_1.13.2/STM32CubeIDE/plugins/com.st.stm32cube.ide.mcu.externaltools.gnu-tools-for-stm32.11.3.rel1.win32_1.1.1.202309131626/tools/bin/../lib/gcc/arm-none-eabi/11.3.1/../../../../arm-none-eabi/lib/thumb/v8-m.main+fp/hard\libc_nano.a(libc_a-fwalk.o)
                              C:/ST/STM32CubeIDE_1.13.2/STM32CubeIDE/plugins/com.st.stm32cube.ide.mcu.externaltools.gnu-tools-for-stm32.11.3.rel1.win32_1.1.1.202309131626/tools/bin/../lib/gcc/arm-none-eabi/11.3.1/../../../../arm-none-eabi/lib/thumb/v8-m.main+fp/hard\libc_nano.a(libc_a-findfp.o) (_fwalk_sglue)
C:/ST/STM32CubeIDE_1.13.2/STM32CubeIDE/plugins/com.st.stm32cube.ide.mcu.externaltools.gnu-tools-for-stm32.11.3.rel1.win32_1.1.1.202309131626/tools/bin/../lib/gcc/arm-none-eabi/11.3.1/../../../../arm-none-eabi/lib/thumb/v8-m.main+fp/hard\libc_nano.a(libc_a-stdio.o)
                              C:/ST/STM32CubeIDE_1.13.2/STM32CubeIDE/plugins/com.st.stm32cube.ide.mcu.externaltools.gnu-tools-for-stm32.11.3.rel1.win32_1.1.1.202309131626/tools/bin/../lib/gcc/arm-none-eabi/11.3.1/../../../../arm-none-eabi/lib/thumb/v8-m.main+fp/hard\libc_nano.a(libc_a-findfp.o) (__sread)
C:/ST/STM32CubeIDE_1.13.2/STM32CubeIDE/plugins/com.st.stm32cube.ide.mcu.externaltools.gnu-tools-for-stm32.11.3.rel1.win32_1.1.1.202309131626/tools/bin/../lib/gcc/arm-none-eabi/11.3.1/../../../../arm-none-eabi/lib/thumb/v8-m.main+fp/hard\libc_nano.a(libc_a-memset.o)
                              C:/ST/STM32CubeIDE_1.13.2/STM32CubeIDE/plugins/com.st.stm32cube.ide.mcu.externaltools.gnu-tools-for-stm32.11.3.rel1.win32_1.1.1.202309131626/tools/bin/../lib/gcc/arm-none-eabi/11.3.1/../../../../arm-none-eabi/lib/thumb/v8-m.main+fp/hard/crt0.o (memset)
C:/ST/STM32CubeIDE_1.13.2/STM32CubeIDE/plugins/com.st.stm32cube.ide.mcu.externaltools.gnu-tools-for-stm32.11.3.rel1.win32_1.1.1.202309131626/tools/bin/../lib/gcc/arm-none-eabi/11.3.1/../../../../arm-none-eabi/lib/thumb/v8-m.main+fp/hard\libc_nano.a(libc_a-closer.o)
                              C:/ST/STM32CubeIDE_1.13.2/STM32CubeIDE/plugins/com.st.stm32cube.ide.mcu.externaltools.gnu-tools-for-stm32.11.3.rel1.win32_1.1.1.202309131626/tools/bin/../lib/gcc/arm-none-eabi/11.3.1/../../../../arm-none-eabi/lib/thumb/v8-m.main+fp/hard\libc_nano.a(libc_a-stdio.o) (_close_r)
C:/ST/STM32CubeIDE_1.13.2/STM32CubeIDE/plugins/com.st.stm32cube.ide.mcu.externaltools.gnu-tools-for-stm32.11.3.rel1.win32_1.1.1.202309131626/tools/bin/../lib/gcc/arm-none-eabi/11.3.1/../../../../arm-none-eabi/lib/thumb/v8-m.main+fp/hard\libc_nano.a(libc_a-reent.o)
                              C:/ST/STM32CubeIDE_1.13.2/STM32CubeIDE/plugins/com.st.stm32cube.ide.mcu.externaltools.gnu-tools-for-stm32.11.3.rel1.win32_1.1.1.202309131626/tools/bin/../lib/gcc/arm-none-eabi/11.3.1/../../../../arm-none-eabi/lib/thumb/v8-m.main+fp/hard\libc_nano.a(libc_a-closer.o) (errno)
C:/ST/STM32CubeIDE_1.13.2/STM32CubeIDE/plugins/com.st.stm32cube.ide.mcu.externaltools.gnu-tools-for-stm32.11.3.rel1.win32_1.1.1.202309131626/tools/bin/../lib/gcc/arm-none-eabi/11.3.1/../../../../arm-none-eabi/lib/thumb/v8-m.main+fp/hard\libc_nano.a(libc_a-impure.o)
                              C:/ST/STM32CubeIDE_1.13.2/STM32CubeIDE/plugins/com.st.stm32cube.ide.mcu.externaltools.gnu-tools-for-stm32.11.3.rel1.win32_1.1.1.202309131626/tools/bin/../lib/gcc/arm-none-eabi/11.3.1/../../../../arm-none-eabi/lib/thumb/v8-m.main+fp/hard\libc_nano.a(libc_a-reent.o) (_impure_ptr)
C:/ST/STM32CubeIDE_1.13.2/STM32CubeIDE/plugins/com.st.stm32cube.ide.mcu.externaltools.gnu-tools-for-stm32.11.3.rel1.win32_1.1.1.202309131626/tools/bin/../lib/gcc/arm-none-eabi/11.3.1/../../../../arm-none-eabi/lib/thumb/v8-m.main+fp/hard\libc_nano.a(libc_a-lseekr.o)
[...]
Memory Configuration

Name             Origin             Length             Attributes
RAM              0x0000000020000000 0x0000000000030000 xrw
RAM2             0x0000000020030000 0x0000000000010000 xrw
FLASH            0x0000000008000000 0x0000000000080000 xr
*default*        0x0000000000000000 0xffffffffffffffff

Linker script and memory map

LOAD C:/ST/STM32CubeIDE_1.13.2/STM32CubeIDE/plugins/com.st.stm32cube.ide.mcu.externaltools.gnu-tools-for-stm32.11.3.rel1.win32_1.1.1.202309131626/tools/bin/../lib/gcc/arm-none-eabi/11.3.1/thumb/v8-m.main+fp/hard/crti.o
LOAD C:/ST/STM32CubeIDE_1.13.2/STM32CubeIDE/plugins/com.st.stm32cube.ide.mcu.externaltools.gnu-tools-for-stm32.11.3.rel1.win32_1.1.1.202309131626/tools/bin/../lib/gcc/arm-none-eabi/11.3.1/thumb/v8-m.main+fp/hard/crtbegin.o
LOAD C:/ST/STM32CubeIDE_1.13.2/STM32CubeIDE/plugins/com.st.stm32cube.ide.mcu.externaltools.gnu-tools-for-stm32.11.3.rel1.win32_1.1.1.202309131626/tools/bin/../lib/gcc/arm-none-eabi/11.3.1/../../../../arm-none-eabi/lib/thumb/v8-m.main+fp/hard/crt0.o
LOAD Core\Src\arcade_controller.o
LOAD Core\Src\main.o
LOAD Core\Src\motor_pwm_interface.o
LOAD Core\Src\stm32l5xx_hal_msp.o
LOAD Core\Src\stm32l5xx_it.o
LOAD Core\Src\syscalls.o
LOAD Core\Src\sysmem.o
LOAD Core\Src\system_stm32l5xx.o
LOAD Core\Src\uart_joy_input.o
LOAD Core\Startup\startup_stm32l552zetxq.o
LOAD Drivers\STM32L5xx_HAL_Driver\Src\stm32l5xx_hal.o
LOAD Drivers\STM32L5xx_HAL_Driver\Src\stm32l5xx_hal_adc.o
LOAD Drivers\STM32L5xx_HAL_Driver\Src\stm32l5xx_hal_adc_ex.o
LOAD Drivers\STM32L5xx_HAL_Driver\Src\stm32l5xx_hal_cortex.o
LOAD Drivers\STM32L5xx_HAL_Driver\Src\stm32l5xx_hal_dma.o
LOAD Drivers\STM32L5xx_HAL_Driver\Src\stm32l5xx_hal_dma_ex.o
LOAD Drivers\STM32L5xx_HAL_Driver\Src\stm32l5xx_hal_exti.o
LOAD Drivers\STM32L5xx_HAL_Driver\Src\stm32l5xx_hal_flash.o
LOAD Drivers\STM32L5xx_HAL_Driver\Src\stm32l5xx_hal_flash_ex.o
LOAD Drivers\STM32L5xx_HAL_Driver\Src\stm32l5xx_hal_flash_ramfunc.o
LOAD Drivers\STM32L5xx_HAL_Driver\Src\stm32l5xx_hal_gpio.o
LOAD Drivers\STM32L5xx_HAL_Driver\Src\stm32l5xx_hal_i2c.o
LOAD Drivers\STM32L5xx_HAL_Driver\Src\stm32l5xx_hal_i2c_ex.o
LOAD Drivers\STM32L5xx_HAL_Driver\Src\stm32l5xx_hal_icache.o
LOAD Drivers\STM32L5xx_HAL_Driver\Src\stm32l5xx_hal_pcd.o
LOAD Drivers\STM32L5xx_HAL_Driver\Src\stm32l5xx_hal_pcd_ex.o
LOAD Drivers\STM32L5xx_HAL_Driver\Src\stm32l5xx_hal_pwr.o
LOAD Drivers\STM32L5xx_HAL_Driver\Src\stm32l5xx_hal_pwr_ex.o
LOAD Drivers\STM32L5xx_HAL_Driver\Src\stm32l5xx_hal_rcc.o
LOAD Drivers\STM32L5xx_HAL_Driver\Src\stm32l5xx_hal_rcc_ex.o
LOAD Drivers\STM32L5xx_HAL_Driver\Src\stm32l5xx_hal_rtc.o
LOAD Drivers\STM32L5xx_HAL_Driver\Src\stm32l5xx_hal_rtc_ex.o
LOAD Drivers\STM32L5xx_HAL_Driver\Src\stm32l5xx_hal_tim.o
LOAD Drivers\STM32L5xx_HAL_Driver\Src\stm32l5xx_hal_tim_ex.o
LOAD Drivers\STM32L5xx_HAL_Driver\Src\stm32l5xx_hal_uart.o
LOAD Drivers\STM32L5xx_HAL_Driver\Src\stm32l5xx_hal_uart_ex.o
LOAD Drivers\STM32L5xx_HAL_Driver\Src\stm32l5xx_ll_dma.o
LOAD Drivers\STM32L5xx_HAL_Driver\Src\stm32l5xx_ll_exti.o
LOAD Drivers\STM32L5xx_HAL_Driver\Src\stm32l5xx_ll_gpio.o
LOAD Drivers\STM32L5xx_HAL_Driver\Src\stm32l5xx_ll_ucpd.o
LOAD Drivers\STM32L5xx_HAL_Driver\Src\stm32l5xx_ll_usb.o
LOAD Drivers\STM32L5xx_HAL_Driver\Src\stm32l5xx_ll_utils.o
START GROUP
LOAD C:/ST/STM32CubeIDE_1.13.2/STM32CubeIDE/plugins/com.st.stm32cube.ide.mcu.externaltools.gnu-tools-for-stm32.11.3.rel1.win32_1.1.1.202309131626/tools/bin/../lib/gcc/arm-none-eabi/11.3.1/../../../../arm-none-eabi/lib/thumb/v8-m.main+fp/hard\libstdc++_nano.a
LOAD C:/ST/STM32CubeIDE_1.13.2/STM32CubeIDE/plugins/com.st.stm32cube.ide.mcu.externaltools.gnu-tools-for-stm32.11.3.rel1.win32_1.1.1.202309131626/tools/bin/../lib/gcc/arm-none-eabi/11.3.1/../../../../arm-none-eabi/lib/thumb/v8-m.main+fp/hard\libsupc++_nano.a
END GROUP
LOAD C:/ST/STM32CubeIDE_1.13.2/STM32CubeIDE/plugins/com.st.stm32cube.ide.mcu.externaltools.gnu-tools-for-stm32.11.3.rel1.win32_1.1.1.202309131626/tools/bin/../lib/gcc/arm-none-eabi/11.3.1/../../../../arm-none-eabi/lib/thumb/v8-m.main+fp/hard\libstdc++_nano.a
LOAD C:/ST/STM32CubeIDE_1.13.2/STM32CubeIDE/plugins/com.st.stm32cube.ide.mcu.externaltools.gnu-tools-for-stm32.11.3.rel1.win32_1.1.1.202309131626/tools/bin/../lib/gcc/arm-none-eabi/11.3.1/../../../../arm-none-eabi/lib/thumb/v8-m.main+fp/hard\libm.a
LOAD C:/ST/STM32CubeIDE_1.13.2/STM32CubeIDE/plugins/com.st.stm32cube.ide.mcu.externaltools.gnu-tools-for-stm32.11.3.rel1.win32_1.1.1.202309131626/tools/bin/../lib/gcc/arm-none-eabi/11.3.1/../../../../arm-none-eabi/lib/thumb/v8-m.main+fp/hard\libc_nano.a
START GROUP
LOAD C:/ST/STM32CubeIDE_1.13.2/STM32CubeIDE/plugins/com.st.stm32cube.ide.mcu.externaltools.gnu-tools-for-stm32.11.3.rel1.win32_1.1.1.202309131626/tools/bin/../lib/gcc/arm-none-eabi/11.3.1/thumb/v8-m.main+fp/hard\libgcc.a
LOAD C:/ST/STM32CubeIDE_1.13.2/STM32CubeIDE/plugins/com.st.stm32cube.ide.mcu.externaltools.gnu-tools-for-stm32.11.3.rel1.win32_1.1.1.202309131626/tools/bin/../lib/gcc/arm-none-eabi/11.3.1/../../../../arm-none-eabi/lib/thumb/v8-m.main+fp/hard\libc_nano.a
END GROUP
START GROUP
LOAD C:/ST/STM32CubeIDE_1.13.2/STM32CubeIDE/plugins/com.st.stm32cube.ide.mcu.externaltools.gnu-tools-for-stm32.11.3.rel1.win32_1.1.1.202309131626/tools/bin/../lib/gcc/arm-none-eabi/11.3.1/thumb/v8-m.main+fp/hard\libgcc.a
LOAD C:/ST/STM32CubeIDE_1.13.2/STM32CubeIDE/plugins/com.st.stm32cube.ide.mcu.externaltools.gnu-tools-for-stm32.11.3.rel1.win32_1.1.1.202309131626/tools/bin/../lib/gcc/arm-none-eabi/11.3.1/../../../../arm-none-eabi/lib/thumb/v8-m.main+fp/hard\libc_nano.a
END GROUP
LOAD C:/ST/STM32CubeIDE_1.13.2/STM32CubeIDE/plugins/com.st.stm32cube.ide.mcu.externaltools.gnu-tools-for-stm32.11.3.rel1.win32_1.1.1.202309131626/tools/bin/../lib/gcc/arm-none-eabi/11.3.1/thumb/v8-m.main+fp/hard/crtend.o
LOAD C:/ST/STM32CubeIDE_1.13.2/STM32CubeIDE/plugins/com.st.stm32cube.ide.mcu.externaltools.gnu-tools-for-stm32.11.3.rel1.win32_1.1.1.202309131626/tools/bin/../lib/gcc/arm-none-eabi/11.3.1/thumb/v8-m.main+fp/hard/crtn.o
                0x0000000020030000                _estack = (ORIGIN (RAM) + LENGTH (RAM))
                0x0000000000000200                _Min_Heap_Size = 0x200
                0x0000000000000400                _Min_Stack_Size = 0x400

.isr_vector     0x0000000008000000      0x1f4
                0x0000000008000000                . = ALIGN (0x4)
 *(.isr_vector)
 .isr_vector    0x0000000008000000      0x1f4 Core\Startup\startup_stm32l552zetxq.o
                0x0000000008000000                g_pfnVectors
                0x00000000080001f4                . = ALIGN (0x4)

.text           0x00000000080001f4     0x790c
                0x00000000080001f4                . = ALIGN (0x4)
 *(.text)
 .text          0x00000000080001f4       0x40 C:/ST/STM32CubeIDE_1.13.2/STM32CubeIDE/plugins/com.st.stm32cube.ide.mcu.externaltools.gnu-tools-for-stm32.11.3.rel1.win32_1.1.1.202309131626/tools/bin/../lib/gcc/arm-none-eabi/11.3.1/thumb/v8-m.main+fp/hard/crtbegin.o
 .text          0x0000000008000234       0x30 C:/ST/STM32CubeIDE_1.13.2/STM32CubeIDE/plugins/com.st.stm32cube.ide.mcu.externaltools.gnu-tools-for-stm32.11.3.rel1.win32_1.1.1.202309131626/tools/bin/../lib/gcc/arm-none-eabi/11.3.1/thumb/v8-m.main+fp/hard\libgcc.a(_aeabi_uldivmod.o)
                0x0000000008000234                __aeabi_uldivmod
 .text          0x0000000008000264      0x2ec C:/ST/STM32CubeIDE_1.13.2/STM32CubeIDE/plugins/com.st.stm32cube.ide.mcu.externaltools.gnu-tools-for-stm32.11.3.rel1.win32_1.1.1.202309131626/tools/bin/../lib/gcc/arm-none-eabi/11.3.1/thumb/v8-m.main+fp/hard\libgcc.a(_udivmoddi4.o)
                0x0000000008000264                __udivmoddi4
 .text          0x0000000008000550        0x4 C:/ST/STM32CubeIDE_1.13.2/STM32CubeIDE/plugins/com.st.stm32cube.ide.mcu.externaltools.gnu-tools-for-stm32.11.3.rel1.win32_1.1.1.202309131626/tools/bin/../lib/gcc/arm-none-eabi/11.3.1/thumb/v8-m.main+fp/hard\libgcc.a(_dvmd_tls.o)
                0x0000000008000550                __aeabi_idiv0
                0x0000000008000550                __aeabi_ldiv0
 *(.text*)
 .text.LL_AHB2_GRP1_EnableClock
                0x0000000008000554       0x30 Core\Src\main.o
 .text.LL_APB1_GRP2_EnableClock
                0x0000000008000584       0x30 Core\Src\main.o
 .text.main     0x00000000080005b4       0x3a Core\Src\main.o
                0x00000000080005b4                main
 *fill*         0x00000000080005ee        0x2 
 .text.SystemClock_Config
                0x00000000080005f0       0xc4 Core\Src\main.o
                0x00000000080005f0                SystemClock_Config
 .text.MX_ADC1_Init
                0x00000000080006b4       0xec Core\Src\main.o
 .text.MX_ICACHE_Init
                0x00000000080007a0       0x26 Core\Src\main.o
 *fill*         0x00000000080007c6        0x2 
 .text.MX_LPUART1_UART_Init
                0x00000000080007c8       0x9c Core\Src\main.o
 .text.MX_USART1_UART_Init
                0x0000000008000864       0x98 Core\Src\main.o
 .text.MX_RTC_Init
                0x00000000080008fc       0x94 Core\Src\main.o
 .text.MX_TIM3_Init
                0x0000000008000990      0x11c Core\Src\main.o
 .text.MX_TIM4_Init
                0x0000000008000aac      0x11c Core\Src\main.o
 .text.MX_UCPD1_Init
                0x0000000008000bc8       0x6c Core\Src\main.o
 .text.MX_USB_PCD_Init
                0x0000000008000c34       0x50 Core\Src\main.o
 .text.MX_DMA_Init
                0x0000000008000c84       0x54 Core\Src\main.o
 .text.MX_GPIO_Init
                0x0000000008000cd8      0x154 Core\Src\main.o
 .text.Error_Handler
                0x0000000008000e2c        0xa Core\Src\main.o
                0x0000000008000e2c                Error_Handler
 *fill*         0x0000000008000e36        0x2 
 .text.HAL_MspInit
                0x0000000008000e38       0x48 Core\Src\stm32l5xx_hal_msp.o
                0x0000000008000e38                HAL_MspInit
 .text.HAL_ADC_MspInit
                0x0000000008000e80       0xb4 Core\Src\stm32l5xx_hal_msp.o
                0x0000000008000e80                HAL_ADC_MspInit
 .text.HAL_UART_MspInit
                0x0000000008000f34      0x214 Core\Src\stm32l5xx_hal_msp.o
                0x0000000008000f34                HAL_UART_MspInit
 .text.HAL_RTC_MspInit
                0x0000000008001148       0x7c Core\Src\stm32l5xx_hal_msp.o
                0x0000000008001148                HAL_RTC_MspInit
 .text.HAL_TIM_Base_MspInit
                0x00000000080011c4       0x84 Core\Src\stm32l5xx_hal_msp.o
                0x00000000080011c4                HAL_TIM_Base_MspInit
 .text.HAL_TIM_MspPostInit
                0x0000000008001248       0xbc Core\Src\stm32l5xx_hal_msp.o
                0x0000000008001248                HAL_TIM_MspPostInit
 .text.HAL_PCD_MspInit
                0x0000000008001304       0xc0 Core\Src\stm32l5xx_hal_msp.o
                0x0000000008001304                HAL_PCD_MspInit
 .text.NMI_Handler
                0x00000000080013c4        0x6 Core\Src\stm32l5xx_it.o
                0x00000000080013c4                NMI_Handler
 .text.HardFault_Handler
                0x00000000080013ca        0x6 Core\Src\stm32l5xx_it.o
                0x00000000080013ca                HardFault_Handler
 .text.MemManage_Handler
                0x00000000080013d0        0x6 Core\Src\stm32l5xx_it.o
                0x00000000080013d0                MemManage_Handler
 .text.BusFault_Handler
                0x00000000080013d6        0x6 Core\Src\stm32l5xx_it.o
                0x00000000080013d6                BusFault_Handler
 .text.UsageFault_Handler
                0x00000000080013dc        0x6 Core\Src\stm32l5xx_it.o
                0x00000000080013dc                UsageFault_Handler
 .text.SVC_Handler
                0x00000000080013e2        0xe Core\Src\stm32l5xx_it.o
                0x00000000080013e2                SVC_Handler
 .text.DebugMon_Handler
                0x00000000080013f0        0xe Core\Src\stm32l5xx_it.o
                0x00000000080013f0                DebugMon_Handler
 .text.PendSV_Handler
                0x00000000080013fe        0xe Core\Src\stm32l5xx_it.o
                0x00000000080013fe                PendSV_Handler
 .text.SysTick_Handler
                0x000000000800140c        0xc Core\Src\stm32l5xx_it.o
                0x000000000800140c                SysTick_Handler
 .text.DMA1_Channel1_IRQHandler
                0x0000000008001418       0x14 Core\Src\stm32l5xx_it.o
                0x0000000008001418                DMA1_Channel1_IRQHandler
 .text.TIM3_IRQHandler
                0x000000000800142c       0x14 Core\Src\stm32l5xx_it.o
                0x000000000800142c                TIM3_IRQHandler
 .text.TIM4_IRQHandler
                0x0000000008001440       0x14 Core\Src\stm32l5xx_it.o
                0x0000000008001440                TIM4_IRQHandler
 .text.USART1_IRQHandler
                0x0000000008001454       0x14 Core\Src\stm32l5xx_it.o
                0x0000000008001454                USART1_IRQHandler
 .text.SystemInit
                0x0000000008001468       0x24 Core\Src\system_stm32l5xx.o
                0x0000000008001468                SystemInit
 .text.SystemCoreClockUpdate
                0x000000000800148c      0x15c Core\Src\system_stm32l5xx.o
                0x000000000800148c                SystemCoreClockUpdate
 .text.Reset_Handler
                0x00000000080015e8       0x50 Core\Startup\startup_stm32l552zetxq.o
                0x00000000080015e8                Reset_Handler
 .text.Default_Handler
                0x0000000008001638        0x2 Core\Startup\startup_stm32l552zetxq.o
                0x0000000008001638                EXTI2_IRQHandler
                0x0000000008001638                TIM8_TRG_COM_IRQHandler
                0x0000000008001638                TIM8_CC_IRQHandler
                0x0000000008001638                EXTI5_IRQHandler
                0x0000000008001638                FLASH_S_IRQHandler
                0x0000000008001638                EXTI13_IRQHandler
                0x0000000008001638                TIM1_CC_IRQHandler
                0x0000000008001638                TSC_IRQHandler
                0x0000000008001638                TAMP_IRQHandler
                0x0000000008001638                TIM6_IRQHandler
                0x0000000008001638                EXTI12_IRQHandler
                0x0000000008001638                DMA2_Channel8_IRQHandler
                0x0000000008001638                EXTI3_IRQHandler
                0x0000000008001638                EXTI8_IRQHandler
                0x0000000008001638                LPTIM2_IRQHandler
                0x0000000008001638                DFSDM1_FLT1_IRQHandler
                0x0000000008001638                USB_FS_IRQHandler
                0x0000000008001638                I2C3_ER_IRQHandler
                0x0000000008001638                DFSDM1_FLT2_IRQHandler
                0x0000000008001638                DMAMUX1_IRQHandler
                0x0000000008001638                LPTIM3_IRQHandler
                0x0000000008001638                EXTI0_IRQHandler
                0x0000000008001638                I2C2_EV_IRQHandler
                0x0000000008001638                FPU_IRQHandler
                0x0000000008001638                FDCAN1_IT1_IRQHandler
                0x0000000008001638                ADC1_2_IRQHandler
                0x0000000008001638                SPI1_IRQHandler
                0x0000000008001638                OCTOSPI1_IRQHandler
                0x0000000008001638                TIM8_UP_IRQHandler
                0x0000000008001638                RCC_S_IRQHandler
                0x0000000008001638                DMA2_Channel2_IRQHandler
                0x0000000008001638                DMA1_Channel4_IRQHandler
                0x0000000008001638                SAI2_IRQHandler
                0x0000000008001638                DFSDM1_FLT3_IRQHandler
                0x0000000008001638                EXTI15_IRQHandler
                0x0000000008001638                TIM17_IRQHandler
                0x0000000008001638                USART3_IRQHandler
                0x0000000008001638                RTC_IRQHandler
                0x0000000008001638                EXTI9_IRQHandler
                0x0000000008001638                DMA1_Channel7_IRQHandler
                0x0000000008001638                UART5_IRQHandler
                0x0000000008001638                DMA2_Channel1_IRQHandler
                0x0000000008001638                I2C1_EV_IRQHandler
                0x0000000008001638                DMA1_Channel6_IRQHandler
                0x0000000008001638                TIM16_IRQHandler
                0x0000000008001638                UART4_IRQHandler
                0x0000000008001638                DMA2_Channel4_IRQHandler
                0x0000000008001638                SecureFault_Handler
                0x0000000008001638                RCC_IRQHandler
                0x0000000008001638                TIM1_TRG_COM_IRQHandler
                0x0000000008001638                Default_Handler
                0x0000000008001638                DMA2_Channel7_IRQHandler
                0x0000000008001638                DMA1_Channel8_IRQHandler
                0x0000000008001638                TIM7_IRQHandler
                0x0000000008001638                SDMMC1_IRQHandler
                0x0000000008001638                TIM5_IRQHandler
                0x0000000008001638                UCPD1_IRQHandler
                0x0000000008001638                TIM15_IRQHandler
                0x0000000008001638                I2C3_EV_IRQHandler
                0x0000000008001638                PVD_PVM_IRQHandler
                0x0000000008001638                SPI2_IRQHandler
                0x0000000008001638                EXTI14_IRQHandler
                0x0000000008001638                EXTI11_IRQHandler
                0x0000000008001638                DMA2_Channel5_IRQHandler
                0x0000000008001638                CRS_IRQHandler
                0x0000000008001638                DMA1_Channel5_IRQHandler
                0x0000000008001638                EXTI4_IRQHandler
                0x0000000008001638                RTC_S_IRQHandler
                0x0000000008001638                RNG_IRQHandler
                0x0000000008001638                DMAMUX1_S_IRQHandler
                0x0000000008001638                DMA1_Channel3_IRQHandler
                0x0000000008001638                COMP_IRQHandler
                0x0000000008001638                TIM1_UP_IRQHandler
                0x0000000008001638                WWDG_IRQHandler
                0x0000000008001638                I2C4_EV_IRQHandler
                0x0000000008001638                LPUART1_IRQHandler
                0x0000000008001638                DMA2_Channel6_IRQHandler
                0x0000000008001638                FDCAN1_IT0_IRQHandler
                0x0000000008001638                TIM2_IRQHandler
                0x0000000008001638                TAMP_S_IRQHandler
                0x0000000008001638                EXTI7_IRQHandler
                0x0000000008001638                TIM1_BRK_IRQHandler
                0x0000000008001638                DAC_IRQHandler
                0x0000000008001638                EXTI1_IRQHandler
                0x0000000008001638                GTZC_IRQHandler
                0x0000000008001638                USART2_IRQHandler
                0x0000000008001638                DFSDM1_FLT0_IRQHandler
                0x0000000008001638                I2C2_ER_IRQHandler
                0x0000000008001638                DMA1_Channel2_IRQHandler
                0x0000000008001638                TIM8_BRK_IRQHandler
                0x0000000008001638                FLASH_IRQHandler
                0x0000000008001638                EXTI10_IRQHandler
                0x0000000008001638                SPI3_IRQHandler
                0x0000000008001638                I2C1_ER_IRQHandler
                0x0000000008001638                FMC_IRQHandler
                0x0000000008001638                EXTI6_IRQHandler
                0x0000000008001638                LPTIM1_IRQHandler
                0x0000000008001638                I2C4_ER_IRQHandler
                0x0000000008001638                ICACHE_IRQHandler
                0x0000000008001638                SAI1_IRQHandler
                0x0000000008001638                HASH_IRQHandler
                0x0000000008001638                DMA2_Channel3_IRQHandler
 .text.HAL_Init
                0x000000000800163a       0x34 Drivers\STM32L5xx_HAL_Driver\Src\stm32l5xx_hal.o
                0x000000000800163a                HAL_Init
 *fill*         0x000000000800166e        0x2 
 .text.HAL_InitTick
                0x0000000008001670       0x78 Drivers\STM32L5xx_HAL_Driver\Src\stm32l5xx_hal.o
                0x0000000008001670                HAL_InitTick
 .text.HAL_IncTick
                0x00000000080016e8       0x28 Drivers\STM32L5xx_HAL_Driver\Src\stm32l5xx_hal.o
                0x00000000080016e8                HAL_IncTick
 .text.HAL_GetTick
                0x0000000008001710       0x18 Drivers\STM32L5xx_HAL_Driver\Src\stm32l5xx_hal.o
                0x0000000008001710                HAL_GetTick
 .text.LL_ADC_SetCommonClock
                0x0000000008001728       0x26 Drivers\STM32L5xx_HAL_Driver\Src\stm32l5xx_hal_adc.o
 .text.LL_ADC_SetCommonPathInternalCh
                0x000000000800174e       0x26 Drivers\STM32L5xx_HAL_Driver\Src\stm32l5xx_hal_adc.o
 .text.LL_ADC_GetCommonPathInternalCh
                0x0000000008001774       0x1c Drivers\STM32L5xx_HAL_Driver\Src\stm32l5xx_hal_adc.o
 .text.LL_ADC_SetOffset
                0x0000000008001790       0x48 Drivers\STM32L5xx_HAL_Driver\Src\stm32l5xx_hal_adc.o
 .text.LL_ADC_GetOffsetChannel
                0x00000000080017d8       0x2c Drivers\STM32L5xx_HAL_Driver\Src\stm32l5xx_hal_adc.o
 .text.LL_ADC_SetOffsetState
                0x0000000008001804       0x36 Drivers\STM32L5xx_HAL_Driver\Src\stm32l5xx_hal_adc.o
 .text.LL_ADC_SetSamplingTimeCommonConfig
                0x000000000800183a       0x26 Drivers\STM32L5xx_HAL_Driver\Src\stm32l5xx_hal_adc.o
 .text.LL_ADC_REG_SetSequencerRanks
                0x0000000008001860       0x58 Drivers\STM32L5xx_HAL_Driver\Src\stm32l5xx_hal_adc.o
 .text.LL_ADC_SetChannelSamplingTime
                0x00000000080018b8       0x56 Drivers\STM32L5xx_HAL_Driver\Src\stm32l5xx_hal_adc.o
 *fill*         0x000000000800190e        0x2 
 .text.LL_ADC_SetChannelSingleDiff
                0x0000000008001910       0x48 Drivers\STM32L5xx_HAL_Driver\Src\stm32l5xx_hal_adc.o
 .text.LL_ADC_DisableDeepPowerDown
                0x0000000008001958       0x24 Drivers\STM32L5xx_HAL_Driver\Src\stm32l5xx_hal_adc.o
 .text.LL_ADC_IsDeepPowerDownEnabled
                0x000000000800197c       0x28 Drivers\STM32L5xx_HAL_Driver\Src\stm32l5xx_hal_adc.o
 .text.LL_ADC_EnableInternalRegulator
                0x00000000080019a4       0x28 Drivers\STM32L5xx_HAL_Driver\Src\stm32l5xx_hal_adc.o
 .text.LL_ADC_IsInternalRegulatorEnabled
                0x00000000080019cc       0x28 Drivers\STM32L5xx_HAL_Driver\Src\stm32l5xx_hal_adc.o
 .text.LL_ADC_IsEnabled
                0x00000000080019f4       0x26 Drivers\STM32L5xx_HAL_Driver\Src\stm32l5xx_hal_adc.o
 .text.LL_ADC_REG_IsConversionOngoing
                0x0000000008001a1a       0x26 Drivers\STM32L5xx_HAL_Driver\Src\stm32l5xx_hal_adc.o
 .text.LL_ADC_INJ_IsConversionOngoing
                0x0000000008001a40       0x26 Drivers\STM32L5xx_HAL_Driver\Src\stm32l5xx_hal_adc.o
 *fill*         0x0000000008001a66        0x2 
 .text.HAL_ADC_Init
                0x0000000008001a68      0x298 Drivers\STM32L5xx_HAL_Driver\Src\stm32l5xx_hal_adc.o
                0x0000000008001a68                HAL_ADC_Init
 .text.HAL_ADC_ConfigChannel
                0x0000000008001d00      0x7d4 Drivers\STM32L5xx_HAL_Driver\Src\stm32l5xx_hal_adc.o
                0x0000000008001d00                HAL_ADC_ConfigChannel
 .text.LL_ADC_IsEnabled
                0x00000000080024d4       0x26 Drivers\STM32L5xx_HAL_Driver\Src\stm32l5xx_hal_adc_ex.o
 .text.LL_ADC_REG_IsConversionOngoing
                0x00000000080024fa       0x26 Drivers\STM32L5xx_HAL_Driver\Src\stm32l5xx_hal_adc_ex.o
 .text.HAL_ADCEx_MultiModeConfigChannel
                0x0000000008002520      0x148 Drivers\STM32L5xx_HAL_Driver\Src\stm32l5xx_hal_adc_ex.o
                0x0000000008002520                HAL_ADCEx_MultiModeConfigChannel
 .text.__NVIC_SetPriorityGrouping
                0x0000000008002668       0x48 Drivers\STM32L5xx_HAL_Driver\Src\stm32l5xx_hal_cortex.o
 .text.__NVIC_GetPriorityGrouping
                0x00000000080026b0       0x1c Drivers\STM32L5xx_HAL_Driver\Src\stm32l5xx_hal_cortex.o
 .text.__NVIC_EnableIRQ
                0x00000000080026cc       0x3c Drivers\STM32L5xx_HAL_Driver\Src\stm32l5xx_hal_cortex.o
 .text.__NVIC_SetPriority
                0x0000000008002708       0x54 Drivers\STM32L5xx_HAL_Driver\Src\stm32l5xx_hal_cortex.o
 .text.NVIC_EncodePriority
                0x000000000800275c       0x66 Drivers\STM32L5xx_HAL_Driver\Src\stm32l5xx_hal_cortex.o
 *fill*         0x00000000080027c2        0x2 
 .text.SysTick_Config
                0x00000000080027c4       0x44 Drivers\STM32L5xx_HAL_Driver\Src\stm32l5xx_hal_cortex.o
 .text.HAL_NVIC_SetPriorityGrouping
                0x0000000008002808       0x16 Drivers\STM32L5xx_HAL_Driver\Src\stm32l5xx_hal_cortex.o
                0x0000000008002808                HAL_NVIC_SetPriorityGrouping
 .text.HAL_NVIC_SetPriority
                0x000000000800281e       0x34 Drivers\STM32L5xx_HAL_Driver\Src\stm32l5xx_hal_cortex.o
                0x000000000800281e                HAL_NVIC_SetPriority
 .text.HAL_NVIC_EnableIRQ
                0x0000000008002852       0x1c Drivers\STM32L5xx_HAL_Driver\Src\stm32l5xx_hal_cortex.o
                0x0000000008002852                HAL_NVIC_EnableIRQ
 .text.HAL_SYSTICK_Config
                0x000000000800286e       0x18 Drivers\STM32L5xx_HAL_Driver\Src\stm32l5xx_hal_cortex.o
                0x000000000800286e                HAL_SYSTICK_Config
 *fill*         0x0000000008002886        0x2 
 .text.HAL_DMA_Init
                0x0000000008002888      0x150 Drivers\STM32L5xx_HAL_Driver\Src\stm32l5xx_hal_dma.o
                0x0000000008002888                HAL_DMA_Init
 .text.HAL_DMA_Abort
                0x00000000080029d8       0xb8 Drivers\STM32L5xx_HAL_Driver\Src\stm32l5xx_hal_dma.o
                0x00000000080029d8                HAL_DMA_Abort
 .text.HAL_DMA_Abort_IT
                0x0000000008002a90       0xbe Drivers\STM32L5xx_HAL_Driver\Src\stm32l5xx_hal_dma.o
                0x0000000008002a90                HAL_DMA_Abort_IT
 .text.HAL_DMA_IRQHandler
                0x0000000008002b4e      0x200 Drivers\STM32L5xx_HAL_Driver\Src\stm32l5xx_hal_dma.o
                0x0000000008002b4e                HAL_DMA_IRQHandler
 .text.HAL_DMA_ConfigChannelAttributes
                0x0000000008002d4e       0x60 Drivers\STM32L5xx_HAL_Driver\Src\stm32l5xx_hal_dma.o
                0x0000000008002d4e                HAL_DMA_ConfigChannelAttributes
 *fill*         0x0000000008002dae        0x2 
 .text.DMA_CalcDMAMUXChannelBaseAndMask
                0x0000000008002db0       0x7c Drivers\STM32L5xx_HAL_Driver\Src\stm32l5xx_hal_dma.o
 .text.DMA_CalcDMAMUXRequestGenBaseAndMask
                0x0000000008002e2c       0x48 Drivers\STM32L5xx_HAL_Driver\Src\stm32l5xx_hal_dma.o
 .text.HAL_GPIO_Init
                0x0000000008002e74      0x300 Drivers\STM32L5xx_HAL_Driver\Src\stm32l5xx_hal_gpio.o
                0x0000000008002e74                HAL_GPIO_Init
 .text.HAL_GPIO_WritePin
                0x0000000008003174       0x30 Drivers\STM32L5xx_HAL_Driver\Src\stm32l5xx_hal_gpio.o
                0x0000000008003174                HAL_GPIO_WritePin
 .text.HAL_ICACHE_ConfigAssociativityMode
                0x00000000080031a4       0x40 Drivers\STM32L5xx_HAL_Driver\Src\stm32l5xx_hal_icache.o
                0x00000000080031a4                HAL_ICACHE_ConfigAssociativityMode
 .text.HAL_ICACHE_Enable
                0x00000000080031e4       0x20 Drivers\STM32L5xx_HAL_Driver\Src\stm32l5xx_hal_icache.o
                0x00000000080031e4                HAL_ICACHE_Enable
 .text.HAL_PCD_Init
                0x0000000008003204      0x19c Drivers\STM32L5xx_HAL_Driver\Src\stm32l5xx_hal_pcd.o
                0x0000000008003204                HAL_PCD_Init
 .text.HAL_PCDEx_ActivateLPM
                0x00000000080033a0       0x54 Drivers\STM32L5xx_HAL_Driver\Src\stm32l5xx_hal_pcd_ex.o
                0x00000000080033a0                HAL_PCDEx_ActivateLPM
 .text.HAL_PWR_EnableBkUpAccess
                0x00000000080033f4       0x20 Drivers\STM32L5xx_HAL_Driver\Src\stm32l5xx_hal_pwr.o
                0x00000000080033f4                HAL_PWR_EnableBkUpAccess
 .text.HAL_PWREx_GetVoltageRange
                0x0000000008003414       0x1c Drivers\STM32L5xx_HAL_Driver\Src\stm32l5xx_hal_pwr_ex.o
                0x0000000008003414                HAL_PWREx_GetVoltageRange
 .text.HAL_PWREx_ControlVoltageScaling
                0x0000000008003430       0xb8 Drivers\STM32L5xx_HAL_Driver\Src\stm32l5xx_hal_pwr_ex.o
                0x0000000008003430                HAL_PWREx_ControlVoltageScaling
 .text.HAL_PWREx_EnableVddIO2
                0x00000000080034e8       0x20 Drivers\STM32L5xx_HAL_Driver\Src\stm32l5xx_hal_pwr_ex.o
                0x00000000080034e8                HAL_PWREx_EnableVddIO2
 .text.HAL_PWREx_SMPS_GetEffectiveMode
                0x0000000008003508       0x48 Drivers\STM32L5xx_HAL_Driver\Src\stm32l5xx_hal_pwr_ex.o
                0x0000000008003508                HAL_PWREx_SMPS_GetEffectiveMode
 .text.HAL_RCC_OscConfig
                0x0000000008003550      0x9ac Drivers\STM32L5xx_HAL_Driver\Src\stm32l5xx_hal_rcc.o
                0x0000000008003550                HAL_RCC_OscConfig
 .text.HAL_RCC_ClockConfig
                0x0000000008003efc      0x270 Drivers\STM32L5xx_HAL_Driver\Src\stm32l5xx_hal_rcc.o
                0x0000000008003efc                HAL_RCC_ClockConfig
 .text.HAL_RCC_GetSysClockFreq
                0x000000000800416c      0x13c Drivers\STM32L5xx_HAL_Driver\Src\stm32l5xx_hal_rcc.o
                0x000000000800416c                HAL_RCC_GetSysClockFreq
 .text.HAL_RCC_GetHCLKFreq
                0x00000000080042a8       0x28 Drivers\STM32L5xx_HAL_Driver\Src\stm32l5xx_hal_rcc.o
                0x00000000080042a8                HAL_RCC_GetHCLKFreq
 .text.HAL_RCC_GetPCLK1Freq
                0x00000000080042d0       0x28 Drivers\STM32L5xx_HAL_Driver\Src\stm32l5xx_hal_rcc.o
                0x00000000080042d0                HAL_RCC_GetPCLK1Freq
 .text.HAL_RCC_GetPCLK2Freq
                0x00000000080042f8       0x28 Drivers\STM32L5xx_HAL_Driver\Src\stm32l5xx_hal_rcc.o
                0x00000000080042f8                HAL_RCC_GetPCLK2Freq
 .text.RCC_SetFlashLatencyFromMSIRange
                0x0000000008004320       0xc8 Drivers\STM32L5xx_HAL_Driver\Src\stm32l5xx_hal_rcc.o
 .text.RCC_GetSysClockFreqFromPLLSource
                0x00000000080043e8       0xdc Drivers\STM32L5xx_HAL_Driver\Src\stm32l5xx_hal_rcc.o
 .text.HAL_RCCEx_PeriphCLKConfig
                0x00000000080044c4      0x708 Drivers\STM32L5xx_HAL_Driver\Src\stm32l5xx_hal_rcc_ex.o
                0x00000000080044c4                HAL_RCCEx_PeriphCLKConfig
 .text.RCCEx_PLLSAI1_Config
                0x0000000008004bcc      0x1cc Drivers\STM32L5xx_HAL_Driver\Src\stm32l5xx_hal_rcc_ex.o
 .text.RCCEx_PLLSAI2_Config
                0x0000000008004d98      0x158 Drivers\STM32L5xx_HAL_Driver\Src\stm32l5xx_hal_rcc_ex.o
 .text.HAL_RTC_Init
                0x0000000008004ef0       0xf0 Drivers\STM32L5xx_HAL_Driver\Src\stm32l5xx_hal_rtc.o
                0x0000000008004ef0                HAL_RTC_Init
 .text.HAL_RTC_WaitForSynchro
                0x0000000008004fe0       0x48 Drivers\STM32L5xx_HAL_Driver\Src\stm32l5xx_hal_rtc.o
                0x0000000008004fe0                HAL_RTC_WaitForSynchro
 .text.RTC_EnterInitMode
                0x0000000008005028       0x68 Drivers\STM32L5xx_HAL_Driver\Src\stm32l5xx_hal_rtc.o
                0x0000000008005028                RTC_EnterInitMode
 .text.RTC_ExitInitMode
                0x0000000008005090       0x7c Drivers\STM32L5xx_HAL_Driver\Src\stm32l5xx_hal_rtc.o
                0x0000000008005090                RTC_ExitInitMode
 .text.HAL_RTCEx_PrivilegeModeSet
                0x000000000800510c       0x58 Drivers\STM32L5xx_HAL_Driver\Src\stm32l5xx_hal_rtc_ex.o
                0x000000000800510c                HAL_RTCEx_PrivilegeModeSet
 .text.HAL_TIM_Base_Init
                0x0000000008005164       0xae Drivers\STM32L5xx_HAL_Driver\Src\stm32l5xx_hal_tim.o
                0x0000000008005164                HAL_TIM_Base_Init
 .text.HAL_TIM_PWM_Init
                0x0000000008005212       0xae Drivers\STM32L5xx_HAL_Driver\Src\stm32l5xx_hal_tim.o
                0x0000000008005212                HAL_TIM_PWM_Init
 .text.HAL_TIM_PWM_MspInit
                0x00000000080052c0       0x14 Drivers\STM32L5xx_HAL_Driver\Src\stm32l5xx_hal_tim.o
                0x00000000080052c0                HAL_TIM_PWM_MspInit
 .text.HAL_TIM_IRQHandler
                0x00000000080052d4      0x20e Drivers\STM32L5xx_HAL_Driver\Src\stm32l5xx_hal_tim.o
                0x00000000080052d4                HAL_TIM_IRQHandler
 *fill*         0x00000000080054e2        0x2 
 .text.HAL_TIM_PWM_ConfigChannel
                0x00000000080054e4      0x228 Drivers\STM32L5xx_HAL_Driver\Src\stm32l5xx_hal_tim.o
                0x00000000080054e4                HAL_TIM_PWM_ConfigChannel
 .text.HAL_TIM_ConfigClockSource
                0x000000000800570c      0x192 Drivers\STM32L5xx_HAL_Driver\Src\stm32l5xx_hal_tim.o
                0x000000000800570c                HAL_TIM_ConfigClockSource
 .text.HAL_TIM_PeriodElapsedCallback
                0x000000000800589e       0x14 Drivers\STM32L5xx_HAL_Driver\Src\stm32l5xx_hal_tim.o
                0x000000000800589e                HAL_TIM_PeriodElapsedCallback
 .text.HAL_TIM_OC_DelayElapsedCallback
                0x00000000080058b2       0x14 Drivers\STM32L5xx_HAL_Driver\Src\stm32l5xx_hal_tim.o
                0x00000000080058b2                HAL_TIM_OC_DelayElapsedCallback
 .text.HAL_TIM_IC_CaptureCallback
                0x00000000080058c6       0x14 Drivers\STM32L5xx_HAL_Driver\Src\stm32l5xx_hal_tim.o
                0x00000000080058c6                HAL_TIM_IC_CaptureCallback
 .text.HAL_TIM_PWM_PulseFinishedCallback
                0x00000000080058da       0x14 Drivers\STM32L5xx_HAL_Driver\Src\stm32l5xx_hal_tim.o
                0x00000000080058da                HAL_TIM_PWM_PulseFinishedCallback
 .text.HAL_TIM_TriggerCallback
                0x00000000080058ee       0x14 Drivers\STM32L5xx_HAL_Driver\Src\stm32l5xx_hal_tim.o
                0x00000000080058ee                HAL_TIM_TriggerCallback
 *fill*         0x0000000008005902        0x2 
 .text.TIM_Base_SetConfig
                0x0000000008005904      0x14c Drivers\STM32L5xx_HAL_Driver\Src\stm32l5xx_hal_tim.o
                0x0000000008005904                TIM_Base_SetConfig
 .text.TIM_OC1_SetConfig
                0x0000000008005a50      0x120 Drivers\STM32L5xx_HAL_Driver\Src\stm32l5xx_hal_tim.o
 .text.TIM_OC2_SetConfig
                0x0000000008005b70      0x114 Drivers\STM32L5xx_HAL_Driver\Src\stm32l5xx_hal_tim.o
                0x0000000008005b70                TIM_OC2_SetConfig
 .text.TIM_OC3_SetConfig
                0x0000000008005c84      0x110 Drivers\STM32L5xx_HAL_Driver\Src\stm32l5xx_hal_tim.o
 .text.TIM_OC4_SetConfig
                0x0000000008005d94       0xd4 Drivers\STM32L5xx_HAL_Driver\Src\stm32l5xx_hal_tim.o
 .text.TIM_OC5_SetConfig
                0x0000000008005e68       0xc8 Drivers\STM32L5xx_HAL_Driver\Src\stm32l5xx_hal_tim.o
 .text.TIM_OC6_SetConfig
                0x0000000008005f30       0xcc Drivers\STM32L5xx_HAL_Driver\Src\stm32l5xx_hal_tim.o
 .text.TIM_TI1_ConfigInputStage
                0x0000000008005ffc       0x5e Drivers\STM32L5xx_HAL_Driver\Src\stm32l5xx_hal_tim.o
 .text.TIM_TI2_ConfigInputStage
                0x000000000800605a       0x60 Drivers\STM32L5xx_HAL_Driver\Src\stm32l5xx_hal_tim.o
 .text.TIM_ITRx_SetConfig
                0x00000000080060ba       0x3a Drivers\STM32L5xx_HAL_Driver\Src\stm32l5xx_hal_tim.o
 .text.TIM_ETR_SetConfig
                0x00000000080060f4       0x40 Drivers\STM32L5xx_HAL_Driver\Src\stm32l5xx_hal_tim.o
                0x00000000080060f4                TIM_ETR_SetConfig
 .text.HAL_TIMEx_MasterConfigSynchronization
                0x0000000008006134      0x110 Drivers\STM32L5xx_HAL_Driver\Src\stm32l5xx_hal_tim_ex.o
                0x0000000008006134                HAL_TIMEx_MasterConfigSynchronization
 .text.HAL_TIMEx_CommutCallback
                0x0000000008006244       0x14 Drivers\STM32L5xx_HAL_Driver\Src\stm32l5xx_hal_tim_ex.o
                0x0000000008006244                HAL_TIMEx_CommutCallback
 .text.HAL_TIMEx_BreakCallback
                0x0000000008006258       0x14 Drivers\STM32L5xx_HAL_Driver\Src\stm32l5xx_hal_tim_ex.o
                0x0000000008006258                HAL_TIMEx_BreakCallback
 .text.HAL_TIMEx_Break2Callback
                0x000000000800626c       0x14 Drivers\STM32L5xx_HAL_Driver\Src\stm32l5xx_hal_tim_ex.o
                0x000000000800626c                HAL_TIMEx_Break2Callback
 .text.HAL_UART_Init
                0x0000000008006280       0xa0 Drivers\STM32L5xx_HAL_Driver\Src\stm32l5xx_hal_uart.o
                0x0000000008006280                HAL_UART_Init
 .text.HAL_UART_IRQHandler
                0x0000000008006320      0x648 Drivers\STM32L5xx_HAL_Driver\Src\stm32l5xx_hal_uart.o
                0x0000000008006320                HAL_UART_IRQHandler
 .text.HAL_UART_TxCpltCallback
                0x0000000008006968       0x14 Drivers\STM32L5xx_HAL_Driver\Src\stm32l5xx_hal_uart.o
                0x0000000008006968                HAL_UART_TxCpltCallback
 .text.HAL_UART_ErrorCallback
                0x000000000800697c       0x14 Drivers\STM32L5xx_HAL_Driver\Src\stm32l5xx_hal_uart.o
                0x000000000800697c                HAL_UART_ErrorCallback
 .text.HAL_UARTEx_RxEventCallback
                0x0000000008006990       0x18 Drivers\STM32L5xx_HAL_Driver\Src\stm32l5xx_hal_uart.o
                0x0000000008006990                HAL_UARTEx_RxEventCallback
 .text.UART_SetConfig
                0x00000000080069a8      0x600 Drivers\STM32L5xx_HAL_Driver\Src\stm32l5xx_hal_uart.o
                0x00000000080069a8                UART_SetConfig
 .text.UART_AdvFeatureConfig
                0x0000000008006fa8      0x144 Drivers\STM32L5xx_HAL_Driver\Src\stm32l5xx_hal_uart.o
                0x0000000008006fa8                UART_AdvFeatureConfig
 .text.UART_CheckIdleState
                0x00000000080070ec      0x154 Drivers\STM32L5xx_HAL_Driver\Src\stm32l5xx_hal_uart.o
                0x00000000080070ec                UART_CheckIdleState
 .text.UART_WaitOnFlagUntilTimeout
                0x0000000008007240       0xda Drivers\STM32L5xx_HAL_Driver\Src\stm32l5xx_hal_uart.o
                0x0000000008007240                UART_WaitOnFlagUntilTimeout
 .text.UART_EndRxTransfer
                0x000000000800731a       0xcc Drivers\STM32L5xx_HAL_Driver\Src\stm32l5xx_hal_uart.o
 .text.UART_DMAAbortOnError
                0x00000000080073e6       0x2c Drivers\STM32L5xx_HAL_Driver\Src\stm32l5xx_hal_uart.o
 .text.UART_EndTransmit_IT
                0x0000000008007412       0x56 Drivers\STM32L5xx_HAL_Driver\Src\stm32l5xx_hal_uart.o
 .text.HAL_UARTEx_WakeupCallback
                0x0000000008007468       0x14 Drivers\STM32L5xx_HAL_Driver\Src\stm32l5xx_hal_uart_ex.o
                0x0000000008007468                HAL_UARTEx_WakeupCallback
 .text.HAL_UARTEx_RxFifoFullCallback
                0x000000000800747c       0x14 Drivers\STM32L5xx_HAL_Driver\Src\stm32l5xx_hal_uart_ex.o
                0x000000000800747c                HAL_UARTEx_RxFifoFullCallback
 .text.HAL_UARTEx_TxFifoEmptyCallback
                0x0000000008007490       0x14 Drivers\STM32L5xx_HAL_Driver\Src\stm32l5xx_hal_uart_ex.o
                0x0000000008007490                HAL_UARTEx_TxFifoEmptyCallback
 .text.HAL_UARTEx_DisableFifoMode
                0x00000000080074a4       0x72 Drivers\STM32L5xx_HAL_Driver\Src\stm32l5xx_hal_uart_ex.o
                0x00000000080074a4                HAL_UARTEx_DisableFifoMode
 .text.HAL_UARTEx_SetTxFifoThreshold
                0x0000000008007516       0x7c Drivers\STM32L5xx_HAL_Driver\Src\stm32l5xx_hal_uart_ex.o
                0x0000000008007516                HAL_UARTEx_SetTxFifoThreshold
 .text.HAL_UARTEx_SetRxFifoThreshold
                0x0000000008007592       0x7c Drivers\STM32L5xx_HAL_Driver\Src\stm32l5xx_hal_uart_ex.o
                0x0000000008007592                HAL_UARTEx_SetRxFifoThreshold
 *fill*         0x000000000800760e        0x2 
 .text.UARTEx_SetNbDataToProcess
                0x0000000008007610       0x9c Drivers\STM32L5xx_HAL_Driver\Src\stm32l5xx_hal_uart_ex.o
 .text.LL_GPIO_SetPinMode
                0x00000000080076ac       0x7a Drivers\STM32L5xx_HAL_Driver\Src\stm32l5xx_ll_gpio.o
 .text.LL_GPIO_SetPinOutputType
                0x0000000008007726       0x30 Drivers\STM32L5xx_HAL_Driver\Src\stm32l5xx_ll_gpio.o
 .text.LL_GPIO_SetPinSpeed
                0x0000000008007756       0x7a Drivers\STM32L5xx_HAL_Driver\Src\stm32l5xx_ll_gpio.o
 .text.LL_GPIO_SetPinPull
                0x00000000080077d0       0x7a Drivers\STM32L5xx_HAL_Driver\Src\stm32l5xx_ll_gpio.o
 .text.LL_GPIO_SetAFPin_0_7
                0x000000000800784a       0x7a Drivers\STM32L5xx_HAL_Driver\Src\stm32l5xx_ll_gpio.o
 .text.LL_GPIO_SetAFPin_8_15
                0x00000000080078c4       0x7e Drivers\STM32L5xx_HAL_Driver\Src\stm32l5xx_ll_gpio.o
 .text.LL_GPIO_Init
                0x0000000008007942       0xda Drivers\STM32L5xx_HAL_Driver\Src\stm32l5xx_ll_gpio.o
                0x0000000008007942                LL_GPIO_Init
 .text.USB_DisableGlobalInt
                0x0000000008007a1c       0x36 Drivers\STM32L5xx_HAL_Driver\Src\stm32l5xx_ll_usb.o
                0x0000000008007a1c                USB_DisableGlobalInt
 .text.USB_DevInit
                0x0000000008007a52       0x3c Drivers\STM32L5xx_HAL_Driver\Src\stm32l5xx_ll_usb.o
                0x0000000008007a52                USB_DevInit
 .text.memset   0x0000000008007a8e       0x10 C:/ST/STM32CubeIDE_1.13.2/STM32CubeIDE/plugins/com.st.stm32cube.ide.mcu.externaltools.gnu-tools-for-stm32.11.3.rel1.win32_1.1.1.202309131626/tools/bin/../lib/gcc/arm-none-eabi/11.3.1/../../../../arm-none-eabi/lib/thumb/v8-m.main+fp/hard\libc_nano.a(libc_a-memset.o)
                0x0000000008007a8e                memset
 *fill*         0x0000000008007a9e        0x2 
 .text.__libc_init_array
                0x0000000008007aa0       0x48 C:/ST/STM32CubeIDE_1.13.2/STM32CubeIDE/plugins/com.st.stm32cube.ide.mcu.externaltools.gnu-tools-for-stm32.11.3.rel1.win32_1.1.1.202309131626/tools/bin/../lib/gcc/arm-none-eabi/11.3.1/../../../../arm-none-eabi/lib/thumb/v8-m.main+fp/hard\libc_nano.a(libc_a-init.o)
                0x0000000008007aa0                __libc_init_array
 *(.glue_7)
 .glue_7        0x0000000008007ae8        0x0 linker stubs
 *(.glue_7t)
 .glue_7t       0x0000000008007ae8        0x0 linker stubs
 *(.eh_frame)
 .eh_frame      0x0000000008007ae8        0x0 C:/ST/STM32CubeIDE_1.13.2/STM32CubeIDE/plugins/com.st.stm32cube.ide.mcu.externaltools.gnu-tools-for-stm32.11.3.rel1.win32_1.1.1.202309131626/tools/bin/../lib/gcc/arm-none-eabi/11.3.1/thumb/v8-m.main+fp/hard/crtbegin.o
 *(.init)
 .init          0x0000000008007ae8        0x4 C:/ST/STM32CubeIDE_1.13.2/STM32CubeIDE/plugins/com.st.stm32cube.ide.mcu.externaltools.gnu-tools-for-stm32.11.3.rel1.win32_1.1.1.202309131626/tools/bin/../lib/gcc/arm-none-eabi/11.3.1/thumb/v8-m.main+fp/hard/crti.o
                0x0000000008007ae8                _init
 .init          0x0000000008007aec        0x8 C:/ST/STM32CubeIDE_1.13.2/STM32CubeIDE/plugins/com.st.stm32cube.ide.mcu.externaltools.gnu-tools-for-stm32.11.3.rel1.win32_1.1.1.202309131626/tools/bin/../lib/gcc/arm-none-eabi/11.3.1/thumb/v8-m.main+fp/hard/crtn.o
 *(.fini)
 .fini          0x0000000008007af4        0x4 C:/ST/STM32CubeIDE_1.13.2/STM32CubeIDE/plugins/com.st.stm32cube.ide.mcu.externaltools.gnu-tools-for-stm32.11.3.rel1.win32_1.1.1.202309131626/tools/bin/../lib/gcc/arm-none-eabi/11.3.1/thumb/v8-m.main+fp/hard/crti.o
                0x0000000008007af4                _fini
 .fini          0x0000000008007af8        0x8 C:/ST/STM32CubeIDE_1.13.2/STM32CubeIDE/plugins/com.st.stm32cube.ide.mcu.externaltools.gnu-tools-for-stm32.11.3.rel1.win32_1.1.1.202309131626/tools/bin/../lib/gcc/arm-none-eabi/11.3.1/thumb/v8-m.main+fp/hard/crtn.o
                0x0000000008007b00                . = ALIGN (0x4)
                0x0000000008007b00                _etext = .

.vfp11_veneer   0x0000000008007b00        0x0
 .vfp11_veneer  0x0000000008007b00        0x0 linker stubs

.v4_bx          0x0000000008007b00        0x0
 .v4_bx         0x0000000008007b00        0x0 linker stubs

.iplt           0x0000000008007b00        0x0
 .iplt          0x0000000008007b00        0x0 C:/ST/STM32CubeIDE_1.13.2/STM32CubeIDE/plugins/com.st.stm32cube.ide.mcu.externaltools.gnu-tools-for-stm32.11.3.rel1.win32_1.1.1.202309131626/tools/bin/../lib/gcc/arm-none-eabi/11.3.1/thumb/v8-m.main+fp/hard/crtbegin.o

.rodata         0x0000000008007b00       0x80
                0x0000000008007b00                . = ALIGN (0x4)
 *(.rodata)
 *(.rodata*)
 .rodata.AHBPrescTable
                0x0000000008007b00       0x10 Core\Src\system_stm32l5xx.o
                0x0000000008007b00                AHBPrescTable
 .rodata.APBPrescTable
                0x0000000008007b10        0x8 Core\Src\system_stm32l5xx.o
                0x0000000008007b10                APBPrescTable
 .rodata.MSIRangeTable
                0x0000000008007b18       0x40 Core\Src\system_stm32l5xx.o
                0x0000000008007b18                MSIRangeTable
 .rodata.UARTPrescTable
                0x0000000008007b58       0x18 Drivers\STM32L5xx_HAL_Driver\Src\stm32l5xx_hal_uart.o
                0x0000000008007b58                UARTPrescTable
 .rodata.numerator.1
                0x0000000008007b70        0x8 Drivers\STM32L5xx_HAL_Driver\Src\stm32l5xx_hal_uart_ex.o
 .rodata.denominator.0
                0x0000000008007b78        0x8 Drivers\STM32L5xx_HAL_Driver\Src\stm32l5xx_hal_uart_ex.o
                0x0000000008007b80                . = ALIGN (0x4)

.ARM.extab      0x0000000008007b80        0x0
                0x0000000008007b80                . = ALIGN (0x4)
 *(.ARM.extab* .gnu.linkonce.armextab.*)
                0x0000000008007b80                . = ALIGN (0x4)

.ARM            0x0000000008007b80        0x8
                0x0000000008007b80                . = ALIGN (0x4)
                0x0000000008007b80                __exidx_start = .
 *(.ARM.exidx*)
 .ARM.exidx     0x0000000008007b80        0x8 C:/ST/STM32CubeIDE_1.13.2/STM32CubeIDE/plugins/com.st.stm32cube.ide.mcu.externaltools.gnu-tools-for-stm32.11.3.rel1.win32_1.1.1.202309131626/tools/bin/../lib/gcc/arm-none-eabi/11.3.1/thumb/v8-m.main+fp/hard\libgcc.a(_udivmoddi4.o)
                0x0000000008007b88                __exidx_end = .
                0x0000000008007b88                . = ALIGN (0x4)

.rel.dyn        0x0000000008007b88        0x0
 .rel.iplt      0x0000000008007b88        0x0 C:/ST/STM32CubeIDE_1.13.2/STM32CubeIDE/plugins/com.st.stm32cube.ide.mcu.externaltools.gnu-tools-for-stm32.11.3.rel1.win32_1.1.1.202309131626/tools/bin/../lib/gcc/arm-none-eabi/11.3.1/thumb/v8-m.main+fp/hard/crtbegin.o

.preinit_array  0x0000000008007b88        0x0
                0x0000000008007b88                . = ALIGN (0x4)
                0x0000000008007b88                PROVIDE (__preinit_array_start = .)
 *(.preinit_array*)
                0x0000000008007b88                PROVIDE (__preinit_array_end = .)
                0x0000000008007b88                . = ALIGN (0x4)

.init_array     0x0000000008007b88        0x4
                0x0000000008007b88                . = ALIGN (0x4)
                0x0000000008007b88                PROVIDE (__init_array_start = .)
 *(SORT_BY_NAME(.init_array.*))
 *(.init_array*)
 .init_array    0x0000000008007b88        0x4 C:/ST/STM32CubeIDE_1.13.2/STM32CubeIDE/plugins/com.st.stm32cube.ide.mcu.externaltools.gnu-tools-for-stm32.11.3.rel1.win32_1.1.1.202309131626/tools/bin/../lib/gcc/arm-none-eabi/11.3.1/thumb/v8-m.main+fp/hard/crtbegin.o
                0x0000000008007b8c                PROVIDE (__init_array_end = .)
                0x0000000008007b8c                . = ALIGN (0x4)

.fini_array     0x0000000008007b8c        0x4
                0x0000000008007b8c                . = ALIGN (0x4)
                [!provide]                        PROVIDE (__fini_array_start = .)
 *(SORT_BY_NAME(.fini_array.*))
 *(.fini_array*)
 .fini_array    0x0000000008007b8c        0x4 C:/ST/STM32CubeIDE_1.13.2/STM32CubeIDE/plugins/com.st.stm32cube.ide.mcu.externaltools.gnu-tools-for-stm32.11.3.rel1.win32_1.1.1.202309131626/tools/bin/../lib/gcc/arm-none-eabi/11.3.1/thumb/v8-m.main+fp/hard/crtbegin.o
                [!provide]                        PROVIDE (__fini_array_end = .)
                0x0000000008007b90                . = ALIGN (0x4)
                0x0000000008007b90                _sidata = LOADADDR (.data)

.data           0x0000000020000000        0xc load address 0x0000000008007b90
                0x0000000020000000                . = ALIGN (0x4)
                0x0000000020000000                _sdata = .
 *(.data)
 *(.data*)
 .data.SystemCoreClock
                0x0000000020000000        0x4 Core\Src\system_stm32l5xx.o
                0x0000000020000000                SystemCoreClock
 .data.uwTickPrio
                0x0000000020000004        0x4 Drivers\STM32L5xx_HAL_Driver\Src\stm32l5xx_hal.o
                0x0000000020000004                uwTickPrio
 .data.uwTickFreq
                0x0000000020000008        0x1 Drivers\STM32L5xx_HAL_Driver\Src\stm32l5xx_hal.o
                0x0000000020000008                uwTickFreq
 *(.RamFunc)
 *(.RamFunc*)
                0x000000002000000c                . = ALIGN (0x4)
 *fill*         0x0000000020000009        0x3 
                0x000000002000000c                _edata = .

.igot.plt       0x000000002000000c        0x0 load address 0x0000000008007b9c
 .igot.plt      0x000000002000000c        0x0 C:/ST/STM32CubeIDE_1.13.2/STM32CubeIDE/plugins/com.st.stm32cube.ide.mcu.externaltools.gnu-tools-for-stm32.11.3.rel1.win32_1.1.1.202309131626/tools/bin/../lib/gcc/arm-none-eabi/11.3.1/thumb/v8-m.main+fp/hard/crtbegin.o
                0x000000002000000c                . = ALIGN (0x4)

.bss            0x000000002000000c      0x5b4 load address 0x0000000008007b9c
                0x000000002000000c                _sbss = .
                0x000000002000000c                __bss_start__ = _sbss
 *(.bss)
 .bss           0x000000002000000c       0x1c C:/ST/STM32CubeIDE_1.13.2/STM32CubeIDE/plugins/com.st.stm32cube.ide.mcu.externaltools.gnu-tools-for-stm32.11.3.rel1.win32_1.1.1.202309131626/tools/bin/../lib/gcc/arm-none-eabi/11.3.1/thumb/v8-m.main+fp/hard/crtbegin.o
 *(.bss*)
 .bss.hadc1     0x0000000020000028       0x68 Core\Src\main.o
                0x0000000020000028                hadc1
 .bss.hlpuart1  0x0000000020000090       0x94 Core\Src\main.o
                0x0000000020000090                hlpuart1
 .bss.huart1    0x0000000020000124       0x94 Core\Src\main.o
                0x0000000020000124                huart1
 .bss.hdma_usart1_rx
                0x00000000200001b8       0x68 Core\Src\main.o
                0x00000000200001b8                hdma_usart1_rx
 .bss.hrtc      0x0000000020000220       0x28 Core\Src\main.o
                0x0000000020000220                hrtc
 .bss.htim3     0x0000000020000248       0x4c Core\Src\main.o
                0x0000000020000248                htim3
 .bss.htim4     0x0000000020000294       0x4c Core\Src\main.o
                0x0000000020000294                htim4
 .bss.hpcd_USB_FS
                0x00000000200002e0      0x2dc Core\Src\main.o
                0x00000000200002e0                hpcd_USB_FS
 .bss.uwTick    0x00000000200005bc        0x4 Drivers\STM32L5xx_HAL_Driver\Src\stm32l5xx_hal.o
                0x00000000200005bc                uwTick
 *(COMMON)
                0x00000000200005c0                . = ALIGN (0x4)
                0x00000000200005c0                _ebss = .
                0x00000000200005c0                __bss_end__ = _ebss

._user_heap_stack
                0x00000000200005c0      0x600 load address 0x0000000008007b9c
                0x00000000200005c0                . = ALIGN (0x8)
                [!provide]                        PROVIDE (end = .)
                0x00000000200005c0                PROVIDE (_end = .)
                0x00000000200007c0                . = (. + _Min_Heap_Size)
 *fill*         0x00000000200005c0      0x200 
                0x0000000020000bc0                . = (. + _Min_Stack_Size)
 *fill*         0x00000000200007c0      0x400 
                0x0000000020000bc0                . = ALIGN (0x8)

/DISCARD/
 libc.a(*)
 libm.a(*)
 libgcc.a(*)

.ARM.attributes
                0x0000000000000000       0x36
 *(.ARM.attributes)
 .ARM.attributes
                0x0000000000000000       0x22 C:/ST/STM32CubeIDE_1.13.2/STM32CubeIDE/plugins/com.st.stm32cube.ide.mcu.externaltools.gnu-tools-for-stm32.11.3.rel1.win32_1.1.1.202309131626/tools/bin/../lib/gcc/arm-none-eabi/11.3.1/thumb/v8-m.main+fp/hard/crti.o
 .ARM.attributes
                0x0000000000000022       0x38 C:/ST/STM32CubeIDE_1.13.2/STM32CubeIDE/plugins/com.st.stm32cube.ide.mcu.externaltools.gnu-tools-for-stm32.11.3.rel1.win32_1.1.1.202309131626/tools/bin/../lib/gcc/arm-none-eabi/11.3.1/thumb/v8-m.main+fp/hard/crtbegin.o
 .ARM.attributes
                0x000000000000005a       0x3a Core\Src\main.o
 .ARM.attributes
                0x0000000000000094       0x3a Core\Src\stm32l5xx_hal_msp.o
 .ARM.attributes
                0x00000000000000ce       0x3a Core\Src\stm32l5xx_it.o
 .ARM.attributes
                0x0000000000000108       0x3a Core\Src\system_stm32l5xx.o
 .ARM.attributes
                0x0000000000000142       0x24 Core\Startup\startup_stm32l552zetxq.o
 .ARM.attributes
                0x0000000000000166       0x3a Drivers\STM32L5xx_HAL_Driver\Src\stm32l5xx_hal.o
 .ARM.attributes
                0x00000000000001a0       0x3a Drivers\STM32L5xx_HAL_Driver\Src\stm32l5xx_hal_adc.o
 .ARM.attributes
                0x00000000000001da       0x3a Drivers\STM32L5xx_HAL_Driver\Src\stm32l5xx_hal_adc_ex.o
 .ARM.attributes
                0x0000000000000214       0x3a Drivers\STM32L5xx_HAL_Driver\Src\stm32l5xx_hal_cortex.o
 .ARM.attributes
                0x000000000000024e       0x3a Drivers\STM32L5xx_HAL_Driver\Src\stm32l5xx_hal_dma.o
 .ARM.attributes
                0x0000000000000288       0x3a Drivers\STM32L5xx_HAL_Driver\Src\stm32l5xx_hal_gpio.o
 .ARM.attributes
                0x00000000000002c2       0x3a Drivers\STM32L5xx_HAL_Driver\Src\stm32l5xx_hal_icache.o
 .ARM.attributes
                0x00000000000002fc       0x3a Drivers\STM32L5xx_HAL_Driver\Src\stm32l5xx_hal_pcd.o
 .ARM.attributes
                0x0000000000000336       0x3a Drivers\STM32L5xx_HAL_Driver\Src\stm32l5xx_hal_pcd_ex.o
 .ARM.attributes
                0x0000000000000370       0x3a Drivers\STM32L5xx_HAL_Driver\Src\stm32l5xx_hal_pwr.o
 .ARM.attributes
                0x00000000000003aa       0x3a Drivers\STM32L5xx_HAL_Driver\Src\stm32l5xx_hal_pwr_ex.o
 .ARM.attributes
                0x00000000000003e4       0x3a Drivers\STM32L5xx_HAL_Driver\Src\stm32l5xx_hal_rcc.o
 .ARM.attributes
                0x000000000000041e       0x3a Drivers\STM32L5xx_HAL_Driver\Src\stm32l5xx_hal_rcc_ex.o
 .ARM.attributes
                0x0000000000000458       0x3a Drivers\STM32L5xx_HAL_Driver\Src\stm32l5xx_hal_rtc.o
 .ARM.attributes
                0x0000000000000492       0x3a Drivers\STM32L5xx_HAL_Driver\Src\stm32l5xx_hal_rtc_ex.o
 .ARM.attributes
                0x00000000000004cc       0x3a Drivers\STM32L5xx_HAL_Driver\Src\stm32l5xx_hal_tim.o
 .ARM.attributes
                0x0000000000000506       0x3a Drivers\STM32L5xx_HAL_Driver\Src\stm32l5xx_hal_tim_ex.o
 .ARM.attributes
                0x0000000000000540       0x3a Drivers\STM32L5xx_HAL_Driver\Src\stm32l5xx_hal_uart.o
 .ARM.attributes
                0x000000000000057a       0x3a Drivers\STM32L5xx_HAL_Driver\Src\stm32l5xx_hal_uart_ex.o
 .ARM.attributes
                0x00000000000005b4       0x3a Drivers\STM32L5xx_HAL_Driver\Src\stm32l5xx_ll_gpio.o
 .ARM.attributes
                0x00000000000005ee       0x3a Drivers\STM32L5xx_HAL_Driver\Src\stm32l5xx_ll_usb.o
 .ARM.attributes
                0x0000000000000628       0x38 C:/ST/STM32CubeIDE_1.13.2/STM32CubeIDE/plugins/com.st.stm32cube.ide.mcu.externaltools.gnu-tools-for-stm32.11.3.rel1.win32_1.1.1.202309131626/tools/bin/../lib/gcc/arm-none-eabi/11.3.1/../../../../arm-none-eabi/lib/thumb/v8-m.main+fp/hard\libc_nano.a(libc_a-memset.o)
 .ARM.attributes
                0x0000000000000660       0x38 C:/ST/STM32CubeIDE_1.13.2/STM32CubeIDE/plugins/com.st.stm32cube.ide.mcu.externaltools.gnu-tools-for-stm32.11.3.rel1.win32_1.1.1.202309131626/tools/bin/../lib/gcc/arm-none-eabi/11.3.1/../../../../arm-none-eabi/lib/thumb/v8-m.main+fp/hard\libc_nano.a(libc_a-init.o)
 .ARM.attributes
                0x0000000000000698       0x22 C:/ST/STM32CubeIDE_1.13.2/STM32CubeIDE/plugins/com.st.stm32cube.ide.mcu.externaltools.gnu-tools-for-stm32.11.3.rel1.win32_1.1.1.202309131626/tools/bin/../lib/gcc/arm-none-eabi/11.3.1/thumb/v8-m.main+fp/hard\libgcc.a(_aeabi_uldivmod.o)
 .ARM.attributes
                0x00000000000006ba       0x38 C:/ST/STM32CubeIDE_1.13.2/STM32CubeIDE/plugins/com.st.stm32cube.ide.mcu.externaltools.gnu-tools-for-stm32.11.3.rel1.win32_1.1.1.202309131626/tools/bin/../lib/gcc/arm-none-eabi/11.3.1/thumb/v8-m.main+fp/hard\libgcc.a(_udivmoddi4.o)
 .ARM.attributes
                0x00000000000006f2       0x22 C:/ST/STM32CubeIDE_1.13.2/STM32CubeIDE/plugins/com.st.stm32cube.ide.mcu.externaltools.gnu-tools-for-stm32.11.3.rel1.win32_1.1.1.202309131626/tools/bin/../lib/gcc/arm-none-eabi/11.3.1/thumb/v8-m.main+fp/hard\libgcc.a(_dvmd_tls.o)
 .ARM.attributes
                0x0000000000000714       0x22 C:/ST/STM32CubeIDE_1.13.2/STM32CubeIDE/plugins/com.st.stm32cube.ide.mcu.externaltools.gnu-tools-for-stm32.11.3.rel1.win32_1.1.1.202309131626/tools/bin/../lib/gcc/arm-none-eabi/11.3.1/thumb/v8-m.main+fp/hard/crtn.o
OUTPUT(DrivetrainController.elf elf32-littlearm)
LOAD linker stubs
LOAD C:/ST/STM32CubeIDE_1.13.2/STM32CubeIDE/plugins/com.st.stm32cube.ide.mcu.externaltools.gnu-tools-for-stm32.11.3.rel1.win32_1.1.1.202309131626/tools/bin/../lib/gcc/arm-none-eabi/11.3.1/../../../../arm-none-eabi/lib/thumb/v8-m.main+fp/hard\libc.a
LOAD C:/ST/STM32CubeIDE_1.13.2/STM32CubeIDE/plugins/com.st.stm32cube.ide.mcu.externaltools.gnu-tools-for-stm32.11.3.rel1.win32_1.1.1.202309131626/tools/bin/../lib/gcc/arm-none-eabi/11.3.1/../../../../arm-none-eabi/lib/thumb/v8-m.main+fp/hard\libm.a
LOAD C:/ST/STM32CubeIDE_1.13.2/STM32CubeIDE/plugins/com.st.stm32cube.ide.mcu.externaltools.gnu-tools-for-stm32.11.3.rel1.win32_1.1.1.202309131626/tools/bin/../lib/gcc/arm-none-eabi/11.3.1/thumb/v8-m.main+fp/hard\libgcc.a

.comment        0x0000000000000000       0x43
 .comment       0x0000000000000000       0x43 C:/ST/STM32CubeIDE_1.13.2/STM32CubeIDE/plugins/com.st.stm32cube.ide.mcu.externaltools.gnu-tools-for-stm32.11.3.rel1.win32_1.1.1.202309131626/tools/bin/../lib/gcc/arm-none-eabi/11.3.1/thumb/v8-m.main+fp/hard/crtbegin.o
                                         0x44 (size before relaxing)
 .comment       0x0000000000000043       0x44 Core\Src\main.o
 .comment       0x0000000000000043       0x44 Core\Src\stm32l5xx_hal_msp.o
 .comment       0x0000000000000043       0x44 Core\Src\stm32l5xx_it.o
 .comment       0x0000000000000043       0x44 Core\Src\system_stm32l5xx.o
 .comment       0x0000000000000043       0x44 Drivers\STM32L5xx_HAL_Driver\Src\stm32l5xx_hal.o
 .comment       0x0000000000000043       0x44 Drivers\STM32L5xx_HAL_Driver\Src\stm32l5xx_hal_adc.o
 .comment       0x0000000000000043       0x44 Drivers\STM32L5xx_HAL_Driver\Src\stm32l5xx_hal_adc_ex.o
 .comment       0x0000000000000043       0x44 Drivers\STM32L5xx_HAL_Driver\Src\stm32l5xx_hal_cortex.o
 .comment       0x0000000000000043       0x44 Drivers\STM32L5xx_HAL_Driver\Src\stm32l5xx_hal_dma.o
 .comment       0x0000000000000043       0x44 Drivers\STM32L5xx_HAL_Driver\Src\stm32l5xx_hal_gpio.o
 .comment       0x0000000000000043       0x44 Drivers\STM32L5xx_HAL_Driver\Src\stm32l5xx_hal_icache.o
 .comment       0x0000000000000043       0x44 Drivers\STM32L5xx_HAL_Driver\Src\stm32l5xx_hal_pcd.o
 .comment       0x0000000000000043       0x44 Drivers\STM32L5xx_HAL_Driver\Src\stm32l5xx_hal_pcd_ex.o
 .comment       0x0000000000000043       0x44 Drivers\STM32L5xx_HAL_Driver\Src\stm32l5xx_hal_pwr.o
 .comment       0x0000000000000043       0x44 Drivers\STM32L5xx_HAL_Driver\Src\stm32l5xx_hal_pwr_ex.o
 .comment       0x0000000000000043       0x44 Drivers\STM32L5xx_HAL_Driver\Src\stm32l5xx_hal_rcc.o
 .comment       0x0000000000000043       0x44 Drivers\STM32L5xx_HAL_Driver\Src\stm32l5xx_hal_rcc_ex.o
 .comment       0x0000000000000043       0x44 Drivers\STM32L5xx_HAL_Driver\Src\stm32l5xx_hal_rtc.o
 .comment       0x0000000000000043       0x44 Drivers\STM32L5xx_HAL_Driver\Src\stm32l5xx_hal_rtc_ex.o
 .comment       0x0000000000000043       0x44 Drivers\STM32L5xx_HAL_Driver\Src\stm32l5xx_hal_tim.o
 .comment       0x0000000000000043       0x44 Drivers\STM32L5xx_HAL_Driver\Src\stm32l5xx_hal_tim_ex.o
 .comment       0x0000000000000043       0x44 Drivers\STM32L5xx_HAL_Driver\Src\stm32l5xx_hal_uart.o
 .comment       0x0000000000000043       0x44 Drivers\STM32L5xx_HAL_Driver\Src\stm32l5xx_hal_uart_ex.o
 .comment       0x0000000000000043       0x44 Drivers\STM32L5xx_HAL_Driver\Src\stm32l5xx_ll_gpio.o
 .comment       0x0000000000000043       0x44 Drivers\STM32L5xx_HAL_Driver\Src\stm32l5xx_ll_usb.o

.debug_info     0x0000000000000000    0x20f9c
 .debug_info    0x0000000000000000     0x28aa Core\Src\main.o
 .debug_info    0x00000000000028aa     0x24d1 Core\Src\stm32l5xx_hal_msp.o
 .debug_info    0x0000000000004d7b      0xc9a Core\Src\stm32l5xx_it.o
 .debug_info    0x0000000000005a15      0x7e2 Core\Src\system_stm32l5xx.o
 .debug_info    0x00000000000061f7       0x23 Core\Startup\startup_stm32l552zetxq.o
 .debug_info    0x000000000000621a      0xcf3 Drivers\STM32L5xx_HAL_Driver\Src\stm32l5xx_hal.o
 .debug_info    0x0000000000006f0d     0x1f20 Drivers\STM32L5xx_HAL_Driver\Src\stm32l5xx_hal_adc.o
 .debug_info    0x0000000000008e2d     0x1cbb Drivers\STM32L5xx_HAL_Driver\Src\stm32l5xx_hal_adc_ex.o
 .debug_info    0x000000000000aae8     0x1106 Drivers\STM32L5xx_HAL_Driver\Src\stm32l5xx_hal_cortex.o
 .debug_info    0x000000000000bbee      0x920 Drivers\STM32L5xx_HAL_Driver\Src\stm32l5xx_hal_dma.o
 .debug_info    0x000000000000c50e      0x5d4 Drivers\STM32L5xx_HAL_Driver\Src\stm32l5xx_hal_gpio.o
 .debug_info    0x000000000000cae2      0x4c1 Drivers\STM32L5xx_HAL_Driver\Src\stm32l5xx_hal_icache.o
 .debug_info    0x000000000000cfa3     0x161b Drivers\STM32L5xx_HAL_Driver\Src\stm32l5xx_hal_pcd.o
 .debug_info    0x000000000000e5be      0x80a Drivers\STM32L5xx_HAL_Driver\Src\stm32l5xx_hal_pcd_ex.o
 .debug_info    0x000000000000edc8      0xcd2 Drivers\STM32L5xx_HAL_Driver\Src\stm32l5xx_hal_pwr.o
 .debug_info    0x000000000000fa9a      0xd73 Drivers\STM32L5xx_HAL_Driver\Src\stm32l5xx_hal_pwr_ex.o
 .debug_info    0x000000000001080d      0xf75 Drivers\STM32L5xx_HAL_Driver\Src\stm32l5xx_hal_rcc.o
 .debug_info    0x0000000000011782     0x1134 Drivers\STM32L5xx_HAL_Driver\Src\stm32l5xx_hal_rcc_ex.o
 .debug_info    0x00000000000128b6      0xf0b Drivers\STM32L5xx_HAL_Driver\Src\stm32l5xx_hal_rtc.o
 .debug_info    0x00000000000137c1     0x19c9 Drivers\STM32L5xx_HAL_Driver\Src\stm32l5xx_hal_rtc_ex.o
 .debug_info    0x000000000001518a     0x2bdb Drivers\STM32L5xx_HAL_Driver\Src\stm32l5xx_hal_tim.o
 .debug_info    0x0000000000017d65     0x18b5 Drivers\STM32L5xx_HAL_Driver\Src\stm32l5xx_hal_tim_ex.o
 .debug_info    0x000000000001961a     0x48fb Drivers\STM32L5xx_HAL_Driver\Src\stm32l5xx_hal_uart.o
 .debug_info    0x000000000001df15      0xffd Drivers\STM32L5xx_HAL_Driver\Src\stm32l5xx_hal_uart_ex.o
 .debug_info    0x000000000001ef12      0xa1f Drivers\STM32L5xx_HAL_Driver\Src\stm32l5xx_ll_gpio.o
 .debug_info    0x000000000001f931     0x166b Drivers\STM32L5xx_HAL_Driver\Src\stm32l5xx_ll_usb.o

.debug_abbrev   0x0000000000000000     0x3db9
 .debug_abbrev  0x0000000000000000      0x354 Core\Src\main.o
 .debug_abbrev  0x0000000000000354      0x2ca Core\Src\stm32l5xx_hal_msp.o
 .debug_abbrev  0x000000000000061e      0x1ac Core\Src\stm32l5xx_it.o
 .debug_abbrev  0x00000000000007ca      0x12b Core\Src\system_stm32l5xx.o
 .debug_abbrev  0x00000000000008f5       0x12 Core\Startup\startup_stm32l552zetxq.o
 .debug_abbrev  0x0000000000000907      0x2cd Drivers\STM32L5xx_HAL_Driver\Src\stm32l5xx_hal.o
 .debug_abbrev  0x0000000000000bd4      0x2cc Drivers\STM32L5xx_HAL_Driver\Src\stm32l5xx_hal_adc.o
 .debug_abbrev  0x0000000000000ea0      0x2ef Drivers\STM32L5xx_HAL_Driver\Src\stm32l5xx_hal_adc_ex.o
 .debug_abbrev  0x000000000000118f      0x32c Drivers\STM32L5xx_HAL_Driver\Src\stm32l5xx_hal_cortex.o
 .debug_abbrev  0x00000000000014bb      0x1f4 Drivers\STM32L5xx_HAL_Driver\Src\stm32l5xx_hal_dma.o
 .debug_abbrev  0x00000000000016af      0x1c2 Drivers\STM32L5xx_HAL_Driver\Src\stm32l5xx_hal_gpio.o
 .debug_abbrev  0x0000000000001871      0x228 Drivers\STM32L5xx_HAL_Driver\Src\stm32l5xx_hal_icache.o
 .debug_abbrev  0x0000000000001a99      0x2b9 Drivers\STM32L5xx_HAL_Driver\Src\stm32l5xx_hal_pcd.o
 .debug_abbrev  0x0000000000001d52      0x228 Drivers\STM32L5xx_HAL_Driver\Src\stm32l5xx_hal_pcd_ex.o
 .debug_abbrev  0x0000000000001f7a      0x20a Drivers\STM32L5xx_HAL_Driver\Src\stm32l5xx_hal_pwr.o
 .debug_abbrev  0x0000000000002184      0x28c Drivers\STM32L5xx_HAL_Driver\Src\stm32l5xx_hal_pwr_ex.o
 .debug_abbrev  0x0000000000002410      0x2fd Drivers\STM32L5xx_HAL_Driver\Src\stm32l5xx_hal_rcc.o
 .debug_abbrev  0x000000000000270d      0x2c8 Drivers\STM32L5xx_HAL_Driver\Src\stm32l5xx_hal_rcc_ex.o
 .debug_abbrev  0x00000000000029d5      0x212 Drivers\STM32L5xx_HAL_Driver\Src\stm32l5xx_hal_rtc.o
 .debug_abbrev  0x0000000000002be7      0x232 Drivers\STM32L5xx_HAL_Driver\Src\stm32l5xx_hal_rtc_ex.o
 .debug_abbrev  0x0000000000002e19      0x277 Drivers\STM32L5xx_HAL_Driver\Src\stm32l5xx_hal_tim.o
 .debug_abbrev  0x0000000000003090      0x297 Drivers\STM32L5xx_HAL_Driver\Src\stm32l5xx_hal_tim_ex.o
 .debug_abbrev  0x0000000000003327      0x325 Drivers\STM32L5xx_HAL_Driver\Src\stm32l5xx_hal_uart.o
 .debug_abbrev  0x000000000000364c      0x2d3 Drivers\STM32L5xx_HAL_Driver\Src\stm32l5xx_hal_uart_ex.o
 .debug_abbrev  0x000000000000391f      0x253 Drivers\STM32L5xx_HAL_Driver\Src\stm32l5xx_ll_gpio.o
 .debug_abbrev  0x0000000000003b72      0x247 Drivers\STM32L5xx_HAL_Driver\Src\stm32l5xx_ll_usb.o

.debug_aranges  0x0000000000000000     0x1c20
 .debug_aranges
                0x0000000000000000       0x98 Core\Src\main.o
 .debug_aranges
                0x0000000000000098       0x78 Core\Src\stm32l5xx_hal_msp.o
 .debug_aranges
                0x0000000000000110       0x80 Core\Src\stm32l5xx_it.o
 .debug_aranges
                0x0000000000000190       0x28 Core\Src\system_stm32l5xx.o
 .debug_aranges
                0x00000000000001b8       0x28 Core\Startup\startup_stm32l552zetxq.o
 .debug_aranges
                0x00000000000001e0      0x130 Drivers\STM32L5xx_HAL_Driver\Src\stm32l5xx_hal.o
 .debug_aranges
                0x0000000000000310      0x228 Drivers\STM32L5xx_HAL_Driver\Src\stm32l5xx_hal_adc.o
 .debug_aranges
                0x0000000000000538      0x1b0 Drivers\STM32L5xx_HAL_Driver\Src\stm32l5xx_hal_adc_ex.o
 .debug_aranges
                0x00000000000006e8      0x140 Drivers\STM32L5xx_HAL_Driver\Src\stm32l5xx_hal_cortex.o
 .debug_aranges
                0x0000000000000828       0xa0 Drivers\STM32L5xx_HAL_Driver\Src\stm32l5xx_hal_dma.o
 .debug_aranges
                0x00000000000008c8       0x60 Drivers\STM32L5xx_HAL_Driver\Src\stm32l5xx_hal_gpio.o
 .debug_aranges
                0x0000000000000928       0xa8 Drivers\STM32L5xx_HAL_Driver\Src\stm32l5xx_hal_icache.o
 .debug_aranges
                0x00000000000009d0      0x138 Drivers\STM32L5xx_HAL_Driver\Src\stm32l5xx_hal_pcd.o
 .debug_aranges
                0x0000000000000b08       0x58 Drivers\STM32L5xx_HAL_Driver\Src\stm32l5xx_hal_pcd_ex.o
 .debug_aranges
                0x0000000000000b60       0xa8 Drivers\STM32L5xx_HAL_Driver\Src\stm32l5xx_hal_pwr.o
 .debug_aranges
                0x0000000000000c08      0x1b8 Drivers\STM32L5xx_HAL_Driver\Src\stm32l5xx_hal_pwr_ex.o
 .debug_aranges
                0x0000000000000dc0       0xa8 Drivers\STM32L5xx_HAL_Driver\Src\stm32l5xx_hal_rcc.o
 .debug_aranges
                0x0000000000000e68      0x118 Drivers\STM32L5xx_HAL_Driver\Src\stm32l5xx_hal_rcc_ex.o
 .debug_aranges
                0x0000000000000f80       0xe8 Drivers\STM32L5xx_HAL_Driver\Src\stm32l5xx_hal_rtc.o
 .debug_aranges
                0x0000000000001068      0x220 Drivers\STM32L5xx_HAL_Driver\Src\stm32l5xx_hal_rtc_ex.o
 .debug_aranges
                0x0000000000001288      0x3e0 Drivers\STM32L5xx_HAL_Driver\Src\stm32l5xx_hal_tim.o
 .debug_aranges
                0x0000000000001668      0x190 Drivers\STM32L5xx_HAL_Driver\Src\stm32l5xx_hal_tim_ex.o
 .debug_aranges
                0x00000000000017f8      0x248 Drivers\STM32L5xx_HAL_Driver\Src\stm32l5xx_hal_uart.o
 .debug_aranges
                0x0000000000001a40       0xa8 Drivers\STM32L5xx_HAL_Driver\Src\stm32l5xx_hal_uart_ex.o
 .debug_aranges
                0x0000000000001ae8       0x70 Drivers\STM32L5xx_HAL_Driver\Src\stm32l5xx_ll_gpio.o
 .debug_aranges
                0x0000000000001b58       0xc8 Drivers\STM32L5xx_HAL_Driver\Src\stm32l5xx_ll_usb.o

.debug_rnglists
                0x0000000000000000     0x15d3
 .debug_rnglists
                0x0000000000000000       0x75 Core\Src\main.o
 .debug_rnglists
                0x0000000000000075       0x5b Core\Src\stm32l5xx_hal_msp.o
 .debug_rnglists
                0x00000000000000d0       0x5b Core\Src\stm32l5xx_it.o
 .debug_rnglists
                0x000000000000012b       0x1a Core\Src\system_stm32l5xx.o
 .debug_rnglists
                0x0000000000000145       0x19 Core\Startup\startup_stm32l552zetxq.o
 .debug_rnglists
                0x000000000000015e       0xdf Drivers\STM32L5xx_HAL_Driver\Src\stm32l5xx_hal.o
 .debug_rnglists
                0x000000000000023d      0x1a8 Drivers\STM32L5xx_HAL_Driver\Src\stm32l5xx_hal_adc.o
 .debug_rnglists
                0x00000000000003e5      0x14e Drivers\STM32L5xx_HAL_Driver\Src\stm32l5xx_hal_adc_ex.o
 .debug_rnglists
                0x0000000000000533       0xeb Drivers\STM32L5xx_HAL_Driver\Src\stm32l5xx_hal_cortex.o
 .debug_rnglists
                0x000000000000061e       0x7d Drivers\STM32L5xx_HAL_Driver\Src\stm32l5xx_hal_dma.o
 .debug_rnglists
                0x000000000000069b       0x45 Drivers\STM32L5xx_HAL_Driver\Src\stm32l5xx_hal_gpio.o
 .debug_rnglists
                0x00000000000006e0       0x7a Drivers\STM32L5xx_HAL_Driver\Src\stm32l5xx_hal_icache.o
 .debug_rnglists
                0x000000000000075a       0xee Drivers\STM32L5xx_HAL_Driver\Src\stm32l5xx_hal_pcd.o
 .debug_rnglists
                0x0000000000000848       0x3f Drivers\STM32L5xx_HAL_Driver\Src\stm32l5xx_hal_pcd_ex.o
 .debug_rnglists
                0x0000000000000887       0x7a Drivers\STM32L5xx_HAL_Driver\Src\stm32l5xx_hal_pwr.o
 .debug_rnglists
                0x0000000000000901      0x14e Drivers\STM32L5xx_HAL_Driver\Src\stm32l5xx_hal_pwr_ex.o
 .debug_rnglists
                0x0000000000000a4f       0x80 Drivers\STM32L5xx_HAL_Driver\Src\stm32l5xx_hal_rcc.o
 .debug_rnglists
                0x0000000000000acf       0xdd Drivers\STM32L5xx_HAL_Driver\Src\stm32l5xx_hal_rcc_ex.o
 .debug_rnglists
                0x0000000000000bac       0xb3 Drivers\STM32L5xx_HAL_Driver\Src\stm32l5xx_hal_rtc.o
 .debug_rnglists
                0x0000000000000c5f      0x1a2 Drivers\STM32L5xx_HAL_Driver\Src\stm32l5xx_hal_rtc_ex.o
 .debug_rnglists
                0x0000000000000e01      0x328 Drivers\STM32L5xx_HAL_Driver\Src\stm32l5xx_hal_tim.o
 .debug_rnglists
                0x0000000000001129      0x147 Drivers\STM32L5xx_HAL_Driver\Src\stm32l5xx_hal_tim_ex.o
 .debug_rnglists
                0x0000000000001270      0x1fa Drivers\STM32L5xx_HAL_Driver\Src\stm32l5xx_hal_uart.o
 .debug_rnglists
                0x000000000000146a       0x7f Drivers\STM32L5xx_HAL_Driver\Src\stm32l5xx_hal_uart_ex.o
 .debug_rnglists
                0x00000000000014e9       0x51 Drivers\STM32L5xx_HAL_Driver\Src\stm32l5xx_ll_gpio.o
 .debug_rnglists
                0x000000000000153a       0x99 Drivers\STM32L5xx_HAL_Driver\Src\stm32l5xx_ll_usb.o

.debug_macro    0x0000000000000000    0x2dd19
 .debug_macro   0x0000000000000000      0x2e6 Core\Src\main.o
 .debug_macro   0x00000000000002e6      0x1a8 Core\Src\main.o
 .debug_macro   0x000000000000048e       0x2e Core\Src\main.o
 .debug_macro   0x00000000000004bc       0x42 Core\Src\main.o
 .debug_macro   0x00000000000004fe       0x1c Core\Src\main.o
 .debug_macro   0x000000000000051a       0x29 Core\Src\main.o
 .debug_macro   0x0000000000000543       0xfb Core\Src\main.o
 .debug_macro   0x000000000000063e     0x1336 Core\Src\main.o
 .debug_macro   0x0000000000001974       0x5e Core\Src\main.o
 .debug_macro   0x00000000000019d2    0x1aca2 Core\Src\main.o
 .debug_macro   0x000000000001c674       0x6c Core\Src\main.o
 .debug_macro   0x000000000001c6e0     0x353c Core\Src\main.o
 .debug_macro   0x000000000001fc1c      0x174 Core\Src\main.o
 .debug_macro   0x000000000001fd90       0x5d Core\Src\main.o
 .debug_macro   0x000000000001fded     0x1987 Core\Src\main.o
 .debug_macro   0x0000000000021774      0xa52 Core\Src\main.o
 .debug_macro   0x00000000000221c6      0x1cf Core\Src\main.o
 .debug_macro   0x0000000000022395      0x1d8 Core\Src\main.o
 .debug_macro   0x000000000002256d      0x4e1 Core\Src\main.o
 .debug_macro   0x0000000000022a4e      0x1ab Core\Src\main.o
 .debug_macro   0x0000000000022bf9       0x4a Core\Src\main.o
 .debug_macro   0x0000000000022c43      0x1b9 Core\Src\main.o
 .debug_macro   0x0000000000022dfc      0xecd Core\Src\main.o
 .debug_macro   0x0000000000023cc9      0x608 Core\Src\main.o
 .debug_macro   0x00000000000242d1      0x2e9 Core\Src\main.o
 .debug_macro   0x00000000000245ba      0x230 Core\Src\main.o
 .debug_macro   0x00000000000247ea      0x3bb Core\Src\main.o
 .debug_macro   0x0000000000024ba5       0x36 Core\Src\main.o
 .debug_macro   0x0000000000024bdb      0x11c Core\Src\main.o
 .debug_macro   0x0000000000024cf7      0x22c Core\Src\main.o
 .debug_macro   0x0000000000024f23       0x5b Core\Src\main.o
 .debug_macro   0x0000000000024f7e       0xa5 Core\Src\main.o
 .debug_macro   0x0000000000025023       0xc9 Core\Src\main.o
 .debug_macro   0x00000000000250ec       0x73 Core\Src\main.o
 .debug_macro   0x000000000002515f      0x22d Core\Src\main.o
 .debug_macro   0x000000000002538c      0x199 Core\Src\main.o
 .debug_macro   0x0000000000025525      0x487 Core\Src\main.o
 .debug_macro   0x00000000000259ac      0x31a Core\Src\main.o
 .debug_macro   0x0000000000025cc6      0x748 Core\Src\main.o
 .debug_macro   0x000000000002640e       0xeb Core\Src\main.o
 .debug_macro   0x00000000000264f9      0xabb Core\Src\main.o
 .debug_macro   0x0000000000026fb4      0x184 Core\Src\main.o
 .debug_macro   0x0000000000027138      0x693 Core\Src\main.o
 .debug_macro   0x00000000000277cb       0xa6 Core\Src\main.o
 .debug_macro   0x0000000000027871      0x3f1 Core\Src\main.o
 .debug_macro   0x0000000000027c62      0x2b6 Core\Src\main.o
 .debug_macro   0x0000000000027f18      0x1e2 Core\Src\main.o
 .debug_macro   0x00000000000280fa      0x15a Core\Src\main.o
 .debug_macro   0x0000000000028254      0xbd0 Core\Src\main.o
 .debug_macro   0x0000000000028e24      0x398 Core\Src\main.o
 .debug_macro   0x00000000000291bc       0xae Core\Src\main.o
 .debug_macro   0x000000000002926a      0x21d Core\Src\main.o
 .debug_macro   0x0000000000029487      0x165 Core\Src\main.o
 .debug_macro   0x00000000000295ec      0x5bf Core\Src\main.o
 .debug_macro   0x0000000000029bab      0x314 Core\Src\main.o
 .debug_macro   0x0000000000029ebf      0x215 Core\Src\main.o
 .debug_macro   0x000000000002a0d4       0x70 Core\Src\main.o
 .debug_macro   0x000000000002a144      0x2c8 Core\Src\stm32l5xx_hal_msp.o
 .debug_macro   0x000000000002a40c      0x2d2 Core\Src\stm32l5xx_it.o
 .debug_macro   0x000000000002a6de      0x250 Core\Src\system_stm32l5xx.o
 .debug_macro   0x000000000002a92e      0x280 Drivers\STM32L5xx_HAL_Driver\Src\stm32l5xx_hal.o
 .debug_macro   0x000000000002abae      0x26d Drivers\STM32L5xx_HAL_Driver\Src\stm32l5xx_hal_adc.o
 .debug_macro   0x000000000002ae1b      0x25c Drivers\STM32L5xx_HAL_Driver\Src\stm32l5xx_hal_adc_ex.o
 .debug_macro   0x000000000002b077      0x250 Drivers\STM32L5xx_HAL_Driver\Src\stm32l5xx_hal_cortex.o
 .debug_macro   0x000000000002b2c7      0x250 Drivers\STM32L5xx_HAL_Driver\Src\stm32l5xx_hal_dma.o
 .debug_macro   0x000000000002b517      0x256 Drivers\STM32L5xx_HAL_Driver\Src\stm32l5xx_hal_gpio.o
 .debug_macro   0x000000000002b76d      0x282 Drivers\STM32L5xx_HAL_Driver\Src\stm32l5xx_hal_icache.o
 .debug_macro   0x000000000002b9ef      0x25c Drivers\STM32L5xx_HAL_Driver\Src\stm32l5xx_hal_pcd.o
 .debug_macro   0x000000000002bc4b      0x250 Drivers\STM32L5xx_HAL_Driver\Src\stm32l5xx_hal_pcd_ex.o
 .debug_macro   0x000000000002be9b      0x268 Drivers\STM32L5xx_HAL_Driver\Src\stm32l5xx_hal_pwr.o
 .debug_macro   0x000000000002c103      0x280 Drivers\STM32L5xx_HAL_Driver\Src\stm32l5xx_hal_pwr_ex.o
 .debug_macro   0x000000000002c383      0x27a Drivers\STM32L5xx_HAL_Driver\Src\stm32l5xx_hal_rcc.o
 .debug_macro   0x000000000002c5fd      0x2b6 Drivers\STM32L5xx_HAL_Driver\Src\stm32l5xx_hal_rcc_ex.o
 .debug_macro   0x000000000002c8b3      0x251 Drivers\STM32L5xx_HAL_Driver\Src\stm32l5xx_hal_rtc.o
 .debug_macro   0x000000000002cb04      0x256 Drivers\STM32L5xx_HAL_Driver\Src\stm32l5xx_hal_rtc_ex.o
 .debug_macro   0x000000000002cd5a      0x251 Drivers\STM32L5xx_HAL_Driver\Src\stm32l5xx_hal_tim.o
 .debug_macro   0x000000000002cfab      0x256 Drivers\STM32L5xx_HAL_Driver\Src\stm32l5xx_hal_tim_ex.o
 .debug_macro   0x000000000002d201      0x27b Drivers\STM32L5xx_HAL_Driver\Src\stm32l5xx_hal_uart.o
 .debug_macro   0x000000000002d47c      0x25c Drivers\STM32L5xx_HAL_Driver\Src\stm32l5xx_hal_uart_ex.o
 .debug_macro   0x000000000002d6d8      0x292 Drivers\STM32L5xx_HAL_Driver\Src\stm32l5xx_ll_gpio.o
 .debug_macro   0x000000000002d96a      0x15f Drivers\STM32L5xx_HAL_Driver\Src\stm32l5xx_ll_gpio.o
 .debug_macro   0x000000000002dac9      0x250 Drivers\STM32L5xx_HAL_Driver\Src\stm32l5xx_ll_usb.o

.debug_line     0x0000000000000000    0x205ac
 .debug_line    0x0000000000000000      0xe23 Core\Src\main.o
 .debug_line    0x0000000000000e23      0xc0c Core\Src\stm32l5xx_hal_msp.o
 .debug_line    0x0000000000001a2f      0xa8f Core\Src\stm32l5xx_it.o
 .debug_line    0x00000000000024be      0x904 Core\Src\system_stm32l5xx.o
 .debug_line    0x0000000000002dc2       0x79 Core\Startup\startup_stm32l552zetxq.o
 .debug_line    0x0000000000002e3b      0xc77 Drivers\STM32L5xx_HAL_Driver\Src\stm32l5xx_hal.o
 .debug_line    0x0000000000003ab2     0x2059 Drivers\STM32L5xx_HAL_Driver\Src\stm32l5xx_hal_adc.o
 .debug_line    0x0000000000005b0b     0x1ab0 Drivers\STM32L5xx_HAL_Driver\Src\stm32l5xx_hal_adc_ex.o
 .debug_line    0x00000000000075bb      0xeca Drivers\STM32L5xx_HAL_Driver\Src\stm32l5xx_hal_cortex.o
 .debug_line    0x0000000000008485     0x110a Drivers\STM32L5xx_HAL_Driver\Src\stm32l5xx_hal_dma.o
 .debug_line    0x000000000000958f      0xcbc Drivers\STM32L5xx_HAL_Driver\Src\stm32l5xx_hal_gpio.o
 .debug_line    0x000000000000a24b      0xb4f Drivers\STM32L5xx_HAL_Driver\Src\stm32l5xx_hal_icache.o
 .debug_line    0x000000000000ad9a     0x149e Drivers\STM32L5xx_HAL_Driver\Src\stm32l5xx_hal_pcd.o
 .debug_line    0x000000000000c238      0x9d5 Drivers\STM32L5xx_HAL_Driver\Src\stm32l5xx_hal_pcd_ex.o
 .debug_line    0x000000000000cc0d      0xaa0 Drivers\STM32L5xx_HAL_Driver\Src\stm32l5xx_hal_pwr.o
 .debug_line    0x000000000000d6ad     0x102b Drivers\STM32L5xx_HAL_Driver\Src\stm32l5xx_hal_pwr_ex.o
 .debug_line    0x000000000000e6d8     0x13b6 Drivers\STM32L5xx_HAL_Driver\Src\stm32l5xx_hal_rcc.o
 .debug_line    0x000000000000fa8e     0x1d0b Drivers\STM32L5xx_HAL_Driver\Src\stm32l5xx_hal_rcc_ex.o
 .debug_line    0x0000000000011799     0x104d Drivers\STM32L5xx_HAL_Driver\Src\stm32l5xx_hal_rtc.o
 .debug_line    0x00000000000127e6     0x17cf Drivers\STM32L5xx_HAL_Driver\Src\stm32l5xx_hal_rtc_ex.o
 .debug_line    0x0000000000013fb5     0x3f4a Drivers\STM32L5xx_HAL_Driver\Src\stm32l5xx_hal_tim.o
 .debug_line    0x0000000000017eff     0x1e4d Drivers\STM32L5xx_HAL_Driver\Src\stm32l5xx_hal_tim_ex.o
 .debug_line    0x0000000000019d4c     0x3ce3 Drivers\STM32L5xx_HAL_Driver\Src\stm32l5xx_hal_uart.o
 .debug_line    0x000000000001da2f      0xeb8 Drivers\STM32L5xx_HAL_Driver\Src\stm32l5xx_hal_uart_ex.o
 .debug_line    0x000000000001e8e7      0xb91 Drivers\STM32L5xx_HAL_Driver\Src\stm32l5xx_ll_gpio.o
 .debug_line    0x000000000001f478     0x1134 Drivers\STM32L5xx_HAL_Driver\Src\stm32l5xx_ll_usb.o

.debug_str      0x0000000000000000   0x132ad3
 .debug_str     0x0000000000000000   0x12abe6 Core\Src\main.o
                                     0x12cb5c (size before relaxing)
 .debug_str     0x000000000012abe6      0x435 Core\Src\stm32l5xx_hal_msp.o
                                     0x12c810 (size before relaxing)
 .debug_str     0x000000000012b01b      0x14e Core\Src\stm32l5xx_it.o
                                     0x12b5aa (size before relaxing)
 .debug_str     0x000000000012b169      0x17d Core\Src\system_stm32l5xx.o
                                     0x1197f0 (size before relaxing)
 .debug_str     0x000000000012b2e6       0x35 Core\Startup\startup_stm32l552zetxq.o
                                         0x63 (size before relaxing)
 .debug_str     0x000000000012b31b      0x5af Drivers\STM32L5xx_HAL_Driver\Src\stm32l5xx_hal.o
                                     0x11a367 (size before relaxing)
 .debug_str     0x000000000012b8ca      0xa93 Drivers\STM32L5xx_HAL_Driver\Src\stm32l5xx_hal_adc.o
                                     0x11a68b (size before relaxing)
 .debug_str     0x000000000012c35d      0x665 Drivers\STM32L5xx_HAL_Driver\Src\stm32l5xx_hal_adc_ex.o
                                     0x11a646 (size before relaxing)
 .debug_str     0x000000000012c9c2      0x3c5 Drivers\STM32L5xx_HAL_Driver\Src\stm32l5xx_hal_cortex.o
                                     0x11a1a6 (size before relaxing)
 .debug_str     0x000000000012cd87      0x2c6 Drivers\STM32L5xx_HAL_Driver\Src\stm32l5xx_hal_dma.o
                                     0x119b62 (size before relaxing)
 .debug_str     0x000000000012d04d      0x190 Drivers\STM32L5xx_HAL_Driver\Src\stm32l5xx_hal_gpio.o
                                     0x119779 (size before relaxing)
 .debug_str     0x000000000012d1dd      0x673 Drivers\STM32L5xx_HAL_Driver\Src\stm32l5xx_hal_icache.o
                                     0x119bcc (size before relaxing)
 .debug_str     0x000000000012d850      0x55e Drivers\STM32L5xx_HAL_Driver\Src\stm32l5xx_hal_pcd.o
                                     0x119e50 (size before relaxing)
 .debug_str     0x000000000012ddae      0x186 Drivers\STM32L5xx_HAL_Driver\Src\stm32l5xx_hal_pcd_ex.o
                                     0x119a8c (size before relaxing)
 .debug_str     0x000000000012df34      0x38b Drivers\STM32L5xx_HAL_Driver\Src\stm32l5xx_hal_pwr.o
                                     0x119bfe (size before relaxing)
 .debug_str     0x000000000012e2bf      0x618 Drivers\STM32L5xx_HAL_Driver\Src\stm32l5xx_hal_pwr_ex.o
                                     0x119f55 (size before relaxing)
 .debug_str     0x000000000012e8d7      0x3e3 Drivers\STM32L5xx_HAL_Driver\Src\stm32l5xx_hal_rcc.o
                                     0x119e0a (size before relaxing)
 .debug_str     0x000000000012ecba      0x799 Drivers\STM32L5xx_HAL_Driver\Src\stm32l5xx_hal_rcc_ex.o
                                     0x11a360 (size before relaxing)
 .debug_str     0x000000000012f453      0x445 Drivers\STM32L5xx_HAL_Driver\Src\stm32l5xx_hal_rtc.o
                                     0x119c28 (size before relaxing)
 .debug_str     0x000000000012f898      0xae6 Drivers\STM32L5xx_HAL_Driver\Src\stm32l5xx_hal_rtc_ex.o
                                     0x11a57c (size before relaxing)
 .debug_str     0x000000000013037e      0xde2 Drivers\STM32L5xx_HAL_Driver\Src\stm32l5xx_hal_tim.o
                                     0x11ab4e (size before relaxing)
 .debug_str     0x0000000000131160      0x643 Drivers\STM32L5xx_HAL_Driver\Src\stm32l5xx_hal_tim_ex.o
                                     0x11a4e7 (size before relaxing)
 .debug_str     0x00000000001317a3      0x9a1 Drivers\STM32L5xx_HAL_Driver\Src\stm32l5xx_hal_uart.o
                                     0x11a730 (size before relaxing)
 .debug_str     0x0000000000132144      0x264 Drivers\STM32L5xx_HAL_Driver\Src\stm32l5xx_hal_uart_ex.o
                                     0x119ebe (size before relaxing)
 .debug_str     0x00000000001323a8      0x658 Drivers\STM32L5xx_HAL_Driver\Src\stm32l5xx_ll_gpio.o
                                     0x11b258 (size before relaxing)
 .debug_str     0x0000000000132a00       0xd3 Drivers\STM32L5xx_HAL_Driver\Src\stm32l5xx_ll_usb.o
                                     0x11998d (size before relaxing)

.debug_frame    0x0000000000000000     0x79fc
 .debug_frame   0x0000000000000000      0x224 Core\Src\main.o
 .debug_frame   0x0000000000000224      0x1d4 Core\Src\stm32l5xx_hal_msp.o
 .debug_frame   0x00000000000003f8      0x174 Core\Src\stm32l5xx_it.o
 .debug_frame   0x000000000000056c       0x58 Core\Src\system_stm32l5xx.o
 .debug_frame   0x00000000000005c4      0x4a4 Drivers\STM32L5xx_HAL_Driver\Src\stm32l5xx_hal.o
 .debug_frame   0x0000000000000a68      0xa2c Drivers\STM32L5xx_HAL_Driver\Src\stm32l5xx_hal_adc.o
 .debug_frame   0x0000000000001494      0x7cc Drivers\STM32L5xx_HAL_Driver\Src\stm32l5xx_hal_adc_ex.o
 .debug_frame   0x0000000000001c60      0x558 Drivers\STM32L5xx_HAL_Driver\Src\stm32l5xx_hal_cortex.o
 .debug_frame   0x00000000000021b8      0x29c Drivers\STM32L5xx_HAL_Driver\Src\stm32l5xx_hal_dma.o
 .debug_frame   0x0000000000002454      0x174 Drivers\STM32L5xx_HAL_Driver\Src\stm32l5xx_hal_gpio.o
 .debug_frame   0x00000000000025c8      0x298 Drivers\STM32L5xx_HAL_Driver\Src\stm32l5xx_hal_icache.o
 .debug_frame   0x0000000000002860      0x56c Drivers\STM32L5xx_HAL_Driver\Src\stm32l5xx_hal_pcd.o
 .debug_frame   0x0000000000002dcc      0x14c Drivers\STM32L5xx_HAL_Driver\Src\stm32l5xx_hal_pcd_ex.o
 .debug_frame   0x0000000000002f18      0x280 Drivers\STM32L5xx_HAL_Driver\Src\stm32l5xx_hal_pwr.o
 .debug_frame   0x0000000000003198      0x6fc Drivers\STM32L5xx_HAL_Driver\Src\stm32l5xx_hal_pwr_ex.o
 .debug_frame   0x0000000000003894      0x298 Drivers\STM32L5xx_HAL_Driver\Src\stm32l5xx_hal_rcc.o
 .debug_frame   0x0000000000003b2c      0x48c Drivers\STM32L5xx_HAL_Driver\Src\stm32l5xx_hal_rcc_ex.o
 .debug_frame   0x0000000000003fb8      0x3f8 Drivers\STM32L5xx_HAL_Driver\Src\stm32l5xx_hal_rtc.o
 .debug_frame   0x00000000000043b0      0x9f0 Drivers\STM32L5xx_HAL_Driver\Src\stm32l5xx_hal_rtc_ex.o
 .debug_frame   0x0000000000004da0     0x121c Drivers\STM32L5xx_HAL_Driver\Src\stm32l5xx_hal_tim.o
 .debug_frame   0x0000000000005fbc      0x6fc Drivers\STM32L5xx_HAL_Driver\Src\stm32l5xx_hal_tim_ex.o
 .debug_frame   0x00000000000066b8      0xa94 Drivers\STM32L5xx_HAL_Driver\Src\stm32l5xx_hal_uart.o
 .debug_frame   0x000000000000714c      0x2c0 Drivers\STM32L5xx_HAL_Driver\Src\stm32l5xx_hal_uart_ex.o
 .debug_frame   0x000000000000740c      0x1c0 Drivers\STM32L5xx_HAL_Driver\Src\stm32l5xx_ll_gpio.o
 .debug_frame   0x00000000000075cc      0x380 Drivers\STM32L5xx_HAL_Driver\Src\stm32l5xx_ll_usb.o
 .debug_frame   0x000000000000794c       0x20 C:/ST/STM32CubeIDE_1.13.2/STM32CubeIDE/plugins/com.st.stm32cube.ide.mcu.externaltools.gnu-tools-for-stm32.11.3.rel1.win32_1.1.1.202309131626/tools/bin/../lib/gcc/arm-none-eabi/11.3.1/../../../../arm-none-eabi/lib/thumb/v8-m.main+fp/hard\libc_nano.a(libc_a-memset.o)
 .debug_frame   0x000000000000796c       0x2c C:/ST/STM32CubeIDE_1.13.2/STM32CubeIDE/plugins/com.st.stm32cube.ide.mcu.externaltools.gnu-tools-for-stm32.11.3.rel1.win32_1.1.1.202309131626/tools/bin/../lib/gcc/arm-none-eabi/11.3.1/../../../../arm-none-eabi/lib/thumb/v8-m.main+fp/hard\libc_nano.a(libc_a-init.o)
 .debug_frame   0x0000000000007998       0x2c C:/ST/STM32CubeIDE_1.13.2/STM32CubeIDE/plugins/com.st.stm32cube.ide.mcu.externaltools.gnu-tools-for-stm32.11.3.rel1.win32_1.1.1.202309131626/tools/bin/../lib/gcc/arm-none-eabi/11.3.1/thumb/v8-m.main+fp/hard\libgcc.a(_aeabi_uldivmod.o)
 .debug_frame   0x00000000000079c4       0x38 C:/ST/STM32CubeIDE_1.13.2/STM32CubeIDE/plugins/com.st.stm32cube.ide.mcu.externaltools.gnu-tools-for-stm32.11.3.rel1.win32_1.1.1.202309131626/tools/bin/../lib/gcc/arm-none-eabi/11.3.1/thumb/v8-m.main+fp/hard\libgcc.a(_udivmoddi4.o)

.debug_line_str
                0x0000000000000000       0x57
 .debug_line_str
                0x0000000000000000       0x57 Core\Startup\startup_stm32l552zetxq.o
                                         0x70 (size before relaxing)
