Archive member included to satisfy reference by file (symbol)

C:/ST/STM32CubeIDE_1.15.1/STM32CubeIDE/plugins/com.st.stm32cube.ide.mcu.externaltools.gnu-tools-for-stm32.12.3.rel1.win32_1.0.100.202403111256/tools/bin/../lib/gcc/arm-none-eabi/12.3.1/../../../../arm-none-eabi/lib/thumb/v8-m.main+fp/hard\libc_nano.a(libc_a-exit.o)
                              C:/ST/STM32CubeIDE_1.15.1/STM32CubeIDE/plugins/com.st.stm32cube.ide.mcu.externaltools.gnu-tools-for-stm32.12.3.rel1.win32_1.0.100.202403111256/tools/bin/../lib/gcc/arm-none-eabi/12.3.1/../../../../arm-none-eabi/lib/thumb/v8-m.main+fp/hard/crt0.o (exit)
C:/ST/STM32CubeIDE_1.15.1/STM32CubeIDE/plugins/com.st.stm32cube.ide.mcu.externaltools.gnu-tools-for-stm32.12.3.rel1.win32_1.0.100.202403111256/tools/bin/../lib/gcc/arm-none-eabi/12.3.1/../../../../arm-none-eabi/lib/thumb/v8-m.main+fp/hard\libc_nano.a(libc_a-findfp.o)
                              C:/ST/STM32CubeIDE_1.15.1/STM32CubeIDE/plugins/com.st.stm32cube.ide.mcu.externaltools.gnu-tools-for-stm32.12.3.rel1.win32_1.0.100.202403111256/tools/bin/../lib/gcc/arm-none-eabi/12.3.1/../../../../arm-none-eabi/lib/thumb/v8-m.main+fp/hard\libc_nano.a(libc_a-exit.o) (__stdio_exit_handler)
C:/ST/STM32CubeIDE_1.15.1/STM32CubeIDE/plugins/com.st.stm32cube.ide.mcu.externaltools.gnu-tools-for-stm32.12.3.rel1.win32_1.0.100.202403111256/tools/bin/../lib/gcc/arm-none-eabi/12.3.1/../../../../arm-none-eabi/lib/thumb/v8-m.main+fp/hard\libc_nano.a(libc_a-fwalk.o)
                              C:/ST/STM32CubeIDE_1.15.1/STM32CubeIDE/plugins/com.st.stm32cube.ide.mcu.externaltools.gnu-tools-for-stm32.12.3.rel1.win32_1.0.100.202403111256/tools/bin/../lib/gcc/arm-none-eabi/12.3.1/../../../../arm-none-eabi/lib/thumb/v8-m.main+fp/hard\libc_nano.a(libc_a-findfp.o) (_fwalk_sglue)
C:/ST/STM32CubeIDE_1.15.1/STM32CubeIDE/plugins/com.st.stm32cube.ide.mcu.externaltools.gnu-tools-for-stm32.12.3.rel1.win32_1.0.100.202403111256/tools/bin/../lib/gcc/arm-none-eabi/12.3.1/../../../../arm-none-eabi/lib/thumb/v8-m.main+fp/hard\libc_nano.a(libc_a-stdio.o)
                              C:/ST/STM32CubeIDE_1.15.1/STM32CubeIDE/plugins/com.st.stm32cube.ide.mcu.externaltools.gnu-tools-for-stm32.12.3.rel1.win32_1.0.100.202403111256/tools/bin/../lib/gcc/arm-none-eabi/12.3.1/../../../../arm-none-eabi/lib/thumb/v8-m.main+fp/hard\libc_nano.a(libc_a-findfp.o) (__sread)
C:/ST/STM32CubeIDE_1.15.1/STM32CubeIDE/plugins/com.st.stm32cube.ide.mcu.externaltools.gnu-tools-for-stm32.12.3.rel1.win32_1.0.100.202403111256/tools/bin/../lib/gcc/arm-none-eabi/12.3.1/../../../../arm-none-eabi/lib/thumb/v8-m.main+fp/hard\libc_nano.a(libc_a-memset.o)
                              C:/ST/STM32CubeIDE_1.15.1/STM32CubeIDE/plugins/com.st.stm32cube.ide.mcu.externaltools.gnu-tools-for-stm32.12.3.rel1.win32_1.0.100.202403111256/tools/bin/../lib/gcc/arm-none-eabi/12.3.1/../../../../arm-none-eabi/lib/thumb/v8-m.main+fp/hard/crt0.o (memset)
C:/ST/STM32CubeIDE_1.15.1/STM32CubeIDE/plugins/com.st.stm32cube.ide.mcu.externaltools.gnu-tools-for-stm32.12.3.rel1.win32_1.0.100.202403111256/tools/bin/../lib/gcc/arm-none-eabi/12.3.1/../../../../arm-none-eabi/lib/thumb/v8-m.main+fp/hard\libc_nano.a(libc_a-closer.o)
                              C:/ST/STM32CubeIDE_1.15.1/STM32CubeIDE/plugins/com.st.stm32cube.ide.mcu.externaltools.gnu-tools-for-stm32.12.3.rel1.win32_1.0.100.202403111256/tools/bin/../lib/gcc/arm-none-eabi/12.3.1/../../../../arm-none-eabi/lib/thumb/v8-m.main+fp/hard\libc_nano.a(libc_a-stdio.o) (_close_r)
C:/ST/STM32CubeIDE_1.15.1/STM32CubeIDE/plugins/com.st.stm32cube.ide.mcu.externaltools.gnu-tools-for-stm32.12.3.rel1.win32_1.0.100.202403111256/tools/bin/../lib/gcc/arm-none-eabi/12.3.1/../../../../arm-none-eabi/lib/thumb/v8-m.main+fp/hard\libc_nano.a(libc_a-reent.o)
                              C:/ST/STM32CubeIDE_1.15.1/STM32CubeIDE/plugins/com.st.stm32cube.ide.mcu.externaltools.gnu-tools-for-stm32.12.3.rel1.win32_1.0.100.202403111256/tools/bin/../lib/gcc/arm-none-eabi/12.3.1/../../../../arm-none-eabi/lib/thumb/v8-m.main+fp/hard\libc_nano.a(libc_a-closer.o) (errno)
C:/ST/STM32CubeIDE_1.15.1/STM32CubeIDE/plugins/com.st.stm32cube.ide.mcu.externaltools.gnu-tools-for-stm32.12.3.rel1.win32_1.0.100.202403111256/tools/bin/../lib/gcc/arm-none-eabi/12.3.1/../../../../arm-none-eabi/lib/thumb/v8-m.main+fp/hard\libc_nano.a(libc_a-impure.o)
                              C:/ST/STM32CubeIDE_1.15.1/STM32CubeIDE/plugins/com.st.stm32cube.ide.mcu.externaltools.gnu-tools-for-stm32.12.3.rel1.win32_1.0.100.202403111256/tools/bin/../lib/gcc/arm-none-eabi/12.3.1/../../../../arm-none-eabi/lib/thumb/v8-m.main+fp/hard\libc_nano.a(libc_a-reent.o) (_impure_ptr)
C:/ST/STM32CubeIDE_1.15.1/STM32CubeIDE/plugins/com.st.stm32cube.ide.mcu.externaltools.gnu-tools-for-stm32.12.3.rel1.win32_1.0.100.202403111256/tools/bin/../lib/gcc/arm-none-eabi/12.3.1/../../../../arm-none-eabi/lib/thumb/v8-m.main+fp/hard\libc_nano.a(libc_a-lseekr.o)
[...]
Memory Configuration

Name             Origin             Length             Attributes
RAM              0x20000000         0x00030000         xrw
RAM2             0x20030000         0x00010000         xrw
FLASH            0x08000000         0x00080000         xr
*default*        0x00000000         0xffffffff

Linker script and memory map

LOAD C:/ST/STM32CubeIDE_1.15.1/STM32CubeIDE/plugins/com.st.stm32cube.ide.mcu.externaltools.gnu-tools-for-stm32.12.3.rel1.win32_1.0.100.202403111256/tools/bin/../lib/gcc/arm-none-eabi/12.3.1/thumb/v8-m.main+fp/hard/crti.o
LOAD C:/ST/STM32CubeIDE_1.15.1/STM32CubeIDE/plugins/com.st.stm32cube.ide.mcu.externaltools.gnu-tools-for-stm32.12.3.rel1.win32_1.0.100.202403111256/tools/bin/../lib/gcc/arm-none-eabi/12.3.1/thumb/v8-m.main+fp/hard/crtbegin.o
LOAD C:/ST/STM32CubeIDE_1.15.1/STM32CubeIDE/plugins/com.st.stm32cube.ide.mcu.externaltools.gnu-tools-for-stm32.12.3.rel1.win32_1.0.100.202403111256/tools/bin/../lib/gcc/arm-none-eabi/12.3.1/../../../../arm-none-eabi/lib/thumb/v8-m.main+fp/hard/crt0.o
LOAD Core\Src\adc.o
LOAD Core\Src\arcade_controller.o
LOAD Core\Src\dma.o
LOAD Core\Src\gpio.o
LOAD Core\Src\icache.o
LOAD Core\Src\iwdg.o
LOAD Core\Src\main.o
LOAD Core\Src\motor_pwm_interface.o
LOAD Core\Src\rtc.o
LOAD Core\Src\stm32l5xx_hal_msp.o
LOAD Core\Src\stm32l5xx_it.o
LOAD Core\Src\syscalls.o
LOAD Core\Src\sysmem.o
LOAD Core\Src\system_stm32l5xx.o
LOAD Core\Src\tim.o
LOAD Core\Src\uart_joy_input.o
LOAD Core\Src\ucpd.o
LOAD Core\Src\usart.o
LOAD Core\Src\usb.o
LOAD Core\Startup\startup_stm32l552zetxq.o
LOAD Drivers\STM32L5xx_HAL_Driver\Src\stm32l5xx_hal.o
LOAD Drivers\STM32L5xx_HAL_Driver\Src\stm32l5xx_hal_adc.o
LOAD Drivers\STM32L5xx_HAL_Driver\Src\stm32l5xx_hal_adc_ex.o
LOAD Drivers\STM32L5xx_HAL_Driver\Src\stm32l5xx_hal_cortex.o
LOAD Drivers\STM32L5xx_HAL_Driver\Src\stm32l5xx_hal_dma.o
LOAD Drivers\STM32L5xx_HAL_Driver\Src\stm32l5xx_hal_dma_ex.o
LOAD Drivers\STM32L5xx_HAL_Driver\Src\stm32l5xx_hal_exti.o
LOAD Drivers\STM32L5xx_HAL_Driver\Src\stm32l5xx_hal_flash.o
LOAD Drivers\STM32L5xx_HAL_Driver\Src\stm32l5xx_hal_flash_ex.o
LOAD Drivers\STM32L5xx_HAL_Driver\Src\stm32l5xx_hal_flash_ramfunc.o
LOAD Drivers\STM32L5xx_HAL_Driver\Src\stm32l5xx_hal_gpio.o
LOAD Drivers\STM32L5xx_HAL_Driver\Src\stm32l5xx_hal_i2c.o
LOAD Drivers\STM32L5xx_HAL_Driver\Src\stm32l5xx_hal_i2c_ex.o
LOAD Drivers\STM32L5xx_HAL_Driver\Src\stm32l5xx_hal_icache.o
LOAD Drivers\STM32L5xx_HAL_Driver\Src\stm32l5xx_hal_iwdg.o
LOAD Drivers\STM32L5xx_HAL_Driver\Src\stm32l5xx_hal_pcd.o
LOAD Drivers\STM32L5xx_HAL_Driver\Src\stm32l5xx_hal_pcd_ex.o
LOAD Drivers\STM32L5xx_HAL_Driver\Src\stm32l5xx_hal_pwr.o
LOAD Drivers\STM32L5xx_HAL_Driver\Src\stm32l5xx_hal_pwr_ex.o
LOAD Drivers\STM32L5xx_HAL_Driver\Src\stm32l5xx_hal_rcc.o
LOAD Drivers\STM32L5xx_HAL_Driver\Src\stm32l5xx_hal_rcc_ex.o
LOAD Drivers\STM32L5xx_HAL_Driver\Src\stm32l5xx_hal_rtc.o
LOAD Drivers\STM32L5xx_HAL_Driver\Src\stm32l5xx_hal_rtc_ex.o
LOAD Drivers\STM32L5xx_HAL_Driver\Src\stm32l5xx_hal_tim.o
LOAD Drivers\STM32L5xx_HAL_Driver\Src\stm32l5xx_hal_tim_ex.o
LOAD Drivers\STM32L5xx_HAL_Driver\Src\stm32l5xx_hal_uart.o
LOAD Drivers\STM32L5xx_HAL_Driver\Src\stm32l5xx_hal_uart_ex.o
LOAD Drivers\STM32L5xx_HAL_Driver\Src\stm32l5xx_ll_dma.o
LOAD Drivers\STM32L5xx_HAL_Driver\Src\stm32l5xx_ll_exti.o
LOAD Drivers\STM32L5xx_HAL_Driver\Src\stm32l5xx_ll_gpio.o
LOAD Drivers\STM32L5xx_HAL_Driver\Src\stm32l5xx_ll_ucpd.o
LOAD Drivers\STM32L5xx_HAL_Driver\Src\stm32l5xx_ll_usb.o
LOAD Drivers\STM32L5xx_HAL_Driver\Src\stm32l5xx_ll_utils.o
START GROUP
LOAD C:/ST/STM32CubeIDE_1.15.1/STM32CubeIDE/plugins/com.st.stm32cube.ide.mcu.externaltools.gnu-tools-for-stm32.12.3.rel1.win32_1.0.100.202403111256/tools/bin/../lib/gcc/arm-none-eabi/12.3.1/../../../../arm-none-eabi/lib/thumb/v8-m.main+fp/hard\libc_nano.a
LOAD C:/ST/STM32CubeIDE_1.15.1/STM32CubeIDE/plugins/com.st.stm32cube.ide.mcu.externaltools.gnu-tools-for-stm32.12.3.rel1.win32_1.0.100.202403111256/tools/bin/../lib/gcc/arm-none-eabi/12.3.1/../../../../arm-none-eabi/lib/thumb/v8-m.main+fp/hard\libm.a
END GROUP
START GROUP
LOAD C:/ST/STM32CubeIDE_1.15.1/STM32CubeIDE/plugins/com.st.stm32cube.ide.mcu.externaltools.gnu-tools-for-stm32.12.3.rel1.win32_1.0.100.202403111256/tools/bin/../lib/gcc/arm-none-eabi/12.3.1/thumb/v8-m.main+fp/hard\libgcc.a
LOAD C:/ST/STM32CubeIDE_1.15.1/STM32CubeIDE/plugins/com.st.stm32cube.ide.mcu.externaltools.gnu-tools-for-stm32.12.3.rel1.win32_1.0.100.202403111256/tools/bin/../lib/gcc/arm-none-eabi/12.3.1/../../../../arm-none-eabi/lib/thumb/v8-m.main+fp/hard\libc_nano.a
END GROUP
START GROUP
LOAD C:/ST/STM32CubeIDE_1.15.1/STM32CubeIDE/plugins/com.st.stm32cube.ide.mcu.externaltools.gnu-tools-for-stm32.12.3.rel1.win32_1.0.100.202403111256/tools/bin/../lib/gcc/arm-none-eabi/12.3.1/thumb/v8-m.main+fp/hard\libgcc.a
LOAD C:/ST/STM32CubeIDE_1.15.1/STM32CubeIDE/plugins/com.st.stm32cube.ide.mcu.externaltools.gnu-tools-for-stm32.12.3.rel1.win32_1.0.100.202403111256/tools/bin/../lib/gcc/arm-none-eabi/12.3.1/../../../../arm-none-eabi/lib/thumb/v8-m.main+fp/hard\libc_nano.a
LOAD C:/ST/STM32CubeIDE_1.15.1/STM32CubeIDE/plugins/com.st.stm32cube.ide.mcu.externaltools.gnu-tools-for-stm32.12.3.rel1.win32_1.0.100.202403111256/tools/bin/../lib/gcc/arm-none-eabi/12.3.1/../../../../arm-none-eabi/lib/thumb/v8-m.main+fp/hard\libnosys.a
END GROUP
START GROUP
LOAD C:/ST/STM32CubeIDE_1.15.1/STM32CubeIDE/plugins/com.st.stm32cube.ide.mcu.externaltools.gnu-tools-for-stm32.12.3.rel1.win32_1.0.100.202403111256/tools/bin/../lib/gcc/arm-none-eabi/12.3.1/thumb/v8-m.main+fp/hard\libgcc.a
LOAD C:/ST/STM32CubeIDE_1.15.1/STM32CubeIDE/plugins/com.st.stm32cube.ide.mcu.externaltools.gnu-tools-for-stm32.12.3.rel1.win32_1.0.100.202403111256/tools/bin/../lib/gcc/arm-none-eabi/12.3.1/../../../../arm-none-eabi/lib/thumb/v8-m.main+fp/hard\libc_nano.a
LOAD C:/ST/STM32CubeIDE_1.15.1/STM32CubeIDE/plugins/com.st.stm32cube.ide.mcu.externaltools.gnu-tools-for-stm32.12.3.rel1.win32_1.0.100.202403111256/tools/bin/../lib/gcc/arm-none-eabi/12.3.1/../../../../arm-none-eabi/lib/thumb/v8-m.main+fp/hard\libnosys.a
END GROUP
LOAD C:/ST/STM32CubeIDE_1.15.1/STM32CubeIDE/plugins/com.st.stm32cube.ide.mcu.externaltools.gnu-tools-for-stm32.12.3.rel1.win32_1.0.100.202403111256/tools/bin/../lib/gcc/arm-none-eabi/12.3.1/thumb/v8-m.main+fp/hard/crtend.o
LOAD C:/ST/STM32CubeIDE_1.15.1/STM32CubeIDE/plugins/com.st.stm32cube.ide.mcu.externaltools.gnu-tools-for-stm32.12.3.rel1.win32_1.0.100.202403111256/tools/bin/../lib/gcc/arm-none-eabi/12.3.1/thumb/v8-m.main+fp/hard/crtn.o
                0x20030000                        _estack = (ORIGIN (RAM) + LENGTH (RAM))
                0x00000200                        _Min_Heap_Size = 0x200
                0x00000400                        _Min_Stack_Size = 0x400

.isr_vector     0x08000000      0x1f4
                0x08000000                        . = ALIGN (0x4)
 *(.isr_vector)
 .isr_vector    0x08000000      0x1f4 Core\Startup\startup_stm32l552zetxq.o
                0x08000000                g_pfnVectors
                0x080001f4                        . = ALIGN (0x4)

.text           0x080001f4     0x88a0
                0x080001f4                        . = ALIGN (0x4)
 *(.text)
 .text          0x080001f4       0x40 C:/ST/STM32CubeIDE_1.15.1/STM32CubeIDE/plugins/com.st.stm32cube.ide.mcu.externaltools.gnu-tools-for-stm32.12.3.rel1.win32_1.0.100.202403111256/tools/bin/../lib/gcc/arm-none-eabi/12.3.1/thumb/v8-m.main+fp/hard/crtbegin.o
 .text          0x08000234       0x30 C:/ST/STM32CubeIDE_1.15.1/STM32CubeIDE/plugins/com.st.stm32cube.ide.mcu.externaltools.gnu-tools-for-stm32.12.3.rel1.win32_1.0.100.202403111256/tools/bin/../lib/gcc/arm-none-eabi/12.3.1/thumb/v8-m.main+fp/hard\libgcc.a(_aeabi_uldivmod.o)
                0x08000234                __aeabi_uldivmod
 .text          0x08000264      0x2e4 C:/ST/STM32CubeIDE_1.15.1/STM32CubeIDE/plugins/com.st.stm32cube.ide.mcu.externaltools.gnu-tools-for-stm32.12.3.rel1.win32_1.0.100.202403111256/tools/bin/../lib/gcc/arm-none-eabi/12.3.1/thumb/v8-m.main+fp/hard\libgcc.a(_udivmoddi4.o)
                0x08000264                __udivmoddi4
 .text          0x08000548        0x4 C:/ST/STM32CubeIDE_1.15.1/STM32CubeIDE/plugins/com.st.stm32cube.ide.mcu.externaltools.gnu-tools-for-stm32.12.3.rel1.win32_1.0.100.202403111256/tools/bin/../lib/gcc/arm-none-eabi/12.3.1/thumb/v8-m.main+fp/hard\libgcc.a(_dvmd_tls.o)
                0x08000548                __aeabi_idiv0
                0x08000548                __aeabi_ldiv0
 *(.text*)
 .text.MX_ADC1_Init
                0x0800054c       0xec Core\Src\adc.o
                0x0800054c                MX_ADC1_Init
 .text.HAL_ADC_MspInit
                0x08000638       0xb4 Core\Src\adc.o
                0x08000638                HAL_ADC_MspInit
 .text.arcade_drive
                0x080006ec       0x94 Core\Src\arcade_controller.o
                0x080006ec                arcade_drive
 .text.MX_DMA_Init
                0x08000780       0x54 Core\Src\dma.o
                0x08000780                MX_DMA_Init
 .text.MX_GPIO_Init
                0x080007d4      0x154 Core\Src\gpio.o
                0x080007d4                MX_GPIO_Init
 .text.MX_ICACHE_Init
                0x08000928       0x26 Core\Src\icache.o
                0x08000928                MX_ICACHE_Init
 *fill*         0x0800094e        0x2 
 .text.MX_IWDG_Init
                0x08000950       0x38 Core\Src\iwdg.o
                0x08000950                MX_IWDG_Init
 .text.main     0x08000988       0x48 Core\Src\main.o
                0x08000988                main
 .text.SystemClock_Config
                0x080009d0       0xd8 Core\Src\main.o
                0x080009d0                SystemClock_Config
 .text.Error_Handler
                0x08000aa8        0xc Core\Src\main.o
                0x08000aa8                Error_Handler
 .text.CalcPulse
                0x08000ab4       0x3c Core\Src\motor_pwm_interface.o
 .text.HAL_TIM_PWM_PulseFinishedCallback
                0x08000af0       0xb4 Core\Src\motor_pwm_interface.o
                0x08000af0                HAL_TIM_PWM_PulseFinishedCallback
 .text.MotorPwmInterfaceInit
                0x08000ba4       0xa0 Core\Src\motor_pwm_interface.o
                0x08000ba4                MotorPwmInterfaceInit
 .text.GetLeftSideMotorPulse
                0x08000c44       0x18 Core\Src\motor_pwm_interface.o
                0x08000c44                GetLeftSideMotorPulse
 .text.GetRightSideMotorPulse
                0x08000c5c       0x18 Core\Src\motor_pwm_interface.o
                0x08000c5c                GetRightSideMotorPulse
 .text.SetLeftSideMotorSpeed
                0x08000c74       0x28 Core\Src\motor_pwm_interface.o
                0x08000c74                SetLeftSideMotorSpeed
 .text.SetRightSideMotorSpeed
                0x08000c9c       0x28 Core\Src\motor_pwm_interface.o
                0x08000c9c                SetRightSideMotorSpeed
 .text.MX_RTC_Init
                0x08000cc4       0x94 Core\Src\rtc.o
                0x08000cc4                MX_RTC_Init
 .text.HAL_RTC_MspInit
                0x08000d58       0x7c Core\Src\rtc.o
                0x08000d58                HAL_RTC_MspInit
 .text.HAL_MspInit
                0x08000dd4       0x48 Core\Src\stm32l5xx_hal_msp.o
                0x08000dd4                HAL_MspInit
 .text.NMI_Handler
                0x08000e1c        0x8 Core\Src\stm32l5xx_it.o
                0x08000e1c                NMI_Handler
 .text.HardFault_Handler
                0x08000e24        0x8 Core\Src\stm32l5xx_it.o
                0x08000e24                HardFault_Handler
 .text.MemManage_Handler
                0x08000e2c        0x8 Core\Src\stm32l5xx_it.o
                0x08000e2c                MemManage_Handler
 .text.BusFault_Handler
                0x08000e34        0x8 Core\Src\stm32l5xx_it.o
                0x08000e34                BusFault_Handler
 .text.UsageFault_Handler
                0x08000e3c        0x8 Core\Src\stm32l5xx_it.o
                0x08000e3c                UsageFault_Handler
 .text.SVC_Handler
                0x08000e44        0xe Core\Src\stm32l5xx_it.o
                0x08000e44                SVC_Handler
 .text.DebugMon_Handler
                0x08000e52        0xe Core\Src\stm32l5xx_it.o
                0x08000e52                DebugMon_Handler
 .text.PendSV_Handler
                0x08000e60        0xe Core\Src\stm32l5xx_it.o
                0x08000e60                PendSV_Handler
 .text.SysTick_Handler
                0x08000e6e        0xc Core\Src\stm32l5xx_it.o
                0x08000e6e                SysTick_Handler
 *fill*         0x08000e7a        0x2 
 .text.DMA1_Channel1_IRQHandler
                0x08000e7c       0x14 Core\Src\stm32l5xx_it.o
                0x08000e7c                DMA1_Channel1_IRQHandler
 .text.TIM3_IRQHandler
                0x08000e90       0x14 Core\Src\stm32l5xx_it.o
                0x08000e90                TIM3_IRQHandler
 .text.TIM4_IRQHandler
                0x08000ea4       0x14 Core\Src\stm32l5xx_it.o
                0x08000ea4                TIM4_IRQHandler
 .text.UART4_IRQHandler
                0x08000eb8       0x14 Core\Src\stm32l5xx_it.o
                0x08000eb8                UART4_IRQHandler
 .text.SystemInit
                0x08000ecc       0x24 Core\Src\system_stm32l5xx.o
                0x08000ecc                SystemInit
 .text.SystemCoreClockUpdate
                0x08000ef0      0x15c Core\Src\system_stm32l5xx.o
                0x08000ef0                SystemCoreClockUpdate
 .text.MX_TIM3_Init
                0x0800104c      0x120 Core\Src\tim.o
                0x0800104c                MX_TIM3_Init
 .text.MX_TIM4_Init
                0x0800116c      0x11c Core\Src\tim.o
                0x0800116c                MX_TIM4_Init
 .text.HAL_TIM_Base_MspInit
                0x08001288       0x84 Core\Src\tim.o
                0x08001288                HAL_TIM_Base_MspInit
 .text.HAL_TIM_MspPostInit
                0x0800130c       0xbc Core\Src\tim.o
                0x0800130c                HAL_TIM_MspPostInit
 .text.UartHandshake
                0x080013c8       0x40 Core\Src\uart_joy_input.o
                0x080013c8                UartHandshake
 .text.HAL_UART_RxCpltCallback
                0x08001408       0x78 Core\Src\uart_joy_input.o
                0x08001408                HAL_UART_RxCpltCallback
 .text.LL_AHB2_GRP1_EnableClock
                0x08001480       0x30 Core\Src\ucpd.o
 .text.LL_APB1_GRP2_EnableClock
                0x080014b0       0x30 Core\Src\ucpd.o
 .text.MX_UCPD1_Init
                0x080014e0       0x6c Core\Src\ucpd.o
                0x080014e0                MX_UCPD1_Init
 .text.MX_LPUART1_UART_Init
                0x0800154c       0x9c Core\Src\usart.o
                0x0800154c                MX_LPUART1_UART_Init
 .text.MX_UART4_Init
                0x080015e8       0x98 Core\Src\usart.o
                0x080015e8                MX_UART4_Init
 .text.HAL_UART_MspInit
                0x08001680      0x1cc Core\Src\usart.o
                0x08001680                HAL_UART_MspInit
 .text.MX_USB_PCD_Init
                0x0800184c       0x50 Core\Src\usb.o
                0x0800184c                MX_USB_PCD_Init
 .text.HAL_PCD_MspInit
                0x0800189c       0xc0 Core\Src\usb.o
                0x0800189c                HAL_PCD_MspInit
 .text.Reset_Handler
                0x0800195c       0x50 Core\Startup\startup_stm32l552zetxq.o
                0x0800195c                Reset_Handler
 .text.Default_Handler
                0x080019ac        0x2 Core\Startup\startup_stm32l552zetxq.o
                0x080019ac                EXTI2_IRQHandler
                0x080019ac                TIM8_TRG_COM_IRQHandler
                0x080019ac                TIM8_CC_IRQHandler
                0x080019ac                EXTI5_IRQHandler
                0x080019ac                FLASH_S_IRQHandler
                0x080019ac                EXTI13_IRQHandler
                0x080019ac                TIM1_CC_IRQHandler
                0x080019ac                TSC_IRQHandler
                0x080019ac                TAMP_IRQHandler
                0x080019ac                TIM6_IRQHandler
                0x080019ac                EXTI12_IRQHandler
                0x080019ac                DMA2_Channel8_IRQHandler
                0x080019ac                EXTI3_IRQHandler
                0x080019ac                EXTI8_IRQHandler
                0x080019ac                LPTIM2_IRQHandler
                0x080019ac                DFSDM1_FLT1_IRQHandler
                0x080019ac                USB_FS_IRQHandler
                0x080019ac                I2C3_ER_IRQHandler
                0x080019ac                DFSDM1_FLT2_IRQHandler
                0x080019ac                DMAMUX1_IRQHandler
                0x080019ac                LPTIM3_IRQHandler
                0x080019ac                EXTI0_IRQHandler
                0x080019ac                I2C2_EV_IRQHandler
                0x080019ac                FPU_IRQHandler
                0x080019ac                FDCAN1_IT1_IRQHandler
                0x080019ac                ADC1_2_IRQHandler
                0x080019ac                SPI1_IRQHandler
                0x080019ac                OCTOSPI1_IRQHandler
                0x080019ac                TIM8_UP_IRQHandler
                0x080019ac                RCC_S_IRQHandler
                0x080019ac                DMA2_Channel2_IRQHandler
                0x080019ac                DMA1_Channel4_IRQHandler
                0x080019ac                SAI2_IRQHandler
                0x080019ac                DFSDM1_FLT3_IRQHandler
                0x080019ac                EXTI15_IRQHandler
                0x080019ac                TIM17_IRQHandler
                0x080019ac                USART3_IRQHandler
                0x080019ac                RTC_IRQHandler
                0x080019ac                EXTI9_IRQHandler
                0x080019ac                DMA1_Channel7_IRQHandler
                0x080019ac                UART5_IRQHandler
                0x080019ac                DMA2_Channel1_IRQHandler
                0x080019ac                I2C1_EV_IRQHandler
                0x080019ac                DMA1_Channel6_IRQHandler
                0x080019ac                TIM16_IRQHandler
                0x080019ac                DMA2_Channel4_IRQHandler
                0x080019ac                SecureFault_Handler
                0x080019ac                RCC_IRQHandler
                0x080019ac                TIM1_TRG_COM_IRQHandler
                0x080019ac                Default_Handler
                0x080019ac                DMA2_Channel7_IRQHandler
                0x080019ac                DMA1_Channel8_IRQHandler
                0x080019ac                TIM7_IRQHandler
                0x080019ac                SDMMC1_IRQHandler
                0x080019ac                TIM5_IRQHandler
                0x080019ac                UCPD1_IRQHandler
                0x080019ac                TIM15_IRQHandler
                0x080019ac                I2C3_EV_IRQHandler
                0x080019ac                PVD_PVM_IRQHandler
                0x080019ac                SPI2_IRQHandler
                0x080019ac                EXTI14_IRQHandler
                0x080019ac                EXTI11_IRQHandler
                0x080019ac                DMA2_Channel5_IRQHandler
                0x080019ac                CRS_IRQHandler
                0x080019ac                DMA1_Channel5_IRQHandler
                0x080019ac                EXTI4_IRQHandler
                0x080019ac                RTC_S_IRQHandler
                0x080019ac                RNG_IRQHandler
                0x080019ac                DMAMUX1_S_IRQHandler
                0x080019ac                DMA1_Channel3_IRQHandler
                0x080019ac                COMP_IRQHandler
                0x080019ac                TIM1_UP_IRQHandler
                0x080019ac                WWDG_IRQHandler
                0x080019ac                I2C4_EV_IRQHandler
                0x080019ac                LPUART1_IRQHandler
                0x080019ac                DMA2_Channel6_IRQHandler
                0x080019ac                FDCAN1_IT0_IRQHandler
                0x080019ac                TIM2_IRQHandler
                0x080019ac                TAMP_S_IRQHandler
                0x080019ac                EXTI7_IRQHandler
                0x080019ac                TIM1_BRK_IRQHandler
                0x080019ac                DAC_IRQHandler
                0x080019ac                EXTI1_IRQHandler
                0x080019ac                GTZC_IRQHandler
                0x080019ac                USART2_IRQHandler
                0x080019ac                DFSDM1_FLT0_IRQHandler
                0x080019ac                I2C2_ER_IRQHandler
                0x080019ac                DMA1_Channel2_IRQHandler
                0x080019ac                TIM8_BRK_IRQHandler
                0x080019ac                FLASH_IRQHandler
                0x080019ac                USART1_IRQHandler
                0x080019ac                EXTI10_IRQHandler
                0x080019ac                SPI3_IRQHandler
                0x080019ac                I2C1_ER_IRQHandler
                0x080019ac                FMC_IRQHandler
                0x080019ac                EXTI6_IRQHandler
                0x080019ac                LPTIM1_IRQHandler
                0x080019ac                I2C4_ER_IRQHandler
                0x080019ac                ICACHE_IRQHandler
                0x080019ac                SAI1_IRQHandler
                0x080019ac                HASH_IRQHandler
                0x080019ac                DMA2_Channel3_IRQHandler
 .text.HAL_Init
                0x080019ae       0x34 Drivers\STM32L5xx_HAL_Driver\Src\stm32l5xx_hal.o
                0x080019ae                HAL_Init
 *fill*         0x080019e2        0x2 
 .text.HAL_InitTick
                0x080019e4       0x78 Drivers\STM32L5xx_HAL_Driver\Src\stm32l5xx_hal.o
                0x080019e4                HAL_InitTick
 .text.HAL_IncTick
                0x08001a5c       0x28 Drivers\STM32L5xx_HAL_Driver\Src\stm32l5xx_hal.o
                0x08001a5c                HAL_IncTick
 .text.HAL_GetTick
                0x08001a84       0x18 Drivers\STM32L5xx_HAL_Driver\Src\stm32l5xx_hal.o
                0x08001a84                HAL_GetTick
 .text.LL_ADC_SetCommonClock
                0x08001a9c       0x26 Drivers\STM32L5xx_HAL_Driver\Src\stm32l5xx_hal_adc.o
 .text.LL_ADC_SetCommonPathInternalCh
                0x08001ac2       0x26 Drivers\STM32L5xx_HAL_Driver\Src\stm32l5xx_hal_adc.o
 .text.LL_ADC_GetCommonPathInternalCh
                0x08001ae8       0x1c Drivers\STM32L5xx_HAL_Driver\Src\stm32l5xx_hal_adc.o
 .text.LL_ADC_SetOffset
                0x08001b04       0x48 Drivers\STM32L5xx_HAL_Driver\Src\stm32l5xx_hal_adc.o
 .text.LL_ADC_GetOffsetChannel
                0x08001b4c       0x2c Drivers\STM32L5xx_HAL_Driver\Src\stm32l5xx_hal_adc.o
 .text.LL_ADC_SetOffsetState
                0x08001b78       0x36 Drivers\STM32L5xx_HAL_Driver\Src\stm32l5xx_hal_adc.o
 .text.LL_ADC_SetSamplingTimeCommonConfig
                0x08001bae       0x26 Drivers\STM32L5xx_HAL_Driver\Src\stm32l5xx_hal_adc.o
 .text.LL_ADC_REG_SetSequencerRanks
                0x08001bd4       0x58 Drivers\STM32L5xx_HAL_Driver\Src\stm32l5xx_hal_adc.o
 .text.LL_ADC_SetChannelSamplingTime
                0x08001c2c       0x56 Drivers\STM32L5xx_HAL_Driver\Src\stm32l5xx_hal_adc.o
 *fill*         0x08001c82        0x2 
 .text.LL_ADC_SetChannelSingleDiff
                0x08001c84       0x48 Drivers\STM32L5xx_HAL_Driver\Src\stm32l5xx_hal_adc.o
 .text.LL_ADC_DisableDeepPowerDown
                0x08001ccc       0x24 Drivers\STM32L5xx_HAL_Driver\Src\stm32l5xx_hal_adc.o
 .text.LL_ADC_IsDeepPowerDownEnabled
                0x08001cf0       0x28 Drivers\STM32L5xx_HAL_Driver\Src\stm32l5xx_hal_adc.o
 .text.LL_ADC_EnableInternalRegulator
                0x08001d18       0x28 Drivers\STM32L5xx_HAL_Driver\Src\stm32l5xx_hal_adc.o
 .text.LL_ADC_IsInternalRegulatorEnabled
                0x08001d40       0x28 Drivers\STM32L5xx_HAL_Driver\Src\stm32l5xx_hal_adc.o
 .text.LL_ADC_IsEnabled
                0x08001d68       0x26 Drivers\STM32L5xx_HAL_Driver\Src\stm32l5xx_hal_adc.o
 .text.LL_ADC_REG_IsConversionOngoing
                0x08001d8e       0x26 Drivers\STM32L5xx_HAL_Driver\Src\stm32l5xx_hal_adc.o
 .text.LL_ADC_INJ_IsConversionOngoing
                0x08001db4       0x26 Drivers\STM32L5xx_HAL_Driver\Src\stm32l5xx_hal_adc.o
 *fill*         0x08001dda        0x2 
 .text.HAL_ADC_Init
                0x08001ddc      0x298 Drivers\STM32L5xx_HAL_Driver\Src\stm32l5xx_hal_adc.o
                0x08001ddc                HAL_ADC_Init
 .text.HAL_ADC_ConfigChannel
                0x08002074      0x7d4 Drivers\STM32L5xx_HAL_Driver\Src\stm32l5xx_hal_adc.o
                0x08002074                HAL_ADC_ConfigChannel
 .text.LL_ADC_IsEnabled
                0x08002848       0x26 Drivers\STM32L5xx_HAL_Driver\Src\stm32l5xx_hal_adc_ex.o
 .text.LL_ADC_REG_IsConversionOngoing
                0x0800286e       0x26 Drivers\STM32L5xx_HAL_Driver\Src\stm32l5xx_hal_adc_ex.o
 .text.HAL_ADCEx_MultiModeConfigChannel
                0x08002894      0x148 Drivers\STM32L5xx_HAL_Driver\Src\stm32l5xx_hal_adc_ex.o
                0x08002894                HAL_ADCEx_MultiModeConfigChannel
 .text.__NVIC_SetPriorityGrouping
                0x080029dc       0x48 Drivers\STM32L5xx_HAL_Driver\Src\stm32l5xx_hal_cortex.o
 .text.__NVIC_GetPriorityGrouping
                0x08002a24       0x1c Drivers\STM32L5xx_HAL_Driver\Src\stm32l5xx_hal_cortex.o
 .text.__NVIC_EnableIRQ
                0x08002a40       0x3c Drivers\STM32L5xx_HAL_Driver\Src\stm32l5xx_hal_cortex.o
 .text.__NVIC_SetPriority
                0x08002a7c       0x54 Drivers\STM32L5xx_HAL_Driver\Src\stm32l5xx_hal_cortex.o
 .text.NVIC_EncodePriority
                0x08002ad0       0x66 Drivers\STM32L5xx_HAL_Driver\Src\stm32l5xx_hal_cortex.o
 *fill*         0x08002b36        0x2 
 .text.SysTick_Config
                0x08002b38       0x44 Drivers\STM32L5xx_HAL_Driver\Src\stm32l5xx_hal_cortex.o
 .text.HAL_NVIC_SetPriorityGrouping
                0x08002b7c       0x16 Drivers\STM32L5xx_HAL_Driver\Src\stm32l5xx_hal_cortex.o
                0x08002b7c                HAL_NVIC_SetPriorityGrouping
 .text.HAL_NVIC_SetPriority
                0x08002b92       0x34 Drivers\STM32L5xx_HAL_Driver\Src\stm32l5xx_hal_cortex.o
                0x08002b92                HAL_NVIC_SetPriority
 .text.HAL_NVIC_EnableIRQ
                0x08002bc6       0x1c Drivers\STM32L5xx_HAL_Driver\Src\stm32l5xx_hal_cortex.o
                0x08002bc6                HAL_NVIC_EnableIRQ
 .text.HAL_SYSTICK_Config
                0x08002be2       0x18 Drivers\STM32L5xx_HAL_Driver\Src\stm32l5xx_hal_cortex.o
                0x08002be2                HAL_SYSTICK_Config
 *fill*         0x08002bfa        0x2 
 .text.HAL_DMA_Init
                0x08002bfc      0x150 Drivers\STM32L5xx_HAL_Driver\Src\stm32l5xx_hal_dma.o
                0x08002bfc                HAL_DMA_Init
 .text.HAL_DMA_Start_IT
                0x08002d4c       0xf6 Drivers\STM32L5xx_HAL_Driver\Src\stm32l5xx_hal_dma.o
                0x08002d4c                HAL_DMA_Start_IT
 .text.HAL_DMA_Abort
                0x08002e42       0xb8 Drivers\STM32L5xx_HAL_Driver\Src\stm32l5xx_hal_dma.o
                0x08002e42                HAL_DMA_Abort
 .text.HAL_DMA_Abort_IT
                0x08002efa       0xbe Drivers\STM32L5xx_HAL_Driver\Src\stm32l5xx_hal_dma.o
                0x08002efa                HAL_DMA_Abort_IT
 .text.HAL_DMA_IRQHandler
                0x08002fb8      0x200 Drivers\STM32L5xx_HAL_Driver\Src\stm32l5xx_hal_dma.o
                0x08002fb8                HAL_DMA_IRQHandler
 .text.HAL_DMA_ConfigChannelAttributes
                0x080031b8       0x60 Drivers\STM32L5xx_HAL_Driver\Src\stm32l5xx_hal_dma.o
                0x080031b8                HAL_DMA_ConfigChannelAttributes
 .text.DMA_SetConfig
                0x08003218       0x7c Drivers\STM32L5xx_HAL_Driver\Src\stm32l5xx_hal_dma.o
 .text.DMA_CalcDMAMUXChannelBaseAndMask
                0x08003294       0x7c Drivers\STM32L5xx_HAL_Driver\Src\stm32l5xx_hal_dma.o
 .text.DMA_CalcDMAMUXRequestGenBaseAndMask
                0x08003310       0x48 Drivers\STM32L5xx_HAL_Driver\Src\stm32l5xx_hal_dma.o
 .text.HAL_GPIO_Init
                0x08003358      0x300 Drivers\STM32L5xx_HAL_Driver\Src\stm32l5xx_hal_gpio.o
                0x08003358                HAL_GPIO_Init
 .text.HAL_GPIO_WritePin
                0x08003658       0x30 Drivers\STM32L5xx_HAL_Driver\Src\stm32l5xx_hal_gpio.o
                0x08003658                HAL_GPIO_WritePin
 .text.HAL_ICACHE_ConfigAssociativityMode
                0x08003688       0x40 Drivers\STM32L5xx_HAL_Driver\Src\stm32l5xx_hal_icache.o
                0x08003688                HAL_ICACHE_ConfigAssociativityMode
 .text.HAL_ICACHE_Enable
                0x080036c8       0x20 Drivers\STM32L5xx_HAL_Driver\Src\stm32l5xx_hal_icache.o
                0x080036c8                HAL_ICACHE_Enable
 .text.HAL_IWDG_Init
                0x080036e8       0x9e Drivers\STM32L5xx_HAL_Driver\Src\stm32l5xx_hal_iwdg.o
                0x080036e8                HAL_IWDG_Init
 .text.HAL_IWDG_Refresh
                0x08003786       0x20 Drivers\STM32L5xx_HAL_Driver\Src\stm32l5xx_hal_iwdg.o
                0x08003786                HAL_IWDG_Refresh
 .text.HAL_PCD_Init
                0x080037a6      0x19c Drivers\STM32L5xx_HAL_Driver\Src\stm32l5xx_hal_pcd.o
                0x080037a6                HAL_PCD_Init
 .text.HAL_PCDEx_ActivateLPM
                0x08003942       0x54 Drivers\STM32L5xx_HAL_Driver\Src\stm32l5xx_hal_pcd_ex.o
                0x08003942                HAL_PCDEx_ActivateLPM
 *fill*         0x08003996        0x2 
 .text.HAL_PWR_EnableBkUpAccess
                0x08003998       0x20 Drivers\STM32L5xx_HAL_Driver\Src\stm32l5xx_hal_pwr.o
                0x08003998                HAL_PWR_EnableBkUpAccess
 .text.HAL_PWREx_GetVoltageRange
                0x080039b8       0x1c Drivers\STM32L5xx_HAL_Driver\Src\stm32l5xx_hal_pwr_ex.o
                0x080039b8                HAL_PWREx_GetVoltageRange
 .text.HAL_PWREx_ControlVoltageScaling
                0x080039d4       0xb8 Drivers\STM32L5xx_HAL_Driver\Src\stm32l5xx_hal_pwr_ex.o
                0x080039d4                HAL_PWREx_ControlVoltageScaling
 .text.HAL_PWREx_EnableVddIO2
                0x08003a8c       0x20 Drivers\STM32L5xx_HAL_Driver\Src\stm32l5xx_hal_pwr_ex.o
                0x08003a8c                HAL_PWREx_EnableVddIO2
 .text.HAL_PWREx_SMPS_GetEffectiveMode
                0x08003aac       0x48 Drivers\STM32L5xx_HAL_Driver\Src\stm32l5xx_hal_pwr_ex.o
                0x08003aac                HAL_PWREx_SMPS_GetEffectiveMode
 .text.HAL_RCC_OscConfig
                0x08003af4      0x9ac Drivers\STM32L5xx_HAL_Driver\Src\stm32l5xx_hal_rcc.o
                0x08003af4                HAL_RCC_OscConfig
 .text.HAL_RCC_ClockConfig
                0x080044a0      0x270 Drivers\STM32L5xx_HAL_Driver\Src\stm32l5xx_hal_rcc.o
                0x080044a0                HAL_RCC_ClockConfig
 .text.HAL_RCC_GetSysClockFreq
                0x08004710      0x13c Drivers\STM32L5xx_HAL_Driver\Src\stm32l5xx_hal_rcc.o
                0x08004710                HAL_RCC_GetSysClockFreq
 .text.HAL_RCC_GetHCLKFreq
                0x0800484c       0x28 Drivers\STM32L5xx_HAL_Driver\Src\stm32l5xx_hal_rcc.o
                0x0800484c                HAL_RCC_GetHCLKFreq
 .text.HAL_RCC_GetPCLK1Freq
                0x08004874       0x28 Drivers\STM32L5xx_HAL_Driver\Src\stm32l5xx_hal_rcc.o
                0x08004874                HAL_RCC_GetPCLK1Freq
 .text.HAL_RCC_GetPCLK2Freq
                0x0800489c       0x28 Drivers\STM32L5xx_HAL_Driver\Src\stm32l5xx_hal_rcc.o
                0x0800489c                HAL_RCC_GetPCLK2Freq
 .text.RCC_SetFlashLatencyFromMSIRange
                0x080048c4       0xc8 Drivers\STM32L5xx_HAL_Driver\Src\stm32l5xx_hal_rcc.o
 .text.RCC_GetSysClockFreqFromPLLSource
                0x0800498c       0xdc Drivers\STM32L5xx_HAL_Driver\Src\stm32l5xx_hal_rcc.o
 .text.HAL_RCCEx_PeriphCLKConfig
                0x08004a68      0x708 Drivers\STM32L5xx_HAL_Driver\Src\stm32l5xx_hal_rcc_ex.o
                0x08004a68                HAL_RCCEx_PeriphCLKConfig
 .text.RCCEx_PLLSAI1_Config
                0x08005170      0x1cc Drivers\STM32L5xx_HAL_Driver\Src\stm32l5xx_hal_rcc_ex.o
 .text.RCCEx_PLLSAI2_Config
                0x0800533c      0x158 Drivers\STM32L5xx_HAL_Driver\Src\stm32l5xx_hal_rcc_ex.o
 .text.HAL_RTC_Init
                0x08005494       0xf0 Drivers\STM32L5xx_HAL_Driver\Src\stm32l5xx_hal_rtc.o
                0x08005494                HAL_RTC_Init
 .text.HAL_RTC_WaitForSynchro
                0x08005584       0x48 Drivers\STM32L5xx_HAL_Driver\Src\stm32l5xx_hal_rtc.o
                0x08005584                HAL_RTC_WaitForSynchro
 .text.RTC_EnterInitMode
                0x080055cc       0x68 Drivers\STM32L5xx_HAL_Driver\Src\stm32l5xx_hal_rtc.o
                0x080055cc                RTC_EnterInitMode
 .text.RTC_ExitInitMode
                0x08005634       0x7c Drivers\STM32L5xx_HAL_Driver\Src\stm32l5xx_hal_rtc.o
                0x08005634                RTC_ExitInitMode
 .text.HAL_RTCEx_PrivilegeModeSet
                0x080056b0       0x58 Drivers\STM32L5xx_HAL_Driver\Src\stm32l5xx_hal_rtc_ex.o
                0x080056b0                HAL_RTCEx_PrivilegeModeSet
 .text.HAL_TIM_Base_Init
                0x08005708       0xae Drivers\STM32L5xx_HAL_Driver\Src\stm32l5xx_hal_tim.o
                0x08005708                HAL_TIM_Base_Init
 .text.HAL_TIM_PWM_Init
                0x080057b6       0xae Drivers\STM32L5xx_HAL_Driver\Src\stm32l5xx_hal_tim.o
                0x080057b6                HAL_TIM_PWM_Init
 .text.HAL_TIM_PWM_MspInit
                0x08005864       0x14 Drivers\STM32L5xx_HAL_Driver\Src\stm32l5xx_hal_tim.o
                0x08005864                HAL_TIM_PWM_MspInit
 .text.HAL_TIM_PWM_Start_IT
                0x08005878      0x2a8 Drivers\STM32L5xx_HAL_Driver\Src\stm32l5xx_hal_tim.o
                0x08005878                HAL_TIM_PWM_Start_IT
 .text.HAL_TIM_IRQHandler
                0x08005b20      0x20e Drivers\STM32L5xx_HAL_Driver\Src\stm32l5xx_hal_tim.o
                0x08005b20                HAL_TIM_IRQHandler
 *fill*         0x08005d2e        0x2 
 .text.HAL_TIM_PWM_ConfigChannel
                0x08005d30      0x228 Drivers\STM32L5xx_HAL_Driver\Src\stm32l5xx_hal_tim.o
                0x08005d30                HAL_TIM_PWM_ConfigChannel
 .text.HAL_TIM_ConfigClockSource
                0x08005f58      0x192 Drivers\STM32L5xx_HAL_Driver\Src\stm32l5xx_hal_tim.o
                0x08005f58                HAL_TIM_ConfigClockSource
 .text.HAL_TIM_PeriodElapsedCallback
                0x080060ea       0x14 Drivers\STM32L5xx_HAL_Driver\Src\stm32l5xx_hal_tim.o
                0x080060ea                HAL_TIM_PeriodElapsedCallback
 .text.HAL_TIM_OC_DelayElapsedCallback
                0x080060fe       0x14 Drivers\STM32L5xx_HAL_Driver\Src\stm32l5xx_hal_tim.o
                0x080060fe                HAL_TIM_OC_DelayElapsedCallback
 .text.HAL_TIM_IC_CaptureCallback
                0x08006112       0x14 Drivers\STM32L5xx_HAL_Driver\Src\stm32l5xx_hal_tim.o
                0x08006112                HAL_TIM_IC_CaptureCallback
 .text.HAL_TIM_TriggerCallback
                0x08006126       0x14 Drivers\STM32L5xx_HAL_Driver\Src\stm32l5xx_hal_tim.o
                0x08006126                HAL_TIM_TriggerCallback
 *fill*         0x0800613a        0x2 
 .text.TIM_Base_SetConfig
                0x0800613c      0x14c Drivers\STM32L5xx_HAL_Driver\Src\stm32l5xx_hal_tim.o
                0x0800613c                TIM_Base_SetConfig
 .text.TIM_OC1_SetConfig
                0x08006288      0x120 Drivers\STM32L5xx_HAL_Driver\Src\stm32l5xx_hal_tim.o
 .text.TIM_OC2_SetConfig
                0x080063a8      0x114 Drivers\STM32L5xx_HAL_Driver\Src\stm32l5xx_hal_tim.o
                0x080063a8                TIM_OC2_SetConfig
 .text.TIM_OC3_SetConfig
                0x080064bc      0x110 Drivers\STM32L5xx_HAL_Driver\Src\stm32l5xx_hal_tim.o
 .text.TIM_OC4_SetConfig
                0x080065cc       0xd4 Drivers\STM32L5xx_HAL_Driver\Src\stm32l5xx_hal_tim.o
 .text.TIM_OC5_SetConfig
                0x080066a0       0xc8 Drivers\STM32L5xx_HAL_Driver\Src\stm32l5xx_hal_tim.o
 .text.TIM_OC6_SetConfig
                0x08006768       0xcc Drivers\STM32L5xx_HAL_Driver\Src\stm32l5xx_hal_tim.o
 .text.TIM_TI1_ConfigInputStage
                0x08006834       0x5e Drivers\STM32L5xx_HAL_Driver\Src\stm32l5xx_hal_tim.o
 .text.TIM_TI2_ConfigInputStage
                0x08006892       0x60 Drivers\STM32L5xx_HAL_Driver\Src\stm32l5xx_hal_tim.o
 .text.TIM_ITRx_SetConfig
                0x080068f2       0x3a Drivers\STM32L5xx_HAL_Driver\Src\stm32l5xx_hal_tim.o
 .text.TIM_ETR_SetConfig
                0x0800692c       0x40 Drivers\STM32L5xx_HAL_Driver\Src\stm32l5xx_hal_tim.o
                0x0800692c                TIM_ETR_SetConfig
 .text.TIM_CCxChannelCmd
                0x0800696c       0x4a Drivers\STM32L5xx_HAL_Driver\Src\stm32l5xx_hal_tim.o
                0x0800696c                TIM_CCxChannelCmd
 *fill*         0x080069b6        0x2 
 .text.HAL_TIMEx_MasterConfigSynchronization
                0x080069b8      0x110 Drivers\STM32L5xx_HAL_Driver\Src\stm32l5xx_hal_tim_ex.o
                0x080069b8                HAL_TIMEx_MasterConfigSynchronization
 .text.HAL_TIMEx_CommutCallback
                0x08006ac8       0x14 Drivers\STM32L5xx_HAL_Driver\Src\stm32l5xx_hal_tim_ex.o
                0x08006ac8                HAL_TIMEx_CommutCallback
 .text.HAL_TIMEx_BreakCallback
                0x08006adc       0x14 Drivers\STM32L5xx_HAL_Driver\Src\stm32l5xx_hal_tim_ex.o
                0x08006adc                HAL_TIMEx_BreakCallback
 .text.HAL_TIMEx_Break2Callback
                0x08006af0       0x14 Drivers\STM32L5xx_HAL_Driver\Src\stm32l5xx_hal_tim_ex.o
                0x08006af0                HAL_TIMEx_Break2Callback
 .text.HAL_UART_Init
                0x08006b04       0xa0 Drivers\STM32L5xx_HAL_Driver\Src\stm32l5xx_hal_uart.o
                0x08006b04                HAL_UART_Init
 .text.HAL_UART_Transmit
                0x08006ba4      0x11c Drivers\STM32L5xx_HAL_Driver\Src\stm32l5xx_hal_uart.o
                0x08006ba4                HAL_UART_Transmit
 .text.HAL_UART_Receive
                0x08006cc0      0x190 Drivers\STM32L5xx_HAL_Driver\Src\stm32l5xx_hal_uart.o
                0x08006cc0                HAL_UART_Receive
 .text.HAL_UART_Receive_DMA
                0x08006e50       0x98 Drivers\STM32L5xx_HAL_Driver\Src\stm32l5xx_hal_uart.o
                0x08006e50                HAL_UART_Receive_DMA
 .text.HAL_UART_IRQHandler
                0x08006ee8      0x648 Drivers\STM32L5xx_HAL_Driver\Src\stm32l5xx_hal_uart.o
                0x08006ee8                HAL_UART_IRQHandler
 .text.HAL_UART_TxCpltCallback
                0x08007530       0x14 Drivers\STM32L5xx_HAL_Driver\Src\stm32l5xx_hal_uart.o
                0x08007530                HAL_UART_TxCpltCallback
 .text.HAL_UART_RxHalfCpltCallback
                0x08007544       0x14 Drivers\STM32L5xx_HAL_Driver\Src\stm32l5xx_hal_uart.o
                0x08007544                HAL_UART_RxHalfCpltCallback
 .text.HAL_UART_ErrorCallback
                0x08007558       0x14 Drivers\STM32L5xx_HAL_Driver\Src\stm32l5xx_hal_uart.o
                0x08007558                HAL_UART_ErrorCallback
 .text.HAL_UARTEx_RxEventCallback
                0x0800756c       0x18 Drivers\STM32L5xx_HAL_Driver\Src\stm32l5xx_hal_uart.o
                0x0800756c                HAL_UARTEx_RxEventCallback
 .text.UART_SetConfig
                0x08007584      0x600 Drivers\STM32L5xx_HAL_Driver\Src\stm32l5xx_hal_uart.o
                0x08007584                UART_SetConfig
 .text.UART_AdvFeatureConfig
                0x08007b84      0x144 Drivers\STM32L5xx_HAL_Driver\Src\stm32l5xx_hal_uart.o
                0x08007b84                UART_AdvFeatureConfig
 .text.UART_CheckIdleState
                0x08007cc8      0x154 Drivers\STM32L5xx_HAL_Driver\Src\stm32l5xx_hal_uart.o
                0x08007cc8                UART_CheckIdleState
 .text.UART_WaitOnFlagUntilTimeout
                0x08007e1c       0xda Drivers\STM32L5xx_HAL_Driver\Src\stm32l5xx_hal_uart.o
                0x08007e1c                UART_WaitOnFlagUntilTimeout
 *fill*         0x08007ef6        0x2 
 .text.UART_Start_Receive_DMA
                0x08007ef8      0x14c Drivers\STM32L5xx_HAL_Driver\Src\stm32l5xx_hal_uart.o
                0x08007ef8                UART_Start_Receive_DMA
 .text.UART_EndTxTransfer
                0x08008044       0x82 Drivers\STM32L5xx_HAL_Driver\Src\stm32l5xx_hal_uart.o
 .text.UART_EndRxTransfer
                0x080080c6       0xcc Drivers\STM32L5xx_HAL_Driver\Src\stm32l5xx_hal_uart.o
 .text.UART_DMAReceiveCplt
                0x08008192      0x12c Drivers\STM32L5xx_HAL_Driver\Src\stm32l5xx_hal_uart.o
 .text.UART_DMARxHalfCplt
                0x080082be       0x3e Drivers\STM32L5xx_HAL_Driver\Src\stm32l5xx_hal_uart.o
 .text.UART_DMAError
                0x080082fc       0x80 Drivers\STM32L5xx_HAL_Driver\Src\stm32l5xx_hal_uart.o
 .text.UART_DMAAbortOnError
                0x0800837c       0x2c Drivers\STM32L5xx_HAL_Driver\Src\stm32l5xx_hal_uart.o
 .text.UART_EndTransmit_IT
                0x080083a8       0x56 Drivers\STM32L5xx_HAL_Driver\Src\stm32l5xx_hal_uart.o
 .text.HAL_UARTEx_WakeupCallback
                0x080083fe       0x14 Drivers\STM32L5xx_HAL_Driver\Src\stm32l5xx_hal_uart_ex.o
                0x080083fe                HAL_UARTEx_WakeupCallback
 .text.HAL_UARTEx_RxFifoFullCallback
                0x08008412       0x14 Drivers\STM32L5xx_HAL_Driver\Src\stm32l5xx_hal_uart_ex.o
                0x08008412                HAL_UARTEx_RxFifoFullCallback
 .text.HAL_UARTEx_TxFifoEmptyCallback
                0x08008426       0x14 Drivers\STM32L5xx_HAL_Driver\Src\stm32l5xx_hal_uart_ex.o
                0x08008426                HAL_UARTEx_TxFifoEmptyCallback
 .text.HAL_UARTEx_DisableFifoMode
                0x0800843a       0x72 Drivers\STM32L5xx_HAL_Driver\Src\stm32l5xx_hal_uart_ex.o
                0x0800843a                HAL_UARTEx_DisableFifoMode
 .text.HAL_UARTEx_SetTxFifoThreshold
                0x080084ac       0x7c Drivers\STM32L5xx_HAL_Driver\Src\stm32l5xx_hal_uart_ex.o
                0x080084ac                HAL_UARTEx_SetTxFifoThreshold
 .text.HAL_UARTEx_SetRxFifoThreshold
                0x08008528       0x7c Drivers\STM32L5xx_HAL_Driver\Src\stm32l5xx_hal_uart_ex.o
                0x08008528                HAL_UARTEx_SetRxFifoThreshold
 .text.UARTEx_SetNbDataToProcess
                0x080085a4       0x9c Drivers\STM32L5xx_HAL_Driver\Src\stm32l5xx_hal_uart_ex.o
 .text.LL_GPIO_SetPinMode
                0x08008640       0x7a Drivers\STM32L5xx_HAL_Driver\Src\stm32l5xx_ll_gpio.o
 .text.LL_GPIO_SetPinOutputType
                0x080086ba       0x30 Drivers\STM32L5xx_HAL_Driver\Src\stm32l5xx_ll_gpio.o
 .text.LL_GPIO_SetPinSpeed
                0x080086ea       0x7a Drivers\STM32L5xx_HAL_Driver\Src\stm32l5xx_ll_gpio.o
 .text.LL_GPIO_SetPinPull
                0x08008764       0x7a Drivers\STM32L5xx_HAL_Driver\Src\stm32l5xx_ll_gpio.o
 .text.LL_GPIO_SetAFPin_0_7
                0x080087de       0x7a Drivers\STM32L5xx_HAL_Driver\Src\stm32l5xx_ll_gpio.o
 .text.LL_GPIO_SetAFPin_8_15
                0x08008858       0x7e Drivers\STM32L5xx_HAL_Driver\Src\stm32l5xx_ll_gpio.o
 .text.LL_GPIO_Init
                0x080088d6       0xda Drivers\STM32L5xx_HAL_Driver\Src\stm32l5xx_ll_gpio.o
                0x080088d6                LL_GPIO_Init
 .text.USB_DisableGlobalInt
                0x080089b0       0x36 Drivers\STM32L5xx_HAL_Driver\Src\stm32l5xx_ll_usb.o
                0x080089b0                USB_DisableGlobalInt
 .text.USB_DevInit
                0x080089e6       0x3c Drivers\STM32L5xx_HAL_Driver\Src\stm32l5xx_ll_usb.o
                0x080089e6                USB_DevInit
 .text.memset   0x08008a22       0x10 C:/ST/STM32CubeIDE_1.15.1/STM32CubeIDE/plugins/com.st.stm32cube.ide.mcu.externaltools.gnu-tools-for-stm32.12.3.rel1.win32_1.0.100.202403111256/tools/bin/../lib/gcc/arm-none-eabi/12.3.1/../../../../arm-none-eabi/lib/thumb/v8-m.main+fp/hard\libc_nano.a(libc_a-memset.o)
                0x08008a22                memset
 *fill*         0x08008a32        0x2 
 .text.__libc_init_array
                0x08008a34       0x48 C:/ST/STM32CubeIDE_1.15.1/STM32CubeIDE/plugins/com.st.stm32cube.ide.mcu.externaltools.gnu-tools-for-stm32.12.3.rel1.win32_1.0.100.202403111256/tools/bin/../lib/gcc/arm-none-eabi/12.3.1/../../../../arm-none-eabi/lib/thumb/v8-m.main+fp/hard\libc_nano.a(libc_a-init.o)
                0x08008a34                __libc_init_array
 *(.glue_7)
 .glue_7        0x08008a7c        0x0 linker stubs
 *(.glue_7t)
 .glue_7t       0x08008a7c        0x0 linker stubs
 *(.eh_frame)
 .eh_frame      0x08008a7c        0x0 C:/ST/STM32CubeIDE_1.15.1/STM32CubeIDE/plugins/com.st.stm32cube.ide.mcu.externaltools.gnu-tools-for-stm32.12.3.rel1.win32_1.0.100.202403111256/tools/bin/../lib/gcc/arm-none-eabi/12.3.1/thumb/v8-m.main+fp/hard/crtbegin.o
 *(.init)
 .init          0x08008a7c        0x4 C:/ST/STM32CubeIDE_1.15.1/STM32CubeIDE/plugins/com.st.stm32cube.ide.mcu.externaltools.gnu-tools-for-stm32.12.3.rel1.win32_1.0.100.202403111256/tools/bin/../lib/gcc/arm-none-eabi/12.3.1/thumb/v8-m.main+fp/hard/crti.o
                0x08008a7c                _init
 .init          0x08008a80        0x8 C:/ST/STM32CubeIDE_1.15.1/STM32CubeIDE/plugins/com.st.stm32cube.ide.mcu.externaltools.gnu-tools-for-stm32.12.3.rel1.win32_1.0.100.202403111256/tools/bin/../lib/gcc/arm-none-eabi/12.3.1/thumb/v8-m.main+fp/hard/crtn.o
 *(.fini)
 .fini          0x08008a88        0x4 C:/ST/STM32CubeIDE_1.15.1/STM32CubeIDE/plugins/com.st.stm32cube.ide.mcu.externaltools.gnu-tools-for-stm32.12.3.rel1.win32_1.0.100.202403111256/tools/bin/../lib/gcc/arm-none-eabi/12.3.1/thumb/v8-m.main+fp/hard/crti.o
                0x08008a88                _fini
 .fini          0x08008a8c        0x8 C:/ST/STM32CubeIDE_1.15.1/STM32CubeIDE/plugins/com.st.stm32cube.ide.mcu.externaltools.gnu-tools-for-stm32.12.3.rel1.win32_1.0.100.202403111256/tools/bin/../lib/gcc/arm-none-eabi/12.3.1/thumb/v8-m.main+fp/hard/crtn.o
                0x08008a94                        . = ALIGN (0x4)
                0x08008a94                        _etext = .

.vfp11_veneer   0x08008a94        0x0
 .vfp11_veneer  0x08008a94        0x0 linker stubs

.v4_bx          0x08008a94        0x0
 .v4_bx         0x08008a94        0x0 linker stubs

.iplt           0x08008a94        0x0
 .iplt          0x08008a94        0x0 C:/ST/STM32CubeIDE_1.15.1/STM32CubeIDE/plugins/com.st.stm32cube.ide.mcu.externaltools.gnu-tools-for-stm32.12.3.rel1.win32_1.0.100.202403111256/tools/bin/../lib/gcc/arm-none-eabi/12.3.1/thumb/v8-m.main+fp/hard/crtbegin.o

.rodata         0x08008a94       0x84
                0x08008a94                        . = ALIGN (0x4)
 *(.rodata)
 *(.rodata*)
 .rodata.AHBPrescTable
                0x08008a94       0x10 Core\Src\system_stm32l5xx.o
                0x08008a94                AHBPrescTable
 .rodata.APBPrescTable
                0x08008aa4        0x8 Core\Src\system_stm32l5xx.o
                0x08008aa4                APBPrescTable
 .rodata.MSIRangeTable
                0x08008aac       0x40 Core\Src\system_stm32l5xx.o
                0x08008aac                MSIRangeTable
 .rodata.handshake_message
                0x08008aec        0x1 Core\Src\uart_joy_input.o
                0x08008aec                handshake_message
 *fill*         0x08008aed        0x3 
 .rodata.UARTPrescTable
                0x08008af0       0x18 Drivers\STM32L5xx_HAL_Driver\Src\stm32l5xx_hal_uart.o
                0x08008af0                UARTPrescTable
 .rodata.numerator.1
                0x08008b08        0x8 Drivers\STM32L5xx_HAL_Driver\Src\stm32l5xx_hal_uart_ex.o
 .rodata.denominator.0
                0x08008b10        0x8 Drivers\STM32L5xx_HAL_Driver\Src\stm32l5xx_hal_uart_ex.o
                0x08008b18                        . = ALIGN (0x4)

.ARM.extab      0x08008b18        0x0
                0x08008b18                        . = ALIGN (0x4)
 *(.ARM.extab* .gnu.linkonce.armextab.*)
                0x08008b18                        . = ALIGN (0x4)

.ARM            0x08008b18        0x8
                0x08008b18                        . = ALIGN (0x4)
                0x08008b18                        __exidx_start = .
 *(.ARM.exidx*)
 .ARM.exidx     0x08008b18        0x8 C:/ST/STM32CubeIDE_1.15.1/STM32CubeIDE/plugins/com.st.stm32cube.ide.mcu.externaltools.gnu-tools-for-stm32.12.3.rel1.win32_1.0.100.202403111256/tools/bin/../lib/gcc/arm-none-eabi/12.3.1/thumb/v8-m.main+fp/hard\libgcc.a(_udivmoddi4.o)
                0x08008b20                        __exidx_end = .
                0x08008b20                        . = ALIGN (0x4)

.rel.dyn        0x08008b20        0x0
 .rel.iplt      0x08008b20        0x0 C:/ST/STM32CubeIDE_1.15.1/STM32CubeIDE/plugins/com.st.stm32cube.ide.mcu.externaltools.gnu-tools-for-stm32.12.3.rel1.win32_1.0.100.202403111256/tools/bin/../lib/gcc/arm-none-eabi/12.3.1/thumb/v8-m.main+fp/hard/crtbegin.o

.preinit_array  0x08008b20        0x0
                0x08008b20                        . = ALIGN (0x4)
                0x08008b20                        PROVIDE (__preinit_array_start = .)
 *(.preinit_array*)
                0x08008b20                        PROVIDE (__preinit_array_end = .)
                0x08008b20                        . = ALIGN (0x4)

.init_array     0x08008b20        0x4
                0x08008b20                        . = ALIGN (0x4)
                0x08008b20                        PROVIDE (__init_array_start = .)
 *(SORT_BY_NAME(.init_array.*))
 *(.init_array*)
 .init_array    0x08008b20        0x4 C:/ST/STM32CubeIDE_1.15.1/STM32CubeIDE/plugins/com.st.stm32cube.ide.mcu.externaltools.gnu-tools-for-stm32.12.3.rel1.win32_1.0.100.202403111256/tools/bin/../lib/gcc/arm-none-eabi/12.3.1/thumb/v8-m.main+fp/hard/crtbegin.o
                0x08008b24                        PROVIDE (__init_array_end = .)
                0x08008b24                        . = ALIGN (0x4)

.fini_array     0x08008b24        0x4
                0x08008b24                        . = ALIGN (0x4)
                [!provide]                        PROVIDE (__fini_array_start = .)
 *(SORT_BY_NAME(.fini_array.*))
 *(.fini_array*)
 .fini_array    0x08008b24        0x4 C:/ST/STM32CubeIDE_1.15.1/STM32CubeIDE/plugins/com.st.stm32cube.ide.mcu.externaltools.gnu-tools-for-stm32.12.3.rel1.win32_1.0.100.202403111256/tools/bin/../lib/gcc/arm-none-eabi/12.3.1/thumb/v8-m.main+fp/hard/crtbegin.o
                [!provide]                        PROVIDE (__fini_array_end = .)
                0x08008b28                        . = ALIGN (0x4)
                0x08008b28                        _sidata = LOADADDR (.data)

.data           0x20000000        0xc load address 0x08008b28
                0x20000000                        . = ALIGN (0x4)
                0x20000000                        _sdata = .
 *(.data)
 *(.data*)
 .data.SystemCoreClock
                0x20000000        0x4 Core\Src\system_stm32l5xx.o
                0x20000000                SystemCoreClock
 .data.uwTickPrio
                0x20000004        0x4 Drivers\STM32L5xx_HAL_Driver\Src\stm32l5xx_hal.o
                0x20000004                uwTickPrio
 .data.uwTickFreq
                0x20000008        0x1 Drivers\STM32L5xx_HAL_Driver\Src\stm32l5xx_hal.o
                0x20000008                uwTickFreq
 *(.RamFunc)
 *(.RamFunc*)
                0x2000000c                        . = ALIGN (0x4)
 *fill*         0x20000009        0x3 
                0x2000000c                        _edata = .

.igot.plt       0x2000000c        0x0 load address 0x08008b34
 .igot.plt      0x2000000c        0x0 C:/ST/STM32CubeIDE_1.15.1/STM32CubeIDE/plugins/com.st.stm32cube.ide.mcu.externaltools.gnu-tools-for-stm32.12.3.rel1.win32_1.0.100.202403111256/tools/bin/../lib/gcc/arm-none-eabi/12.3.1/thumb/v8-m.main+fp/hard/crtbegin.o
                0x2000000c                        . = ALIGN (0x4)

.bss            0x2000000c      0x5d0 load address 0x08008b34
                0x2000000c                        _sbss = .
                0x2000000c                        __bss_start__ = _sbss
 *(.bss)
 .bss           0x2000000c       0x1c C:/ST/STM32CubeIDE_1.15.1/STM32CubeIDE/plugins/com.st.stm32cube.ide.mcu.externaltools.gnu-tools-for-stm32.12.3.rel1.win32_1.0.100.202403111256/tools/bin/../lib/gcc/arm-none-eabi/12.3.1/thumb/v8-m.main+fp/hard/crtbegin.o
 *(.bss*)
 .bss.hadc1     0x20000028       0x68 Core\Src\adc.o
                0x20000028                hadc1
 .bss.hiwdg     0x20000090       0x10 Core\Src\iwdg.o
                0x20000090                hiwdg
 .bss.motor_output
                0x200000a0        0x8 Core\Src\motor_pwm_interface.o
 .bss.hrtc      0x200000a8       0x28 Core\Src\rtc.o
                0x200000a8                hrtc
 .bss.htim3     0x200000d0       0x4c Core\Src\tim.o
                0x200000d0                htim3
 .bss.htim4     0x2000011c       0x4c Core\Src\tim.o
                0x2000011c                htim4
 .bss.UART_rxBuffer
                0x20000168        0x4 Core\Src\uart_joy_input.o
                0x20000168                UART_rxBuffer
 .bss.hlpuart1  0x2000016c       0x94 Core\Src\usart.o
                0x2000016c                hlpuart1
 .bss.huart4    0x20000200       0x94 Core\Src\usart.o
                0x20000200                huart4
 .bss.hdma_uart4_rx
                0x20000294       0x68 Core\Src\usart.o
                0x20000294                hdma_uart4_rx
 .bss.hpcd_USB_FS
                0x200002fc      0x2dc Core\Src\usb.o
                0x200002fc                hpcd_USB_FS
 .bss.uwTick    0x200005d8        0x4 Drivers\STM32L5xx_HAL_Driver\Src\stm32l5xx_hal.o
                0x200005d8                uwTick
 *(COMMON)
                0x200005dc                        . = ALIGN (0x4)
                0x200005dc                        _ebss = .
                0x200005dc                        __bss_end__ = _ebss

._user_heap_stack
                0x200005dc      0x604 load address 0x08008b34
                0x200005e0                        . = ALIGN (0x8)
 *fill*         0x200005dc        0x4 
                [!provide]                        PROVIDE (end = .)
                0x200005e0                        PROVIDE (_end = .)
                0x200007e0                        . = (. + _Min_Heap_Size)
 *fill*         0x200005e0      0x200 
                0x20000be0                        . = (. + _Min_Stack_Size)
 *fill*         0x200007e0      0x400 
                0x20000be0                        . = ALIGN (0x8)

/DISCARD/
 libc.a(*)
 libm.a(*)
 libgcc.a(*)

.ARM.attributes
                0x00000000       0x36
 *(.ARM.attributes)
 .ARM.attributes
                0x00000000       0x26 C:/ST/STM32CubeIDE_1.15.1/STM32CubeIDE/plugins/com.st.stm32cube.ide.mcu.externaltools.gnu-tools-for-stm32.12.3.rel1.win32_1.0.100.202403111256/tools/bin/../lib/gcc/arm-none-eabi/12.3.1/thumb/v8-m.main+fp/hard/crti.o
 .ARM.attributes
                0x00000026       0x38 C:/ST/STM32CubeIDE_1.15.1/STM32CubeIDE/plugins/com.st.stm32cube.ide.mcu.externaltools.gnu-tools-for-stm32.12.3.rel1.win32_1.0.100.202403111256/tools/bin/../lib/gcc/arm-none-eabi/12.3.1/thumb/v8-m.main+fp/hard/crtbegin.o
 .ARM.attributes
                0x0000005e       0x3a Core\Src\adc.o
 .ARM.attributes
                0x00000098       0x3a Core\Src\arcade_controller.o
 .ARM.attributes
                0x000000d2       0x3a Core\Src\dma.o
 .ARM.attributes
                0x0000010c       0x3a Core\Src\gpio.o
 .ARM.attributes
                0x00000146       0x3a Core\Src\icache.o
 .ARM.attributes
                0x00000180       0x3a Core\Src\iwdg.o
 .ARM.attributes
                0x000001ba       0x3a Core\Src\main.o
 .ARM.attributes
                0x000001f4       0x3a Core\Src\motor_pwm_interface.o
 .ARM.attributes
                0x0000022e       0x3a Core\Src\rtc.o
 .ARM.attributes
                0x00000268       0x3a Core\Src\stm32l5xx_hal_msp.o
 .ARM.attributes
                0x000002a2       0x3a Core\Src\stm32l5xx_it.o
 .ARM.attributes
                0x000002dc       0x3a Core\Src\system_stm32l5xx.o
 .ARM.attributes
                0x00000316       0x3a Core\Src\tim.o
 .ARM.attributes
                0x00000350       0x3a Core\Src\uart_joy_input.o
 .ARM.attributes
                0x0000038a       0x3a Core\Src\ucpd.o
 .ARM.attributes
                0x000003c4       0x3a Core\Src\usart.o
 .ARM.attributes
                0x000003fe       0x3a Core\Src\usb.o
 .ARM.attributes
                0x00000438       0x24 Core\Startup\startup_stm32l552zetxq.o
 .ARM.attributes
                0x0000045c       0x3a Drivers\STM32L5xx_HAL_Driver\Src\stm32l5xx_hal.o
 .ARM.attributes
                0x00000496       0x3a Drivers\STM32L5xx_HAL_Driver\Src\stm32l5xx_hal_adc.o
 .ARM.attributes
                0x000004d0       0x3a Drivers\STM32L5xx_HAL_Driver\Src\stm32l5xx_hal_adc_ex.o
 .ARM.attributes
                0x0000050a       0x3a Drivers\STM32L5xx_HAL_Driver\Src\stm32l5xx_hal_cortex.o
 .ARM.attributes
                0x00000544       0x3a Drivers\STM32L5xx_HAL_Driver\Src\stm32l5xx_hal_dma.o
 .ARM.attributes
                0x0000057e       0x3a Drivers\STM32L5xx_HAL_Driver\Src\stm32l5xx_hal_gpio.o
 .ARM.attributes
                0x000005b8       0x3a Drivers\STM32L5xx_HAL_Driver\Src\stm32l5xx_hal_icache.o
 .ARM.attributes
                0x000005f2       0x3a Drivers\STM32L5xx_HAL_Driver\Src\stm32l5xx_hal_iwdg.o
 .ARM.attributes
                0x0000062c       0x3a Drivers\STM32L5xx_HAL_Driver\Src\stm32l5xx_hal_pcd.o
 .ARM.attributes
                0x00000666       0x3a Drivers\STM32L5xx_HAL_Driver\Src\stm32l5xx_hal_pcd_ex.o
 .ARM.attributes
                0x000006a0       0x3a Drivers\STM32L5xx_HAL_Driver\Src\stm32l5xx_hal_pwr.o
 .ARM.attributes
                0x000006da       0x3a Drivers\STM32L5xx_HAL_Driver\Src\stm32l5xx_hal_pwr_ex.o
 .ARM.attributes
                0x00000714       0x3a Drivers\STM32L5xx_HAL_Driver\Src\stm32l5xx_hal_rcc.o
 .ARM.attributes
                0x0000074e       0x3a Drivers\STM32L5xx_HAL_Driver\Src\stm32l5xx_hal_rcc_ex.o
 .ARM.attributes
                0x00000788       0x3a Drivers\STM32L5xx_HAL_Driver\Src\stm32l5xx_hal_rtc.o
 .ARM.attributes
                0x000007c2       0x3a Drivers\STM32L5xx_HAL_Driver\Src\stm32l5xx_hal_rtc_ex.o
 .ARM.attributes
                0x000007fc       0x3a Drivers\STM32L5xx_HAL_Driver\Src\stm32l5xx_hal_tim.o
 .ARM.attributes
                0x00000836       0x3a Drivers\STM32L5xx_HAL_Driver\Src\stm32l5xx_hal_tim_ex.o
 .ARM.attributes
                0x00000870       0x3a Drivers\STM32L5xx_HAL_Driver\Src\stm32l5xx_hal_uart.o
 .ARM.attributes
                0x000008aa       0x3a Drivers\STM32L5xx_HAL_Driver\Src\stm32l5xx_hal_uart_ex.o
 .ARM.attributes
                0x000008e4       0x3a Drivers\STM32L5xx_HAL_Driver\Src\stm32l5xx_ll_gpio.o
 .ARM.attributes
                0x0000091e       0x3a Drivers\STM32L5xx_HAL_Driver\Src\stm32l5xx_ll_usb.o
 .ARM.attributes
                0x00000958       0x38 C:/ST/STM32CubeIDE_1.15.1/STM32CubeIDE/plugins/com.st.stm32cube.ide.mcu.externaltools.gnu-tools-for-stm32.12.3.rel1.win32_1.0.100.202403111256/tools/bin/../lib/gcc/arm-none-eabi/12.3.1/../../../../arm-none-eabi/lib/thumb/v8-m.main+fp/hard\libc_nano.a(libc_a-memset.o)
 .ARM.attributes
                0x00000990       0x38 C:/ST/STM32CubeIDE_1.15.1/STM32CubeIDE/plugins/com.st.stm32cube.ide.mcu.externaltools.gnu-tools-for-stm32.12.3.rel1.win32_1.0.100.202403111256/tools/bin/../lib/gcc/arm-none-eabi/12.3.1/../../../../arm-none-eabi/lib/thumb/v8-m.main+fp/hard\libc_nano.a(libc_a-init.o)
 .ARM.attributes
                0x000009c8       0x26 C:/ST/STM32CubeIDE_1.15.1/STM32CubeIDE/plugins/com.st.stm32cube.ide.mcu.externaltools.gnu-tools-for-stm32.12.3.rel1.win32_1.0.100.202403111256/tools/bin/../lib/gcc/arm-none-eabi/12.3.1/thumb/v8-m.main+fp/hard\libgcc.a(_aeabi_uldivmod.o)
 .ARM.attributes
                0x000009ee       0x38 C:/ST/STM32CubeIDE_1.15.1/STM32CubeIDE/plugins/com.st.stm32cube.ide.mcu.externaltools.gnu-tools-for-stm32.12.3.rel1.win32_1.0.100.202403111256/tools/bin/../lib/gcc/arm-none-eabi/12.3.1/thumb/v8-m.main+fp/hard\libgcc.a(_udivmoddi4.o)
 .ARM.attributes
                0x00000a26       0x26 C:/ST/STM32CubeIDE_1.15.1/STM32CubeIDE/plugins/com.st.stm32cube.ide.mcu.externaltools.gnu-tools-for-stm32.12.3.rel1.win32_1.0.100.202403111256/tools/bin/../lib/gcc/arm-none-eabi/12.3.1/thumb/v8-m.main+fp/hard\libgcc.a(_dvmd_tls.o)
 .ARM.attributes
                0x00000a4c       0x26 C:/ST/STM32CubeIDE_1.15.1/STM32CubeIDE/plugins/com.st.stm32cube.ide.mcu.externaltools.gnu-tools-for-stm32.12.3.rel1.win32_1.0.100.202403111256/tools/bin/../lib/gcc/arm-none-eabi/12.3.1/thumb/v8-m.main+fp/hard/crtn.o
OUTPUT(DrivetrainController.elf elf32-littlearm)
LOAD linker stubs
LOAD C:/ST/STM32CubeIDE_1.15.1/STM32CubeIDE/plugins/com.st.stm32cube.ide.mcu.externaltools.gnu-tools-for-stm32.12.3.rel1.win32_1.0.100.202403111256/tools/bin/../lib/gcc/arm-none-eabi/12.3.1/../../../../arm-none-eabi/lib/thumb/v8-m.main+fp/hard\libc.a
LOAD C:/ST/STM32CubeIDE_1.15.1/STM32CubeIDE/plugins/com.st.stm32cube.ide.mcu.externaltools.gnu-tools-for-stm32.12.3.rel1.win32_1.0.100.202403111256/tools/bin/../lib/gcc/arm-none-eabi/12.3.1/../../../../arm-none-eabi/lib/thumb/v8-m.main+fp/hard\libm.a
LOAD C:/ST/STM32CubeIDE_1.15.1/STM32CubeIDE/plugins/com.st.stm32cube.ide.mcu.externaltools.gnu-tools-for-stm32.12.3.rel1.win32_1.0.100.202403111256/tools/bin/../lib/gcc/arm-none-eabi/12.3.1/thumb/v8-m.main+fp/hard\libgcc.a

.debug_info     0x00000000    0x24717
 .debug_info    0x00000000     0x1160 Core\Src\adc.o
 .debug_info    0x00001160      0x140 Core\Src\arcade_controller.o
 .debug_info    0x000012a0      0x6bf Core\Src\dma.o
 .debug_info    0x0000195f      0x5d6 Core\Src\gpio.o
 .debug_info    0x00001f35      0x14a Core\Src\icache.o
 .debug_info    0x0000207f      0x21e Core\Src\iwdg.o
 .debug_info    0x0000229d      0x659 Core\Src\main.o
 .debug_info    0x000028f6      0x981 Core\Src\motor_pwm_interface.o
 .debug_info    0x00003277      0x9b5 Core\Src\rtc.o
 .debug_info    0x00003c2c      0x3c8 Core\Src\stm32l5xx_hal_msp.o
 .debug_info    0x00003ff4      0xca5 Core\Src\stm32l5xx_it.o
 .debug_info    0x00004c99      0x7e2 Core\Src\system_stm32l5xx.o
 .debug_info    0x0000547b     0x1294 Core\Src\tim.o
 .debug_info    0x0000670f      0xa4e Core\Src\uart_joy_input.o
 .debug_info    0x0000715d      0x569 Core\Src\ucpd.o
 .debug_info    0x000076c6     0x13a9 Core\Src\usart.o
 .debug_info    0x00008a6f      0xcff Core\Src\usb.o
 .debug_info    0x0000976e       0x30 Core\Startup\startup_stm32l552zetxq.o
 .debug_info    0x0000979e      0xcf3 Drivers\STM32L5xx_HAL_Driver\Src\stm32l5xx_hal.o
 .debug_info    0x0000a491     0x1f20 Drivers\STM32L5xx_HAL_Driver\Src\stm32l5xx_hal_adc.o
 .debug_info    0x0000c3b1     0x1cbb Drivers\STM32L5xx_HAL_Driver\Src\stm32l5xx_hal_adc_ex.o
 .debug_info    0x0000e06c     0x1106 Drivers\STM32L5xx_HAL_Driver\Src\stm32l5xx_hal_cortex.o
 .debug_info    0x0000f172      0x920 Drivers\STM32L5xx_HAL_Driver\Src\stm32l5xx_hal_dma.o
 .debug_info    0x0000fa92      0x5d4 Drivers\STM32L5xx_HAL_Driver\Src\stm32l5xx_hal_gpio.o
 .debug_info    0x00010066      0x4c1 Drivers\STM32L5xx_HAL_Driver\Src\stm32l5xx_hal_icache.o
 .debug_info    0x00010527      0x1f7 Drivers\STM32L5xx_HAL_Driver\Src\stm32l5xx_hal_iwdg.o
 .debug_info    0x0001071e     0x161b Drivers\STM32L5xx_HAL_Driver\Src\stm32l5xx_hal_pcd.o
 .debug_info    0x00011d39      0x80a Drivers\STM32L5xx_HAL_Driver\Src\stm32l5xx_hal_pcd_ex.o
 .debug_info    0x00012543      0xcd2 Drivers\STM32L5xx_HAL_Driver\Src\stm32l5xx_hal_pwr.o
 .debug_info    0x00013215      0xd73 Drivers\STM32L5xx_HAL_Driver\Src\stm32l5xx_hal_pwr_ex.o
 .debug_info    0x00013f88      0xf75 Drivers\STM32L5xx_HAL_Driver\Src\stm32l5xx_hal_rcc.o
 .debug_info    0x00014efd     0x1134 Drivers\STM32L5xx_HAL_Driver\Src\stm32l5xx_hal_rcc_ex.o
 .debug_info    0x00016031      0xf0b Drivers\STM32L5xx_HAL_Driver\Src\stm32l5xx_hal_rtc.o
 .debug_info    0x00016f3c     0x19c9 Drivers\STM32L5xx_HAL_Driver\Src\stm32l5xx_hal_rtc_ex.o
 .debug_info    0x00018905     0x2bdb Drivers\STM32L5xx_HAL_Driver\Src\stm32l5xx_hal_tim.o
 .debug_info    0x0001b4e0     0x18b5 Drivers\STM32L5xx_HAL_Driver\Src\stm32l5xx_hal_tim_ex.o
 .debug_info    0x0001cd95     0x48fb Drivers\STM32L5xx_HAL_Driver\Src\stm32l5xx_hal_uart.o
 .debug_info    0x00021690      0xffd Drivers\STM32L5xx_HAL_Driver\Src\stm32l5xx_hal_uart_ex.o
 .debug_info    0x0002268d      0xa1f Drivers\STM32L5xx_HAL_Driver\Src\stm32l5xx_ll_gpio.o
 .debug_info    0x000230ac     0x166b Drivers\STM32L5xx_HAL_Driver\Src\stm32l5xx_ll_usb.o

.debug_abbrev   0x00000000     0x5211
 .debug_abbrev  0x00000000      0x211 Core\Src\adc.o
 .debug_abbrev  0x00000211       0xb3 Core\Src\arcade_controller.o
 .debug_abbrev  0x000002c4      0x131 Core\Src\dma.o
 .debug_abbrev  0x000003f5      0x189 Core\Src\gpio.o
 .debug_abbrev  0x0000057e       0xe0 Core\Src\icache.o
 .debug_abbrev  0x0000065e      0x163 Core\Src\iwdg.o
 .debug_abbrev  0x000007c1      0x218 Core\Src\main.o
 .debug_abbrev  0x000009d9      0x1ff Core\Src\motor_pwm_interface.o
 .debug_abbrev  0x00000bd8      0x1da Core\Src\rtc.o
 .debug_abbrev  0x00000db2       0xee Core\Src\stm32l5xx_hal_msp.o
 .debug_abbrev  0x00000ea0      0x1ab Core\Src\stm32l5xx_it.o
 .debug_abbrev  0x0000104b      0x12b Core\Src\system_stm32l5xx.o
 .debug_abbrev  0x00001176      0x24a Core\Src\tim.o
 .debug_abbrev  0x000013c0      0x1c8 Core\Src\uart_joy_input.o
 .debug_abbrev  0x00001588      0x1ba Core\Src\ucpd.o
 .debug_abbrev  0x00001742      0x277 Core\Src\usart.o
 .debug_abbrev  0x000019b9      0x235 Core\Src\usb.o
 .debug_abbrev  0x00001bee       0x24 Core\Startup\startup_stm32l552zetxq.o
 .debug_abbrev  0x00001c12      0x2cd Drivers\STM32L5xx_HAL_Driver\Src\stm32l5xx_hal.o
 .debug_abbrev  0x00001edf      0x2cc Drivers\STM32L5xx_HAL_Driver\Src\stm32l5xx_hal_adc.o
 .debug_abbrev  0x000021ab      0x2ef Drivers\STM32L5xx_HAL_Driver\Src\stm32l5xx_hal_adc_ex.o
 .debug_abbrev  0x0000249a      0x32c Drivers\STM32L5xx_HAL_Driver\Src\stm32l5xx_hal_cortex.o
 .debug_abbrev  0x000027c6      0x1f4 Drivers\STM32L5xx_HAL_Driver\Src\stm32l5xx_hal_dma.o
 .debug_abbrev  0x000029ba      0x1c2 Drivers\STM32L5xx_HAL_Driver\Src\stm32l5xx_hal_gpio.o
 .debug_abbrev  0x00002b7c      0x228 Drivers\STM32L5xx_HAL_Driver\Src\stm32l5xx_hal_icache.o
 .debug_abbrev  0x00002da4      0x14d Drivers\STM32L5xx_HAL_Driver\Src\stm32l5xx_hal_iwdg.o
 .debug_abbrev  0x00002ef1      0x2b9 Drivers\STM32L5xx_HAL_Driver\Src\stm32l5xx_hal_pcd.o
 .debug_abbrev  0x000031aa      0x228 Drivers\STM32L5xx_HAL_Driver\Src\stm32l5xx_hal_pcd_ex.o
 .debug_abbrev  0x000033d2      0x20a Drivers\STM32L5xx_HAL_Driver\Src\stm32l5xx_hal_pwr.o
 .debug_abbrev  0x000035dc      0x28c Drivers\STM32L5xx_HAL_Driver\Src\stm32l5xx_hal_pwr_ex.o
 .debug_abbrev  0x00003868      0x2fd Drivers\STM32L5xx_HAL_Driver\Src\stm32l5xx_hal_rcc.o
 .debug_abbrev  0x00003b65      0x2c8 Drivers\STM32L5xx_HAL_Driver\Src\stm32l5xx_hal_rcc_ex.o
 .debug_abbrev  0x00003e2d      0x212 Drivers\STM32L5xx_HAL_Driver\Src\stm32l5xx_hal_rtc.o
 .debug_abbrev  0x0000403f      0x232 Drivers\STM32L5xx_HAL_Driver\Src\stm32l5xx_hal_rtc_ex.o
 .debug_abbrev  0x00004271      0x277 Drivers\STM32L5xx_HAL_Driver\Src\stm32l5xx_hal_tim.o
 .debug_abbrev  0x000044e8      0x297 Drivers\STM32L5xx_HAL_Driver\Src\stm32l5xx_hal_tim_ex.o
 .debug_abbrev  0x0000477f      0x325 Drivers\STM32L5xx_HAL_Driver\Src\stm32l5xx_hal_uart.o
 .debug_abbrev  0x00004aa4      0x2d3 Drivers\STM32L5xx_HAL_Driver\Src\stm32l5xx_hal_uart_ex.o
 .debug_abbrev  0x00004d77      0x253 Drivers\STM32L5xx_HAL_Driver\Src\stm32l5xx_ll_gpio.o
 .debug_abbrev  0x00004fca      0x247 Drivers\STM32L5xx_HAL_Driver\Src\stm32l5xx_ll_usb.o

.debug_aranges  0x00000000     0x1dd8
 .debug_aranges
                0x00000000       0x30 Core\Src\adc.o
 .debug_aranges
                0x00000030       0x20 Core\Src\arcade_controller.o
 .debug_aranges
                0x00000050       0x20 Core\Src\dma.o
 .debug_aranges
                0x00000070       0x20 Core\Src\gpio.o
 .debug_aranges
                0x00000090       0x20 Core\Src\icache.o
 .debug_aranges
                0x000000b0       0x20 Core\Src\iwdg.o
 .debug_aranges
                0x000000d0       0x30 Core\Src\main.o
 .debug_aranges
                0x00000100       0x50 Core\Src\motor_pwm_interface.o
 .debug_aranges
                0x00000150       0x30 Core\Src\rtc.o
 .debug_aranges
                0x00000180       0x20 Core\Src\stm32l5xx_hal_msp.o
 .debug_aranges
                0x000001a0       0x80 Core\Src\stm32l5xx_it.o
 .debug_aranges
                0x00000220       0x28 Core\Src\system_stm32l5xx.o
 .debug_aranges
                0x00000248       0x40 Core\Src\tim.o
 .debug_aranges
                0x00000288       0x28 Core\Src\uart_joy_input.o
 .debug_aranges
                0x000002b0       0x30 Core\Src\ucpd.o
 .debug_aranges
                0x000002e0       0x38 Core\Src\usart.o
 .debug_aranges
                0x00000318       0x30 Core\Src\usb.o
 .debug_aranges
                0x00000348       0x28 Core\Startup\startup_stm32l552zetxq.o
 .debug_aranges
                0x00000370      0x130 Drivers\STM32L5xx_HAL_Driver\Src\stm32l5xx_hal.o
 .debug_aranges
                0x000004a0      0x228 Drivers\STM32L5xx_HAL_Driver\Src\stm32l5xx_hal_adc.o
 .debug_aranges
                0x000006c8      0x1b0 Drivers\STM32L5xx_HAL_Driver\Src\stm32l5xx_hal_adc_ex.o
 .debug_aranges
                0x00000878      0x140 Drivers\STM32L5xx_HAL_Driver\Src\stm32l5xx_hal_cortex.o
 .debug_aranges
                0x000009b8       0xa0 Drivers\STM32L5xx_HAL_Driver\Src\stm32l5xx_hal_dma.o
 .debug_aranges
                0x00000a58       0x60 Drivers\STM32L5xx_HAL_Driver\Src\stm32l5xx_hal_gpio.o
 .debug_aranges
                0x00000ab8       0xa8 Drivers\STM32L5xx_HAL_Driver\Src\stm32l5xx_hal_icache.o
 .debug_aranges
                0x00000b60       0x28 Drivers\STM32L5xx_HAL_Driver\Src\stm32l5xx_hal_iwdg.o
 .debug_aranges
                0x00000b88      0x138 Drivers\STM32L5xx_HAL_Driver\Src\stm32l5xx_hal_pcd.o
 .debug_aranges
                0x00000cc0       0x58 Drivers\STM32L5xx_HAL_Driver\Src\stm32l5xx_hal_pcd_ex.o
 .debug_aranges
                0x00000d18       0xa8 Drivers\STM32L5xx_HAL_Driver\Src\stm32l5xx_hal_pwr.o
 .debug_aranges
                0x00000dc0      0x1b8 Drivers\STM32L5xx_HAL_Driver\Src\stm32l5xx_hal_pwr_ex.o
 .debug_aranges
                0x00000f78       0xa8 Drivers\STM32L5xx_HAL_Driver\Src\stm32l5xx_hal_rcc.o
 .debug_aranges
                0x00001020      0x118 Drivers\STM32L5xx_HAL_Driver\Src\stm32l5xx_hal_rcc_ex.o
 .debug_aranges
                0x00001138       0xe8 Drivers\STM32L5xx_HAL_Driver\Src\stm32l5xx_hal_rtc.o
 .debug_aranges
                0x00001220      0x220 Drivers\STM32L5xx_HAL_Driver\Src\stm32l5xx_hal_rtc_ex.o
 .debug_aranges
                0x00001440      0x3e0 Drivers\STM32L5xx_HAL_Driver\Src\stm32l5xx_hal_tim.o
 .debug_aranges
                0x00001820      0x190 Drivers\STM32L5xx_HAL_Driver\Src\stm32l5xx_hal_tim_ex.o
 .debug_aranges
                0x000019b0      0x248 Drivers\STM32L5xx_HAL_Driver\Src\stm32l5xx_hal_uart.o
 .debug_aranges
                0x00001bf8       0xa8 Drivers\STM32L5xx_HAL_Driver\Src\stm32l5xx_hal_uart_ex.o
 .debug_aranges
                0x00001ca0       0x70 Drivers\STM32L5xx_HAL_Driver\Src\stm32l5xx_ll_gpio.o
 .debug_aranges
                0x00001d10       0xc8 Drivers\STM32L5xx_HAL_Driver\Src\stm32l5xx_ll_usb.o

.debug_rnglists
                0x00000000     0x16da
 .debug_rnglists
                0x00000000       0x21 Core\Src\adc.o
 .debug_rnglists
                0x00000021       0x14 Core\Src\arcade_controller.o
 .debug_rnglists
                0x00000035       0x13 Core\Src\dma.o
 .debug_rnglists
                0x00000048       0x14 Core\Src\gpio.o
 .debug_rnglists
                0x0000005c       0x13 Core\Src\icache.o
 .debug_rnglists
                0x0000006f       0x13 Core\Src\iwdg.o
 .debug_rnglists
                0x00000082       0x20 Core\Src\main.o
 .debug_rnglists
                0x000000a2       0x39 Core\Src\motor_pwm_interface.o
 .debug_rnglists
                0x000000db       0x20 Core\Src\rtc.o
 .debug_rnglists
                0x000000fb       0x13 Core\Src\stm32l5xx_hal_msp.o
 .debug_rnglists
                0x0000010e       0x5b Core\Src\stm32l5xx_it.o
 .debug_rnglists
                0x00000169       0x1a Core\Src\system_stm32l5xx.o
 .debug_rnglists
                0x00000183       0x2f Core\Src\tim.o
 .debug_rnglists
                0x000001b2       0x19 Core\Src\uart_joy_input.o
 .debug_rnglists
                0x000001cb       0x1f Core\Src\ucpd.o
 .debug_rnglists
                0x000001ea       0x28 Core\Src\usart.o
 .debug_rnglists
                0x00000212       0x20 Core\Src\usb.o
 .debug_rnglists
                0x00000232       0x19 Core\Startup\startup_stm32l552zetxq.o
 .debug_rnglists
                0x0000024b       0xdf Drivers\STM32L5xx_HAL_Driver\Src\stm32l5xx_hal.o
 .debug_rnglists
                0x0000032a      0x1a8 Drivers\STM32L5xx_HAL_Driver\Src\stm32l5xx_hal_adc.o
 .debug_rnglists
                0x000004d2      0x14e Drivers\STM32L5xx_HAL_Driver\Src\stm32l5xx_hal_adc_ex.o
 .debug_rnglists
                0x00000620       0xeb Drivers\STM32L5xx_HAL_Driver\Src\stm32l5xx_hal_cortex.o
 .debug_rnglists
                0x0000070b       0x7d Drivers\STM32L5xx_HAL_Driver\Src\stm32l5xx_hal_dma.o
 .debug_rnglists
                0x00000788       0x45 Drivers\STM32L5xx_HAL_Driver\Src\stm32l5xx_hal_gpio.o
 .debug_rnglists
                0x000007cd       0x7a Drivers\STM32L5xx_HAL_Driver\Src\stm32l5xx_hal_icache.o
 .debug_rnglists
                0x00000847       0x1a Drivers\STM32L5xx_HAL_Driver\Src\stm32l5xx_hal_iwdg.o
 .debug_rnglists
                0x00000861       0xee Drivers\STM32L5xx_HAL_Driver\Src\stm32l5xx_hal_pcd.o
 .debug_rnglists
                0x0000094f       0x3f Drivers\STM32L5xx_HAL_Driver\Src\stm32l5xx_hal_pcd_ex.o
 .debug_rnglists
                0x0000098e       0x7a Drivers\STM32L5xx_HAL_Driver\Src\stm32l5xx_hal_pwr.o
 .debug_rnglists
                0x00000a08      0x14e Drivers\STM32L5xx_HAL_Driver\Src\stm32l5xx_hal_pwr_ex.o
 .debug_rnglists
                0x00000b56       0x80 Drivers\STM32L5xx_HAL_Driver\Src\stm32l5xx_hal_rcc.o
 .debug_rnglists
                0x00000bd6       0xdd Drivers\STM32L5xx_HAL_Driver\Src\stm32l5xx_hal_rcc_ex.o
 .debug_rnglists
                0x00000cb3       0xb3 Drivers\STM32L5xx_HAL_Driver\Src\stm32l5xx_hal_rtc.o
 .debug_rnglists
                0x00000d66      0x1a2 Drivers\STM32L5xx_HAL_Driver\Src\stm32l5xx_hal_rtc_ex.o
 .debug_rnglists
                0x00000f08      0x328 Drivers\STM32L5xx_HAL_Driver\Src\stm32l5xx_hal_tim.o
 .debug_rnglists
                0x00001230      0x147 Drivers\STM32L5xx_HAL_Driver\Src\stm32l5xx_hal_tim_ex.o
 .debug_rnglists
                0x00001377      0x1fa Drivers\STM32L5xx_HAL_Driver\Src\stm32l5xx_hal_uart.o
 .debug_rnglists
                0x00001571       0x7f Drivers\STM32L5xx_HAL_Driver\Src\stm32l5xx_hal_uart_ex.o
 .debug_rnglists
                0x000015f0       0x51 Drivers\STM32L5xx_HAL_Driver\Src\stm32l5xx_ll_gpio.o
 .debug_rnglists
                0x00001641       0x99 Drivers\STM32L5xx_HAL_Driver\Src\stm32l5xx_ll_usb.o

.debug_macro    0x00000000    0x32d8d
 .debug_macro   0x00000000      0x3d7 Core\Src\adc.o
 .debug_macro   0x000003d7      0xac0 Core\Src\adc.o
 .debug_macro   0x00000e97      0x1ae Core\Src\adc.o
 .debug_macro   0x00001045       0x2e Core\Src\adc.o
 .debug_macro   0x00001073       0x42 Core\Src\adc.o
 .debug_macro   0x000010b5       0x22 Core\Src\adc.o
 .debug_macro   0x000010d7       0x8e Core\Src\adc.o
 .debug_macro   0x00001165       0x51 Core\Src\adc.o
 .debug_macro   0x000011b6      0x103 Core\Src\adc.o
 .debug_macro   0x000012b9       0x6a Core\Src\adc.o
 .debug_macro   0x00001323      0x1df Core\Src\adc.o
 .debug_macro   0x00001502       0x1c Core\Src\adc.o
 .debug_macro   0x0000151e       0x29 Core\Src\adc.o
 .debug_macro   0x00001547       0xfb Core\Src\adc.o
 .debug_macro   0x00001642     0x1336 Core\Src\adc.o
 .debug_macro   0x00002978       0x5e Core\Src\adc.o
 .debug_macro   0x000029d6    0x1aca2 Core\Src\adc.o
 .debug_macro   0x0001d678       0x6c Core\Src\adc.o
 .debug_macro   0x0001d6e4     0x353c Core\Src\adc.o
 .debug_macro   0x00020c20      0x189 Core\Src\adc.o
 .debug_macro   0x00020da9       0x5d Core\Src\adc.o
 .debug_macro   0x00020e06     0x1987 Core\Src\adc.o
 .debug_macro   0x0002278d      0xa52 Core\Src\adc.o
 .debug_macro   0x000231df      0x1cf Core\Src\adc.o
 .debug_macro   0x000233ae      0x1d8 Core\Src\adc.o
 .debug_macro   0x00023586      0x4e1 Core\Src\adc.o
 .debug_macro   0x00023a67      0x1ab Core\Src\adc.o
 .debug_macro   0x00023c12       0x4a Core\Src\adc.o
 .debug_macro   0x00023c5c      0x1b9 Core\Src\adc.o
 .debug_macro   0x00023e15      0xecd Core\Src\adc.o
 .debug_macro   0x00024ce2      0x608 Core\Src\adc.o
 .debug_macro   0x000252ea      0x2e9 Core\Src\adc.o
 .debug_macro   0x000255d3      0x230 Core\Src\adc.o
 .debug_macro   0x00025803      0x3bb Core\Src\adc.o
 .debug_macro   0x00025bbe       0x36 Core\Src\adc.o
 .debug_macro   0x00025bf4      0x11c Core\Src\adc.o
 .debug_macro   0x00025d10      0x22c Core\Src\adc.o
 .debug_macro   0x00025f3c       0x5b Core\Src\adc.o
 .debug_macro   0x00025f97       0xa5 Core\Src\adc.o
 .debug_macro   0x0002603c       0xc9 Core\Src\adc.o
 .debug_macro   0x00026105       0x85 Core\Src\adc.o
 .debug_macro   0x0002618a       0x73 Core\Src\adc.o
 .debug_macro   0x000261fd      0x22d Core\Src\adc.o
 .debug_macro   0x0002642a      0x199 Core\Src\adc.o
 .debug_macro   0x000265c3      0x487 Core\Src\adc.o
 .debug_macro   0x00026a4a      0x31a Core\Src\adc.o
 .debug_macro   0x00026d64      0x748 Core\Src\adc.o
 .debug_macro   0x000274ac       0xeb Core\Src\adc.o
 .debug_macro   0x00027597      0xabb Core\Src\adc.o
 .debug_macro   0x00028052      0x184 Core\Src\adc.o
 .debug_macro   0x000281d6      0x693 Core\Src\adc.o
 .debug_macro   0x00028869       0xa6 Core\Src\adc.o
 .debug_macro   0x0002890f      0x3f1 Core\Src\adc.o
 .debug_macro   0x00028d00      0x2b6 Core\Src\adc.o
 .debug_macro   0x00028fb6      0x1e2 Core\Src\adc.o
 .debug_macro   0x00029198      0x15a Core\Src\adc.o
 .debug_macro   0x000292f2      0xbd0 Core\Src\adc.o
 .debug_macro   0x00029ec2      0x398 Core\Src\adc.o
 .debug_macro   0x0002a25a       0xae Core\Src\adc.o
 .debug_macro   0x0002a308      0x21d Core\Src\adc.o
 .debug_macro   0x0002a525      0x165 Core\Src\adc.o
 .debug_macro   0x0002a68a      0x5bf Core\Src\adc.o
 .debug_macro   0x0002ac49      0x314 Core\Src\adc.o
 .debug_macro   0x0002af5d      0x215 Core\Src\adc.o
 .debug_macro   0x0002b172       0x16 Core\Src\adc.o
 .debug_macro   0x0002b188       0x10 Core\Src\adc.o
 .debug_macro   0x0002b198       0x10 Core\Src\adc.o
 .debug_macro   0x0002b1a8       0x2a Core\Src\adc.o
 .debug_macro   0x0002b1d2       0x61 Core\Src\adc.o
 .debug_macro   0x0002b233       0x43 Core\Src\adc.o
 .debug_macro   0x0002b276       0x34 Core\Src\adc.o
 .debug_macro   0x0002b2aa       0x16 Core\Src\adc.o
 .debug_macro   0x0002b2c0       0x35 Core\Src\adc.o
 .debug_macro   0x0002b2f5       0x16 Core\Src\adc.o
 .debug_macro   0x0002b30b       0x43 Core\Src\adc.o
 .debug_macro   0x0002b34e       0x34 Core\Src\adc.o
 .debug_macro   0x0002b382       0x10 Core\Src\adc.o
 .debug_macro   0x0002b392       0x58 Core\Src\adc.o
 .debug_macro   0x0002b3ea       0x8e Core\Src\adc.o
 .debug_macro   0x0002b478       0x1c Core\Src\adc.o
 .debug_macro   0x0002b494      0x177 Core\Src\adc.o
 .debug_macro   0x0002b60b      0x369 Core\Src\adc.o
 .debug_macro   0x0002b974       0x16 Core\Src\adc.o
 .debug_macro   0x0002b98a       0x29 Core\Src\adc.o
 .debug_macro   0x0002b9b3       0x70 Core\Src\adc.o
 .debug_macro   0x0002ba23      0x3d7 Core\Src\arcade_controller.o
 .debug_macro   0x0002bdfa      0x3d7 Core\Src\dma.o
 .debug_macro   0x0002c1d1      0x3d7 Core\Src\gpio.o
 .debug_macro   0x0002c5a8      0x3d7 Core\Src\icache.o
 .debug_macro   0x0002c97f      0x3d7 Core\Src\iwdg.o
 .debug_macro   0x0002cd56      0x431 Core\Src\main.o
 .debug_macro   0x0002d187      0x3d8 Core\Src\motor_pwm_interface.o
 .debug_macro   0x0002d55f      0x3d7 Core\Src\rtc.o
 .debug_macro   0x0002d936      0x3cd Core\Src\stm32l5xx_hal_msp.o
 .debug_macro   0x0002dd03      0x3d7 Core\Src\stm32l5xx_it.o
 .debug_macro   0x0002e0da      0x25a Core\Src\system_stm32l5xx.o
 .debug_macro   0x0002e334      0x3d7 Core\Src\tim.o
 .debug_macro   0x0002e70b      0x3d8 Core\Src\uart_joy_input.o
 .debug_macro   0x0002eae3      0x3d7 Core\Src\ucpd.o
 .debug_macro   0x0002eeba      0x3d7 Core\Src\usart.o
 .debug_macro   0x0002f291      0x3d7 Core\Src\usb.o
 .debug_macro   0x0002f668      0x28a Drivers\STM32L5xx_HAL_Driver\Src\stm32l5xx_hal.o
 .debug_macro   0x0002f8f2      0x277 Drivers\STM32L5xx_HAL_Driver\Src\stm32l5xx_hal_adc.o
 .debug_macro   0x0002fb69      0x266 Drivers\STM32L5xx_HAL_Driver\Src\stm32l5xx_hal_adc_ex.o
 .debug_macro   0x0002fdcf      0x25a Drivers\STM32L5xx_HAL_Driver\Src\stm32l5xx_hal_cortex.o
 .debug_macro   0x00030029      0x25a Drivers\STM32L5xx_HAL_Driver\Src\stm32l5xx_hal_dma.o
 .debug_macro   0x00030283      0x260 Drivers\STM32L5xx_HAL_Driver\Src\stm32l5xx_hal_gpio.o
 .debug_macro   0x000304e3      0x28c Drivers\STM32L5xx_HAL_Driver\Src\stm32l5xx_hal_icache.o
 .debug_macro   0x0003076f      0x268 Drivers\STM32L5xx_HAL_Driver\Src\stm32l5xx_hal_iwdg.o
 .debug_macro   0x000309d7      0x266 Drivers\STM32L5xx_HAL_Driver\Src\stm32l5xx_hal_pcd.o
 .debug_macro   0x00030c3d      0x25a Drivers\STM32L5xx_HAL_Driver\Src\stm32l5xx_hal_pcd_ex.o
 .debug_macro   0x00030e97      0x272 Drivers\STM32L5xx_HAL_Driver\Src\stm32l5xx_hal_pwr.o
 .debug_macro   0x00031109      0x28a Drivers\STM32L5xx_HAL_Driver\Src\stm32l5xx_hal_pwr_ex.o
 .debug_macro   0x00031393      0x284 Drivers\STM32L5xx_HAL_Driver\Src\stm32l5xx_hal_rcc.o
 .debug_macro   0x00031617      0x2c0 Drivers\STM32L5xx_HAL_Driver\Src\stm32l5xx_hal_rcc_ex.o
 .debug_macro   0x000318d7      0x25b Drivers\STM32L5xx_HAL_Driver\Src\stm32l5xx_hal_rtc.o
 .debug_macro   0x00031b32      0x260 Drivers\STM32L5xx_HAL_Driver\Src\stm32l5xx_hal_rtc_ex.o
 .debug_macro   0x00031d92      0x25b Drivers\STM32L5xx_HAL_Driver\Src\stm32l5xx_hal_tim.o
 .debug_macro   0x00031fed      0x260 Drivers\STM32L5xx_HAL_Driver\Src\stm32l5xx_hal_tim_ex.o
 .debug_macro   0x0003224d      0x285 Drivers\STM32L5xx_HAL_Driver\Src\stm32l5xx_hal_uart.o
 .debug_macro   0x000324d2      0x266 Drivers\STM32L5xx_HAL_Driver\Src\stm32l5xx_hal_uart_ex.o
 .debug_macro   0x00032738      0x29c Drivers\STM32L5xx_HAL_Driver\Src\stm32l5xx_ll_gpio.o
 .debug_macro   0x000329d4      0x15f Drivers\STM32L5xx_HAL_Driver\Src\stm32l5xx_ll_gpio.o
 .debug_macro   0x00032b33      0x25a Drivers\STM32L5xx_HAL_Driver\Src\stm32l5xx_ll_usb.o

.debug_line     0x00000000    0x2aadd
 .debug_line    0x00000000      0xbef Core\Src\adc.o
 .debug_line    0x00000bef      0xb5a Core\Src\arcade_controller.o
 .debug_line    0x00001749      0xb39 Core\Src\dma.o
 .debug_line    0x00002282      0xb75 Core\Src\gpio.o
 .debug_line    0x00002df7      0xb4d Core\Src\icache.o
 .debug_line    0x00003944      0xb4a Core\Src\iwdg.o
 .debug_line    0x0000448e      0xc39 Core\Src\main.o
 .debug_line    0x000050c7      0xc87 Core\Src\motor_pwm_interface.o
 .debug_line    0x00005d4e      0xbbb Core\Src\rtc.o
 .debug_line    0x00006909      0xb3c Core\Src\stm32l5xx_hal_msp.o
 .debug_line    0x00007445      0xc5f Core\Src\stm32l5xx_it.o
 .debug_line    0x000080a4      0x927 Core\Src\system_stm32l5xx.o
 .debug_line    0x000089cb      0xcd8 Core\Src\tim.o
 .debug_line    0x000096a3      0xb83 Core\Src\uart_joy_input.o
 .debug_line    0x0000a226      0xb99 Core\Src\ucpd.o
 .debug_line    0x0000adbf      0xcac Core\Src\usart.o
 .debug_line    0x0000ba6b      0xbb4 Core\Src\usb.o
 .debug_line    0x0000c61f       0x79 Core\Startup\startup_stm32l552zetxq.o
 .debug_line    0x0000c698      0xc9d Drivers\STM32L5xx_HAL_Driver\Src\stm32l5xx_hal.o
 .debug_line    0x0000d335     0x208d Drivers\STM32L5xx_HAL_Driver\Src\stm32l5xx_hal_adc.o
 .debug_line    0x0000f3c2     0x1acd Drivers\STM32L5xx_HAL_Driver\Src\stm32l5xx_hal_adc_ex.o
 .debug_line    0x00010e8f      0xee9 Drivers\STM32L5xx_HAL_Driver\Src\stm32l5xx_hal_cortex.o
 .debug_line    0x00011d78     0x1130 Drivers\STM32L5xx_HAL_Driver\Src\stm32l5xx_hal_dma.o
 .debug_line    0x00012ea8      0xcfa Drivers\STM32L5xx_HAL_Driver\Src\stm32l5xx_hal_gpio.o
 .debug_line    0x00013ba2      0xb72 Drivers\STM32L5xx_HAL_Driver\Src\stm32l5xx_hal_icache.o
 .debug_line    0x00014714      0x918 Drivers\STM32L5xx_HAL_Driver\Src\stm32l5xx_hal_iwdg.o
 .debug_line    0x0001502c     0x14eb Drivers\STM32L5xx_HAL_Driver\Src\stm32l5xx_hal_pcd.o
 .debug_line    0x00016517      0xa26 Drivers\STM32L5xx_HAL_Driver\Src\stm32l5xx_hal_pcd_ex.o
 .debug_line    0x00016f3d      0xac0 Drivers\STM32L5xx_HAL_Driver\Src\stm32l5xx_hal_pwr.o
 .debug_line    0x000179fd     0x104b Drivers\STM32L5xx_HAL_Driver\Src\stm32l5xx_hal_pwr_ex.o
 .debug_line    0x00018a48     0x13dc Drivers\STM32L5xx_HAL_Driver\Src\stm32l5xx_hal_rcc.o
 .debug_line    0x00019e24     0x1d2b Drivers\STM32L5xx_HAL_Driver\Src\stm32l5xx_hal_rcc_ex.o
 .debug_line    0x0001bb4f     0x106d Drivers\STM32L5xx_HAL_Driver\Src\stm32l5xx_hal_rtc.o
 .debug_line    0x0001cbbc     0x17ef Drivers\STM32L5xx_HAL_Driver\Src\stm32l5xx_hal_rtc_ex.o
 .debug_line    0x0001e3ab     0x3f8e Drivers\STM32L5xx_HAL_Driver\Src\stm32l5xx_hal_tim.o
 .debug_line    0x00022339     0x1e6d Drivers\STM32L5xx_HAL_Driver\Src\stm32l5xx_hal_tim_ex.o
 .debug_line    0x000241a6     0x3d2f Drivers\STM32L5xx_HAL_Driver\Src\stm32l5xx_hal_uart.o
 .debug_line    0x00027ed5      0xedb Drivers\STM32L5xx_HAL_Driver\Src\stm32l5xx_hal_uart_ex.o
 .debug_line    0x00028db0      0xbb7 Drivers\STM32L5xx_HAL_Driver\Src\stm32l5xx_ll_gpio.o
 .debug_line    0x00029967     0x1176 Drivers\STM32L5xx_HAL_Driver\Src\stm32l5xx_ll_usb.o

.debug_str      0x00000000   0x13670f
 .debug_str     0x00000000   0x12d156 Core\Src\adc.o
                             0x12efea (size before relaxing)
 .debug_str     0x0012d156       0xdd Core\Src\arcade_controller.o
                             0x12e467 (size before relaxing)
 .debug_str     0x0012d233      0x62d Core\Src\dma.o
                             0x12ebab (size before relaxing)
 .debug_str     0x0012d860       0x68 Core\Src\gpio.o
                             0x12e677 (size before relaxing)
 .debug_str     0x0012d8c8       0x67 Core\Src\icache.o
                             0x12e444 (size before relaxing)
 .debug_str     0x0012d92f       0x7d Core\Src\iwdg.o
                             0x12e479 (size before relaxing)
 .debug_str     0x0012d9ac      0x2a7 Core\Src\main.o
                             0x12e8e3 (size before relaxing)
 .debug_str     0x0012dc53      0x3af Core\Src\motor_pwm_interface.o
                             0x12eb7d (size before relaxing)
 .debug_str     0x0012e002      0x26b Core\Src\rtc.o
                             0x12eb73 (size before relaxing)
 .debug_str     0x0012e26d       0x2c Core\Src\stm32l5xx_hal_msp.o
                             0x12e58c (size before relaxing)
 .debug_str     0x0012e299      0x391 Core\Src\stm32l5xx_it.o
                             0x12edae (size before relaxing)
 .debug_str     0x0012e62a      0x17d Core\Src\system_stm32l5xx.o
                             0x119d84 (size before relaxing)
 .debug_str     0x0012e7a7      0x1ed Core\Src\tim.o
                             0x12f4d5 (size before relaxing)
 .debug_str     0x0012e994       0xbb Core\Src\uart_joy_input.o
                             0x12eab9 (size before relaxing)
 .debug_str     0x0012ea4f       0x7a Core\Src\ucpd.o
                             0x12e672 (size before relaxing)
 .debug_str     0x0012eac9       0xed Core\Src\usart.o
                             0x12f637 (size before relaxing)
 .debug_str     0x0012ebb6      0x31f Core\Src\usb.o
                             0x12ece6 (size before relaxing)
 .debug_str     0x0012eed5       0x45 Core\Startup\startup_stm32l552zetxq.o
                                 0x73 (size before relaxing)
 .debug_str     0x0012ef1a      0x5af Drivers\STM32L5xx_HAL_Driver\Src\stm32l5xx_hal.o
                             0x11a8fb (size before relaxing)
 .debug_str     0x0012f4c9      0xa98 Drivers\STM32L5xx_HAL_Driver\Src\stm32l5xx_hal_adc.o
                             0x11ac1f (size before relaxing)
 .debug_str     0x0012ff61      0x665 Drivers\STM32L5xx_HAL_Driver\Src\stm32l5xx_hal_adc_ex.o
                             0x11abda (size before relaxing)
 .debug_str     0x001305c6      0x3c5 Drivers\STM32L5xx_HAL_Driver\Src\stm32l5xx_hal_cortex.o
                             0x11a73a (size before relaxing)
 .debug_str     0x0013098b      0x2c6 Drivers\STM32L5xx_HAL_Driver\Src\stm32l5xx_hal_dma.o
                             0x11a0f6 (size before relaxing)
 .debug_str     0x00130c51      0x190 Drivers\STM32L5xx_HAL_Driver\Src\stm32l5xx_hal_gpio.o
                             0x119d0d (size before relaxing)
 .debug_str     0x00130de1      0x673 Drivers\STM32L5xx_HAL_Driver\Src\stm32l5xx_hal_icache.o
                             0x11a160 (size before relaxing)
 .debug_str     0x00131454       0xba Drivers\STM32L5xx_HAL_Driver\Src\stm32l5xx_hal_iwdg.o
                             0x119bb2 (size before relaxing)
 .debug_str     0x0013150e      0x563 Drivers\STM32L5xx_HAL_Driver\Src\stm32l5xx_hal_pcd.o
                             0x11a3e4 (size before relaxing)
 .debug_str     0x00131a71      0x186 Drivers\STM32L5xx_HAL_Driver\Src\stm32l5xx_hal_pcd_ex.o
                             0x11a020 (size before relaxing)
 .debug_str     0x00131bf7      0x38b Drivers\STM32L5xx_HAL_Driver\Src\stm32l5xx_hal_pwr.o
                             0x11a192 (size before relaxing)
 .debug_str     0x00131f82      0x618 Drivers\STM32L5xx_HAL_Driver\Src\stm32l5xx_hal_pwr_ex.o
                             0x11a4e9 (size before relaxing)
 .debug_str     0x0013259a      0x3e3 Drivers\STM32L5xx_HAL_Driver\Src\stm32l5xx_hal_rcc.o
                             0x11a39e (size before relaxing)
 .debug_str     0x0013297d      0x799 Drivers\STM32L5xx_HAL_Driver\Src\stm32l5xx_hal_rcc_ex.o
                             0x11a8f4 (size before relaxing)
 .debug_str     0x00133116      0x445 Drivers\STM32L5xx_HAL_Driver\Src\stm32l5xx_hal_rtc.o
                             0x11a1bc (size before relaxing)
 .debug_str     0x0013355b      0xae6 Drivers\STM32L5xx_HAL_Driver\Src\stm32l5xx_hal_rtc_ex.o
                             0x11ab10 (size before relaxing)
 .debug_str     0x00134041      0xdab Drivers\STM32L5xx_HAL_Driver\Src\stm32l5xx_hal_tim.o
                             0x11b0e2 (size before relaxing)
 .debug_str     0x00134dec      0x643 Drivers\STM32L5xx_HAL_Driver\Src\stm32l5xx_hal_tim_ex.o
                             0x11aa7b (size before relaxing)
 .debug_str     0x0013542f      0x951 Drivers\STM32L5xx_HAL_Driver\Src\stm32l5xx_hal_uart.o
                             0x11acc4 (size before relaxing)
 .debug_str     0x00135d80      0x264 Drivers\STM32L5xx_HAL_Driver\Src\stm32l5xx_hal_uart_ex.o
                             0x11a452 (size before relaxing)
 .debug_str     0x00135fe4      0x658 Drivers\STM32L5xx_HAL_Driver\Src\stm32l5xx_ll_gpio.o
                             0x11b7ec (size before relaxing)
 .debug_str     0x0013663c       0xd3 Drivers\STM32L5xx_HAL_Driver\Src\stm32l5xx_ll_usb.o
                             0x119f21 (size before relaxing)

.comment        0x00000000       0x43
 .comment       0x00000000       0x43 Core\Src\adc.o
                                 0x44 (size before relaxing)
 .comment       0x00000043       0x44 Core\Src\arcade_controller.o
 .comment       0x00000043       0x44 Core\Src\dma.o
 .comment       0x00000043       0x44 Core\Src\gpio.o
 .comment       0x00000043       0x44 Core\Src\icache.o
 .comment       0x00000043       0x44 Core\Src\iwdg.o
 .comment       0x00000043       0x44 Core\Src\main.o
 .comment       0x00000043       0x44 Core\Src\motor_pwm_interface.o
 .comment       0x00000043       0x44 Core\Src\rtc.o
 .comment       0x00000043       0x44 Core\Src\stm32l5xx_hal_msp.o
 .comment       0x00000043       0x44 Core\Src\stm32l5xx_it.o
 .comment       0x00000043       0x44 Core\Src\system_stm32l5xx.o
 .comment       0x00000043       0x44 Core\Src\tim.o
 .comment       0x00000043       0x44 Core\Src\uart_joy_input.o
 .comment       0x00000043       0x44 Core\Src\ucpd.o
 .comment       0x00000043       0x44 Core\Src\usart.o
 .comment       0x00000043       0x44 Core\Src\usb.o